--------- beginning of main
07-19 18:30:20.389 30709 31356 D PumpMonitor: 檢查 [18:30:20]
07-19 18:30:20.390 30709 30709 D PumpMonitor: 排程檢查: 120 秒後
07-19 18:30:20.390 30709 30709 D PumpMonitor: 服務啟動（action=com.pumpmonitor.CHECK）
07-19 18:30:25.175 30709 10568 D PumpMonitor: AndroidHttp.fetch: https://heovcenter.gov.taipei/cia/WebLayout/GetLastestAutoPumpPGInfo
07-19 18:30:25.221 30709 30709 D PumpMonitor: 服務啟動（action=com.pumpmonitor.DISMISS_ALARM）
07-19 18:30:25.398 30709 10568 D PumpMonitor: HTTP 狀態碼: 200
07-19 18:30:25.559 30709 10568 D PumpMonitor: AndroidHttp.fetch: https://heovcenter2.gov.taipei/cia/WebLayout/GetLastestAutoPumpPGInfo
07-19 18:30:25.662 30709 10568 D PumpMonitor: HTTP 狀態碼: 200
07-19 18:30:25.710 30709 10568 D PumpMonitor: AndroidHttp.fetchPost: https://heovcenter.gov.taipei/cia/WebLayout/GetAutoPumpWaterMins
07-19 18:30:25.787 30709 10568 D PumpMonitor: HTTP POST 狀態碼: 200
07-19 18:30:25.788 30709 10568 D PumpMonitor: AndroidHttp.fetchPost: https://heovcenter2.gov.taipei/cia/WebLayout/GetAutoPumpWaterMins
07-19 18:30:25.879 30709 10568 D PumpMonitor: HTTP POST 狀態碼: 200
07-19 18:30:25.880 30709 10568 D PumpMonitor: AndroidHttp.fetchPost: https://heovcenter.gov.taipei/cia/WebLayout/GetAutoPumpWaterMins
07-19 18:30:25.945 30709 10568 D PumpMonitor: HTTP POST 狀態碼: 200
07-19 18:30:25.946 30709 10568 D PumpMonitor: AndroidHttp.fetchPost: https://heovcenter2.gov.taipei/cia/WebLayout/GetAutoPumpWaterMins
07-19 18:30:26.009 30709 10568 D PumpMonitor: HTTP POST 狀態碼: 200
07-19 18:30:26.010 30709 10568 D PumpMonitor: AndroidHttp.fetchPost: https://heovcenter.gov.taipei/cia/WebLayout/GetAutoPumpWaterMins
07-19 18:30:26.087 30709 10568 D PumpMonitor: HTTP POST 狀態碼: 200
07-19 18:30:26.088 30709 10568 D PumpMonitor: AndroidHttp.fetchPost: https://heovcenter2.gov.taipei/cia/WebLayout/GetAutoPumpWaterMins
07-19 18:30:26.158 30709 10568 D PumpMonitor: HTTP POST 狀態碼: 200
07-19 18:30:26.177 30709 10568 D PumpMonitor: AndroidHttp.fetch: https://heovcenter.gov.taipei/cia/WebLayout/GetLastestAutoPumpPGInfo
07-19 18:30:26.286 30709 10568 D PumpMonitor: HTTP 狀態碼: 200
07-19 18:30:26.312 30709 10568 D PumpMonitor: AndroidHttp.fetch: https://heovcenter2.gov.taipei/cia/WebLayout/GetLastestAutoPumpPGInfo
07-19 18:30:26.394 30709 10568 D PumpMonitor: HTTP 狀態碼: 200
07-19 18:30:26.467 30709 10568 D PumpMonitor: AndroidHttp.fetch: https://heovcenter.gov.taipei/cia/WebLayout/GetLastestAutoPumpPGInfo
07-19 18:30:26.553 30709 10568 D PumpMonitor: HTTP 狀態碼: 200
07-19 18:30:26.577 30709 10568 D PumpMonitor: AndroidHttp.fetch: https://heovcenter2.gov.taipei/cia/WebLayout/GetLastestAutoPumpPGInfo
07-19 18:30:26.664 30709 10568 D PumpMonitor: HTTP 狀態碼: 200
07-19 18:30:43.091 30709 10568 D PumpMonitor: AndroidHttp.fetch: https://heovcenter.gov.taipei/cia/WebLayout/GetLastestAutoPumpPGInfo
07-19 18:30:43.526 30709 10568 D PumpMonitor: HTTP 狀態碼: 200
07-19 18:30:43.633 30709 10568 D PumpMonitor: AndroidHttp.fetch: https://heovcenter2.gov.taipei/cia/WebLayout/GetLastestAutoPumpPGInfo
07-19 18:30:43.723 30709 10568 D PumpMonitor: HTTP 狀態碼: 200
07-19 18:30:44.766 30709 10568 D PumpMonitor: AndroidHttp.fetch: https://heovcenter.gov.taipei/cia/WebLayout/GetLastestAutoPumpPGInfo
07-19 18:30:44.871 30709 10568 D PumpMonitor: HTTP 狀態碼: 200
07-19 18:30:44.905 30709 10568 D PumpMonitor: AndroidHttp.fetch: https://heovcenter2.gov.taipei/cia/WebLayout/GetLastestAutoPumpPGInfo
07-19 18:30:45.010 30709 10568 D PumpMonitor: HTTP 狀態碼: 200
07-19 18:32:10.167 30709 30709 D PumpMonitor: 服務啟動（action=com.pumpmonitor.DISMISS_ALARM）
07-19 18:32:10.168 30709 10568 D PumpMonitor: AndroidHttp.fetch: https://heovcenter.gov.taipei/cia/WebLayout/GetLastestAutoPumpPGInfo
07-19 18:32:10.311 30709 10568 D PumpMonitor: HTTP 狀態碼: 200
07-19 18:32:10.451 30709 10568 D PumpMonitor: AndroidHttp.fetch: https://heovcenter2.gov.taipei/cia/WebLayout/GetLastestAutoPumpPGInfo
07-19 18:32:10.563 30709 10568 D PumpMonitor: HTTP 狀態碼: 200
07-19 18:32:10.646 30709 10568 D PumpMonitor: AndroidHttp.fetchPost: https://heovcenter.gov.taipei/cia/WebLayout/GetAutoPumpWaterMins
07-19 18:32:10.743 30709 10568 D PumpMonitor: HTTP POST 狀態碼: 200
07-19 18:32:10.743 30709 10568 D PumpMonitor: AndroidHttp.fetchPost: https://heovcenter2.gov.taipei/cia/WebLayout/GetAutoPumpWaterMins
07-19 18:32:10.822 30709 10568 D PumpMonitor: HTTP POST 狀態碼: 200
07-19 18:32:10.823 30709 10568 D PumpMonitor: AndroidHttp.fetchPost: https://heovcenter.gov.taipei/cia/WebLayout/GetAutoPumpWaterMins
07-19 18:32:10.914 30709 10568 D PumpMonitor: HTTP POST 狀態碼: 200
07-19 18:32:10.915 30709 10568 D PumpMonitor: AndroidHttp.fetchPost: https://heovcenter2.gov.taipei/cia/WebLayout/GetAutoPumpWaterMins
07-19 18:32:10.992 30709 10568 D PumpMonitor: HTTP POST 狀態碼: 200
07-19 18:32:10.993 30709 10568 D PumpMonitor: AndroidHttp.fetchPost: https://heovcenter.gov.taipei/cia/WebLayout/GetAutoPumpWaterMins
07-19 18:32:11.149 30709 10568 D PumpMonitor: HTTP POST 狀態碼: 200
07-19 18:32:11.152 30709 10568 D PumpMonitor: AndroidHttp.fetchPost: https://heovcenter2.gov.taipei/cia/WebLayout/GetAutoPumpWaterMins
07-19 18:32:11.387 30709 10568 D PumpMonitor: HTTP POST 狀態碼: 200
07-19 18:32:11.430 30709 10568 D PumpMonitor: AndroidHttp.fetch: https://heovcenter.gov.taipei/cia/WebLayout/GetLastestAutoPumpPGInfo
07-19 18:32:11.532 30709 10568 D PumpMonitor: HTTP 狀態碼: 200
07-19 18:32:11.549 30709 10568 D PumpMonitor: AndroidHttp.fetch: https://heovcenter2.gov.taipei/cia/WebLayout/GetLastestAutoPumpPGInfo
07-19 18:32:11.629 30709 10568 D PumpMonitor: HTTP 狀態碼: 200
07-19 18:32:11.697 30709 10568 D PumpMonitor: AndroidHttp.fetch: https://heovcenter.gov.taipei/cia/WebLayout/GetLastestAutoPumpPGInfo
07-19 18:32:11.798 30709 10568 D PumpMonitor: HTTP 狀態碼: 200
07-19 18:32:11.817 30709 10568 D PumpMonitor: AndroidHttp.fetch: https://heovcenter2.gov.taipei/cia/WebLayout/GetLastestAutoPumpPGInfo
07-19 18:32:11.932 30709 10568 D PumpMonitor: HTTP 狀態碼: 200
07-19 18:32:16.847 30709 10568 D PumpMonitor: AndroidHttp.fetch: https://heovcenter.gov.taipei/cia/WebLayout/GetLastestAutoPumpPGInfo
07-19 18:32:17.187 30709 10568 D PumpMonitor: HTTP 狀態碼: 200
07-19 18:32:17.320 30709 10568 D PumpMonitor: AndroidHttp.fetch: https://heovcenter2.gov.taipei/cia/WebLayout/GetLastestAutoPumpPGInfo
07-19 18:32:17.590 30709 10568 D PumpMonitor: HTTP 狀態碼: 200
07-19 18:32:17.627 30709 10568 D PumpMonitor: AndroidHttp.fetch: https://heovcenter.gov.taipei/cia/WebLayout/GetLastestAutoPumpPGInfo
07-19 18:32:17.780 30709 10568 D PumpMonitor: HTTP 狀態碼: 200
07-19 18:32:17.832 30709 10568 D PumpMonitor: AndroidHttp.fetch: https://heovcenter2.gov.taipei/cia/WebLayout/GetLastestAutoPumpPGInfo
07-19 18:32:17.951 30709 10568 D PumpMonitor: HTTP 狀態碼: 200
07-19 18:32:19.110 30709 30709 D PumpMonitor: 服務啟動（action=com.pumpmonitor.DISMISS_ALARM）
07-19 18:32:20.106 30709 10568 D PumpMonitor: 設定已同步至背景服務（間隔 30 秒）
07-19 18:32:20.125 30709 32470 D PumpMonitor: 檢查 [18:32:20]
07-19 18:32:20.128 30709 30709 D PumpMonitor: 排程檢查: 30 秒後
07-19 18:32:20.129 30709 30709 D PumpMonitor: 服務啟動（action=com.pumpmonitor.RELOAD）
07-19 18:32:20.864 30709 32438 W chromium: [WARNING:services/audio/sync_reader.cc:154] ASR: No room in socket buffer.: Broken pipe (32)
07-19 18:32:24.574 30709 10568 D PumpMonitor: AndroidHttp.fetch: https://heovcenter.gov.taipei/cia/WebLayout/GetLastestAutoPumpPGInfo
07-19 18:32:24.600 30709 30709 D PumpMonitor: 服務啟動（action=com.pumpmonitor.DISMISS_ALARM）
07-19 18:32:24.730 30709 10568 D PumpMonitor: HTTP 狀態碼: 200
07-19 18:32:24.915 30709 10568 D PumpMonitor: AndroidHttp.fetch: https://heovcenter2.gov.taipei/cia/WebLayout/GetLastestAutoPumpPGInfo
07-19 18:32:25.168 30709 10568 D PumpMonitor: HTTP 狀態碼: 200
07-19 18:32:25.223 30709 10568 D PumpMonitor: AndroidHttp.fetchPost: https://heovcenter.gov.taipei/cia/WebLayout/GetAutoPumpWaterMins
07-19 18:32:25.304 30709 10568 D PumpMonitor: HTTP POST 狀態碼: 200
07-19 18:32:25.306 30709 10568 D PumpMonitor: AndroidHttp.fetchPost: https://heovcenter2.gov.taipei/cia/WebLayout/GetAutoPumpWaterMins
07-19 18:32:25.375 30709 10568 D PumpMonitor: HTTP POST 狀態碼: 200
07-19 18:32:25.377 30709 10568 D PumpMonitor: AndroidHttp.fetchPost: https://heovcenter.gov.taipei/cia/WebLayout/GetAutoPumpWaterMins
07-19 18:32:25.485 30709 10568 D PumpMonitor: HTTP POST 狀態碼: 200
07-19 18:32:25.488 30709 10568 D PumpMonitor: AndroidHttp.fetchPost: https://heovcenter2.gov.taipei/cia/WebLayout/GetAutoPumpWaterMins
07-19 18:32:25.561 30709 10568 D PumpMonitor: HTTP POST 狀態碼: 200
07-19 18:32:25.564 30709 10568 D PumpMonitor: AndroidHttp.fetchPost: https://heovcenter.gov.taipei/cia/WebLayout/GetAutoPumpWaterMins
07-19 18:32:25.696 30709 10568 D PumpMonitor: HTTP POST 狀態碼: 200
07-19 18:32:25.698 30709 10568 D PumpMonitor: AndroidHttp.fetchPost: https://heovcenter2.gov.taipei/cia/WebLayout/GetAutoPumpWaterMins
07-19 18:32:25.922 30709 10568 D PumpMonitor: HTTP POST 狀態碼: 200
07-19 18:32:47.628 30709 10568 D PumpMonitor: AndroidHttp.fetch: https://heovcenter.gov.taipei/cia/WebLayout/GetLastestAutoPumpPGInfo
07-19 18:32:48.060 30709 10568 D PumpMonitor: HTTP 狀態碼: 200
07-19 18:32:48.226 30709 10568 D PumpMonitor: AndroidHttp.fetch: https://heovcenter2.gov.taipei/cia/WebLayout/GetLastestAutoPumpPGInfo
07-19 18:32:48.469 30709 10568 D PumpMonitor: HTTP 狀態碼: 200
07-19 18:32:48.559 30709 10568 D PumpMonitor: AndroidHttp.fetch: https://heovcenter.gov.taipei/cia/WebLayout/GetLastestAutoPumpPGInfo
07-19 18:32:48.912 30709 10568 D PumpMonitor: HTTP 狀態碼: 200
07-19 18:32:49.090 30709 10568 D PumpMonitor: AndroidHttp.fetch: https://heovcenter2.gov.taipei/cia/WebLayout/GetLastestAutoPumpPGInfo
07-19 18:32:49.231 30709 10568 D PumpMonitor: HTTP 狀態碼: 200
07-19 18:32:50.155 30709 32655 D PumpMonitor: 檢查 [18:32:50]
07-19 18:32:50.157 30709 30709 D PumpMonitor: 排程檢查: 30 秒後
07-19 18:32:50.157 30709 30709 D PumpMonitor: 服務啟動（action=com.pumpmonitor.CHECK）
07-19 18:33:00.866 30709 10568 D PumpMonitor: AndroidHttp.fetch: https://heovcenter.gov.taipei/cia/WebLayout/GetLastestAutoPumpPGInfo
07-19 18:33:01.106 30709 10568 D PumpMonitor: HTTP 狀態碼: 200
07-19 18:33:01.132 30709 10568 D PumpMonitor: AndroidHttp.fetch: https://heovcenter2.gov.taipei/cia/WebLayout/GetLastestAutoPumpPGInfo
07-19 18:33:01.255 30709 10568 D PumpMonitor: HTTP 狀態碼: 200
07-19 18:33:01.300 30709 10568 D PumpMonitor: AndroidHttp.fetch: https://heovcenter.gov.taipei/cia/WebLayout/GetLastestAutoPumpPGInfo
07-19 18:33:01.445 30709 10568 D PumpMonitor: HTTP 狀態碼: 200
07-19 18:33:01.475 30709 10568 D PumpMonitor: AndroidHttp.fetch: https://heovcenter2.gov.taipei/cia/WebLayout/GetLastestAutoPumpPGInfo
07-19 18:33:01.650 30709 10568 D PumpMonitor: HTTP 狀態碼: 200
07-19 18:33:03.175 30709 30709 D PumpMonitor: 服務啟動（action=com.pumpmonitor.DISMISS_ALARM）
07-19 18:33:04.125 30709 10568 D PumpMonitor: 設定已同步至背景服務（間隔 30 秒）
07-19 18:33:04.134 30709 32734 D PumpMonitor: 檢查 [18:33:04]
07-19 18:33:04.135 30709 30709 D PumpMonitor: 排程檢查: 30 秒後
07-19 18:33:04.136 30709 30709 D PumpMonitor: 服務啟動（action=com.pumpmonitor.RELOAD）
07-19 18:33:31.302 30709 10568 D PumpMonitor: AndroidHttp.fetch: https://heovcenter.gov.taipei/cia/WebLayout/GetLastestAutoPumpPGInfo
07-19 18:33:31.565 30709 10568 D PumpMonitor: HTTP 狀態碼: 200
07-19 18:33:31.703 30709 10568 D PumpMonitor: AndroidHttp.fetch: https://heovcenter2.gov.taipei/cia/WebLayout/GetLastestAutoPumpPGInfo
07-19 18:33:31.907 30709 10568 D PumpMonitor: HTTP 狀態碼: 200
07-19 18:33:31.967 30709 10568 D PumpMonitor: AndroidHttp.fetch: https://heovcenter.gov.taipei/cia/WebLayout/GetLastestAutoPumpPGInfo
07-19 18:33:32.077 30709 10568 D PumpMonitor: HTTP 狀態碼: 200
07-19 18:33:32.132 30709 10568 D PumpMonitor: AndroidHttp.fetch: https://heovcenter2.gov.taipei/cia/WebLayout/GetLastestAutoPumpPGInfo
07-19 18:33:32.227 30709 10568 D PumpMonitor: HTTP 狀態碼: 200
07-19 18:33:34.159 30709   599 D PumpMonitor: 檢查 [18:33:34]
07-19 18:33:34.164 30709 30709 D PumpMonitor: 排程檢查: 30 秒後
07-19 18:33:34.164 30709 30709 D PumpMonitor: 服務啟動（action=com.pumpmonitor.CHECK）
07-19 18:33:38.380 30709 10568 D PumpMonitor: AndroidHttp.fetch: https://heovcenter.gov.taipei/cia/WebLayout/GetLastestAutoPumpPGInfo
07-19 18:33:38.410 30709 30709 D PumpMonitor: 服務啟動（action=com.pumpmonitor.DISMISS_ALARM）
07-19 18:33:38.748 30709 10568 D PumpMonitor: HTTP 狀態碼: 200
07-19 18:33:38.772 30709 10568 D PumpMonitor: AndroidHttp.fetch: https://heovcenter2.gov.taipei/cia/WebLayout/GetLastestAutoPumpPGInfo
07-19 18:33:38.935 30709 10568 D PumpMonitor: HTTP 狀態碼: 200
07-19 18:33:38.971 30709 10568 D PumpMonitor: AndroidHttp.fetchPost: https://heovcenter.gov.taipei/cia/WebLayout/GetAutoPumpWaterMins
07-19 18:33:39.044 30709 10568 D PumpMonitor: HTTP POST 狀態碼: 200
07-19 18:33:39.048 30709 10568 D PumpMonitor: AndroidHttp.fetchPost: https://heovcenter2.gov.taipei/cia/WebLayout/GetAutoPumpWaterMins
07-19 18:33:39.127 30709 10568 D PumpMonitor: HTTP POST 狀態碼: 200
07-19 18:33:39.128 30709 10568 D PumpMonitor: AndroidHttp.fetchPost: https://heovcenter.gov.taipei/cia/WebLayout/GetAutoPumpWaterMins
07-19 18:33:39.198 30709 10568 D PumpMonitor: HTTP POST 狀態碼: 200
07-19 18:33:39.200 30709 10568 D PumpMonitor: AndroidHttp.fetchPost: https://heovcenter2.gov.taipei/cia/WebLayout/GetAutoPumpWaterMins
07-19 18:33:39.347 30709 10568 D PumpMonitor: HTTP POST 狀態碼: 200
07-19 18:33:39.349 30709 10568 D PumpMonitor: AndroidHttp.fetchPost: https://heovcenter.gov.taipei/cia/WebLayout/GetAutoPumpWaterMins
07-19 18:33:39.413 30709 10568 D PumpMonitor: HTTP POST 狀態碼: 200
07-19 18:33:39.415 30709 10568 D PumpMonitor: AndroidHttp.fetchPost: https://heovcenter2.gov.taipei/cia/WebLayout/GetAutoPumpWaterMins
07-19 18:33:39.492 30709 10568 D PumpMonitor: HTTP POST 狀態碼: 200
07-19 18:34:01.302 30709 10568 D PumpMonitor: AndroidHttp.fetch: https://heovcenter.gov.taipei/cia/WebLayout/GetLastestAutoPumpPGInfo
07-19 18:34:01.518 30709 10568 D PumpMonitor: HTTP 狀態碼: 200
07-19 18:34:01.547 30709 10568 D PumpMonitor: AndroidHttp.fetch: https://heovcenter2.gov.taipei/cia/WebLayout/GetLastestAutoPumpPGInfo
07-19 18:34:01.773 30709 10568 D PumpMonitor: HTTP 狀態碼: 200
07-19 18:34:01.967 30709 10568 D PumpMonitor: AndroidHttp.fetch: https://heovcenter.gov.taipei/cia/WebLayout/GetLastestAutoPumpPGInfo
07-19 18:34:02.058 30709 10568 D PumpMonitor: HTTP 狀態碼: 200
07-19 18:34:02.085 30709 10568 D PumpMonitor: AndroidHttp.fetch: https://heovcenter2.gov.taipei/cia/WebLayout/GetLastestAutoPumpPGInfo
07-19 18:34:02.171 30709 10568 D PumpMonitor: HTTP 狀態碼: 200
07-19 18:34:04.190 30709   788 D PumpMonitor: 檢查 [18:34:04]
07-19 18:34:04.191 30709 30709 D PumpMonitor: 排程檢查: 30 秒後
07-19 18:34:04.191 30709 30709 D PumpMonitor: 服務啟動（action=com.pumpmonitor.CHECK）
07-19 18:34:13.548 30709 10568 D PumpMonitor: AndroidHttp.fetch: https://heovcenter.gov.taipei/cia/WebLayout/GetLastestAutoPumpPGInfo
07-19 18:34:13.780 30709 10568 D PumpMonitor: HTTP 狀態碼: 200
07-19 18:34:13.798 30709 10568 D PumpMonitor: AndroidHttp.fetch: https://heovcenter2.gov.taipei/cia/WebLayout/GetLastestAutoPumpPGInfo
07-19 18:34:13.901 30709 10568 D PumpMonitor: HTTP 狀態碼: 200
07-19 18:34:13.921 30709 10568 D PumpMonitor: AndroidHttp.fetch: https://heovcenter.gov.taipei/cia/WebLayout/GetLastestAutoPumpPGInfo
07-19 18:34:14.043 30709 10568 D PumpMonitor: HTTP 狀態碼: 200
07-19 18:34:14.436 30709 10568 D PumpMonitor: AndroidHttp.fetch: https://heovcenter2.gov.taipei/cia/WebLayout/GetLastestAutoPumpPGInfo
07-19 18:34:14.659 30709 10568 D PumpMonitor: HTTP 狀態碼: 200
07-19 18:34:15.604 30709 30709 D PumpMonitor: 服務啟動（action=com.pumpmonitor.DISMISS_ALARM）
07-19 18:34:16.572 30709 10568 D PumpMonitor: 設定已同步至背景服務（間隔 30 秒）
07-19 18:34:16.584 30709   955 D PumpMonitor: 檢查 [18:34:16]
07-19 18:34:16.585 30709 30709 D PumpMonitor: 排程檢查: 30 秒後
07-19 18:34:16.587 30709 30709 D PumpMonitor: 服務啟動（action=com.pumpmonitor.RELOAD）
07-19 18:34:43.923 30709 10568 D PumpMonitor: AndroidHttp.fetch: https://heovcenter.gov.taipei/cia/WebLayout/GetLastestAutoPumpPGInfo
07-19 18:34:44.388 30709 10568 D PumpMonitor: HTTP 狀態碼: 200
07-19 18:34:44.610 30709 10568 D PumpMonitor: AndroidHttp.fetch: https://heovcenter2.gov.taipei/cia/WebLayout/GetLastestAutoPumpPGInfo
07-19 18:34:44.709 30709 10568 D PumpMonitor: HTTP 狀態碼: 200
07-19 18:34:44.754 30709 10568 D PumpMonitor: AndroidHttp.fetch: https://heovcenter.gov.taipei/cia/WebLayout/GetLastestAutoPumpPGInfo
07-19 18:34:44.869 30709 10568 D PumpMonitor: HTTP 狀態碼: 200
07-19 18:34:44.887 30709 10568 D PumpMonitor: AndroidHttp.fetch: https://heovcenter2.gov.taipei/cia/WebLayout/GetLastestAutoPumpPGInfo
07-19 18:34:45.014 30709 10568 D PumpMonitor: HTTP 狀態碼: 200
07-19 18:34:46.607 30709  2589 D PumpMonitor: 檢查 [18:34:46]
07-19 18:34:46.607 30709 30709 D PumpMonitor: 排程檢查: 30 秒後
07-19 18:34:46.607 30709 30709 D PumpMonitor: 服務啟動（action=com.pumpmonitor.CHECK）
07-19 18:35:16.642 30709 30709 D PumpMonitor: 排程檢查: 30 秒後
07-19 18:35:16.642 30709 30709 D PumpMonitor: 服務啟動（action=com.pumpmonitor.CHECK）
07-19 18:35:16.642 30709  3160 D PumpMonitor: 檢查 [18:35:16]
07-19 18:35:19.401 30709 10568 D PumpMonitor: AndroidHttp.fetch: https://heovcenter.gov.taipei/cia/WebLayout/GetLastestAutoPumpPGInfo
07-19 18:35:19.616 30709 10568 D PumpMonitor: HTTP 狀態碼: 200
07-19 18:35:19.805 30709 10568 D PumpMonitor: AndroidHttp.fetch: https://heovcenter2.gov.taipei/cia/WebLayout/GetLastestAutoPumpPGInfo
07-19 18:35:19.920 30709 10568 D PumpMonitor: HTTP 狀態碼: 200
07-19 18:35:21.199 30709 10568 D PumpMonitor: AndroidHttp.fetch: https://heovcenter.gov.taipei/cia/WebLayout/GetLastestAutoPumpPGInfo
07-19 18:35:21.231 30709 30709 D PumpMonitor: 服務啟動（action=com.pumpmonitor.DISMISS_ALARM）
07-19 18:35:21.394 30709 10568 D PumpMonitor: HTTP 狀態碼: 200
07-19 18:35:21.470 30709 10568 D PumpMonitor: AndroidHttp.fetch: https://heovcenter2.gov.taipei/cia/WebLayout/GetLastestAutoPumpPGInfo
07-19 18:35:21.771 30709 10568 D PumpMonitor: HTTP 狀態碼: 200
07-19 18:35:21.805 30709 10568 D PumpMonitor: AndroidHttp.fetchPost: https://heovcenter.gov.taipei/cia/WebLayout/GetAutoPumpWaterMins
07-19 18:35:22.047 30709 10568 D PumpMonitor: HTTP POST 狀態碼: 200
07-19 18:35:22.050 30709 10568 D PumpMonitor: AndroidHttp.fetchPost: https://heovcenter2.gov.taipei/cia/WebLayout/GetAutoPumpWaterMins
07-19 18:35:22.252 30709 10568 D PumpMonitor: HTTP POST 狀態碼: 200
07-19 18:35:22.254 30709 10568 D PumpMonitor: AndroidHttp.fetchPost: https://heovcenter.gov.taipei/cia/WebLayout/GetAutoPumpWaterMins
07-19 18:35:22.459 30709 10568 D PumpMonitor: HTTP POST 狀態碼: 200
07-19 18:35:22.464 30709 10568 D PumpMonitor: AndroidHttp.fetchPost: https://heovcenter2.gov.taipei/cia/WebLayout/GetAutoPumpWaterMins
07-19 18:35:22.551 30709 10568 D PumpMonitor: HTTP POST 狀態碼: 200
07-19 18:35:22.554 30709 10568 D PumpMonitor: AndroidHttp.fetchPost: https://heovcenter.gov.taipei/cia/WebLayout/GetAutoPumpWaterMins
07-19 18:35:22.745 30709 10568 D PumpMonitor: HTTP POST 狀態碼: 200
07-19 18:35:22.747 30709 10568 D PumpMonitor: AndroidHttp.fetchPost: https://heovcenter2.gov.taipei/cia/WebLayout/GetAutoPumpWaterMins
07-19 18:35:22.959 30709 10568 D PumpMonitor: HTTP POST 狀態碼: 200
07-19 18:35:22.985 30709 10568 D PumpMonitor: AndroidHttp.fetch: https://heovcenter.gov.taipei/cia/WebLayout/GetLastestAutoPumpPGInfo
07-19 18:35:23.212 30709 10568 D PumpMonitor: HTTP 狀態碼: 200
07-19 18:35:23.391 30709 10568 D PumpMonitor: AndroidHttp.fetch: https://heovcenter2.gov.taipei/cia/WebLayout/GetLastestAutoPumpPGInfo
07-19 18:35:23.602 30709 10568 D PumpMonitor: HTTP 狀態碼: 200
