07-15 20:33:21.821  2530  3769 I MiSensorServiceImpl: user found in check list, getPackageName  android.view.OrientationEventListener
07-15 20:33:21.857  1799 19529 D SDM     : CompManager::NotifyCwbDone: display 0 notify cwb callback, status = 0
07-15 20:33:21.859  1799  3999 D SDM     : HWCSession::NotifyCWBStatus: Notify the client about buffer status 0.
07-15 20:33:21.860  3173  6455 E libsensor-parseRGB: CWB NotifyCWBBufferDone  error 0
07-15 20:33:21.860  1799  3999 D SDM     : HWCSession::ProcessCWBStatus: CWB queue is empty. Display: 0
07-15 20:33:21.885  3173  3996 I libsensor-boledalgo: Write:the value of channelCali C:56836.9,R:20244.4,G:20512.7,B:6067.5,scales [1.043961,1.027310,1.040791,0.892234]
07-15 20:33:21.885  3173  3996 D libsensor-boledalgo: brightness:1212,R:45620.4,G:47145.6,B:47145.6,EVENT C:126406.0,R:48686.0,G:46217.0,B:13199.0, lux: 212.3, clone:46712
07-15 20:33:21.887  2530  3769 I MiSensorServiceImpl: user found in check list, getPackageName  android.view.OrientationEventListener
07-15 20:33:21.887  2530  3769 I MiSensorServiceImpl: user found in check list, getPackageName  android.view.OrientationEventListener
07-15 20:33:21.887  2530  3769 I MiSensorServiceImpl: user found in check list, getPackageName  android.view.OrientationEventListener
07-15 20:33:21.887  2530  3769 I MiSensorServiceImpl: user found in check list, getPackageName  android.view.OrientationEventListener
07-15 20:33:21.887  2530  3769 I MiSensorServiceImpl: user found in check list, getPackageName  android.view.OrientationEventListener
07-15 20:33:21.887  2530  3769 I MiSensorServiceImpl: user found in check list, getPackageName  android.view.OrientationEventListener
07-15 20:33:21.887  2530  3769 I MiSensorServiceImpl: user found in check list, getPackageName  android.view.OrientationEventListener
07-15 20:33:21.887  2530  3769 I MiSensorServiceImpl: user found in check list, getPackageName  android.view.OrientationEventListener
07-15 20:33:21.887  2530  3769 I MiSensorServiceImpl: user found in check list, getPackageName  android.view.OrientationEventListener
07-15 20:33:21.909  1799  1982 I SDM     : DisplayBase::CommitThread: Received idle timeout, panel: cmd, timeout: 70000 us
07-15 20:33:21.918  2530  3733 I ActivityManager: unbindService com.android.server.am.ActiveServices@245ba58 conn=android.os.BinderProxy@eef92ab callingPid=14191
07-15 20:33:21.919  1836  1836 I vendor.qti.hardware.servicetrackeraidl-service: unbindService is called for service : com.google.android.gms/.chimera.PersistentApiService and for client com.google.android.gms.persistent
07-15 20:33:21.920 14191 14191 D BoundBrokerSvc: onUnbind: Intent { act=com.google.android.gms.common.telemetry.service.START dat=chimera-action:/... xflg=0x4 cmp=com.google.android.gms/.chimera.PersistentApiService }
07-15 20:33:21.952  1758 19859 E sensors-hal: handle_sns_client_event:58, har: time = 543318490179996 data 5.000000
07-15 20:33:21.953  2530  2530 I NetworkAccelerateSwitchService: onSensorChanged:33171070
07-15 20:33:21.953  2530  3769 I MiSensorServiceImpl: user found in check list, getPackageName  android.view.OrientationEventListener
07-15 20:33:21.953  2530  3769 I MiSensorServiceImpl: user found in check list, getPackageName  android.view.OrientationEventListener
07-15 20:33:21.953  2530  3769 I MiSensorServiceImpl: user found in check list, getPackageName  android.view.OrientationEventListener
07-15 20:33:21.953  2530  3769 I MiSensorServiceImpl: user found in check list, getPackageName  android.view.OrientationEventListener
07-15 20:33:21.953  2530  3769 I MiSensorServiceImpl: user found in check list, getPackageName  android.view.OrientationEventListener
07-15 20:33:21.953  2530  3769 I MiSensorServiceImpl: user found in check list, getPackageName  android.view.OrientationEventListener
07-15 20:33:21.953  2530  3769 I MiSensorServiceImpl: user found in check list, getPackageName  android.view.OrientationEventListener
07-15 20:33:21.953  2530  3769 I MiSensorServiceImpl: user found in check list, getPackageName  android.view.OrientationEventListener
07-15 20:33:21.953  2530  5756 I NetworkAccelerateSwitchService: onMovementSensorChanged State:false
07-15 20:33:21.994  1752  5453 D vendor.qti.bluetooth@1.1-wake_lock: Release wakelock is released 
07-15 20:33:22.014 29454   414 D JavaheapMonitor: Java heap used=4M max=256M, proc: com.xiaomi.xmsf
07-15 20:33:22.015 29454   414 V JavaheapMonitor: Check java heap usage finished! Next check delay: 300000
07-15 20:33:22.019  2530  3769 I MiSensorServiceImpl: user found in check list, getPackageName  android.view.OrientationEventListener
07-15 20:33:22.019  2530  3769 I MiSensorServiceImpl: user found in check list, getPackageName  android.view.OrientationEventListener
07-15 20:33:22.019  2530  3769 I MiSensorServiceImpl: user found in check list, getPackageName  android.view.OrientationEventListener
07-15 20:33:22.019  2530  3769 I MiSensorServiceImpl: user found in check list, getPackageName  android.view.OrientationEventListener
07-15 20:33:22.019  2530  3769 I MiSensorServiceImpl: user found in check list, getPackageName  android.view.OrientationEventListener
07-15 20:33:22.019  2530  3769 I MiSensorServiceImpl: user found in check list, getPackageName  android.view.OrientationEventListener
07-15 20:33:22.019  2530  3769 I MiSensorServiceImpl: user found in check list, getPackageName  android.view.OrientationEventListener
07-15 20:33:22.019  2530  3769 I MiSensorServiceImpl: user found in check list, getPackageName  android.view.OrientationEventListener
07-15 20:33:22.019  2530  3769 I MiSensorServiceImpl: user found in check list, getPackageName  android.view.OrientationEventListener
07-15 20:33:22.086  2530  3769 I MiSensorServiceImpl: user found in check list, getPackageName  android.view.OrientationEventListener
07-15 20:33:22.087  2530  3769 I MiSensorServiceImpl: user found in check list, getPackageName  android.view.OrientationEventListener
07-15 20:33:22.087  2530  3769 I MiSensorServiceImpl: user found in check list, getPackageName  android.view.OrientationEventListener
07-15 20:33:22.087  2530  3769 I MiSensorServiceImpl: user found in check list, getPackageName  android.view.OrientationEventListener
07-15 20:33:22.087  2530  3769 I MiSensorServiceImpl: user found in check list, getPackageName  android.view.OrientationEventListener
07-15 20:33:22.087  2530  3769 I MiSensorServiceImpl: user found in check list, getPackageName  android.view.OrientationEventListener
07-15 20:33:22.087  2530  3769 I MiSensorServiceImpl: user found in check list, getPackageName  android.view.OrientationEventListener
07-15 20:33:22.087  2530  3769 I MiSensorServiceImpl: user found in check list, getPackageName  android.view.OrientationEventListener
07-15 20:33:22.087  2530  3769 I MiSensorServiceImpl: user found in check list, getPackageName  android.view.OrientationEventListener
07-15 20:33:22.153  2530  3769 I MiSensorServiceImpl: user found in check list, getPackageName  android.view.OrientationEventListener
07-15 20:33:22.153  2530  3769 I MiSensorServiceImpl: user found in check list, getPackageName  android.view.OrientationEventListener
07-15 20:33:22.153  2530  3769 I MiSensorServiceImpl: user found in check list, getPackageName  android.view.OrientationEventListener
07-15 20:33:22.153  2530  3769 I MiSensorServiceImpl: user found in check list, getPackageName  android.view.OrientationEventListener
07-15 20:33:22.153  2530  3769 I MiSensorServiceImpl: user found in check list, getPackageName  android.view.OrientationEventListener
07-15 20:33:22.153  2530  3769 I MiSensorServiceImpl: user found in check list, getPackageName  android.view.OrientationEventListener
07-15 20:33:22.153  2530  3769 I MiSensorServiceImpl: user found in check list, getPackageName  android.view.OrientationEventListener
07-15 20:33:22.153  2530  3769 I MiSensorServiceImpl: user found in check list, getPackageName  android.view.OrientationEventListener
07-15 20:33:22.176 29501 32034 D JavaheapMonitor: Java heap used=30M max=512M, proc: com.mi.android.globallauncher
07-15 20:33:22.176 29501 32034 V JavaheapMonitor: Check java heap usage finished! Next check delay: 300000
07-15 20:33:22.207 14191 10165 I NearbyMediums: Found Fast Ble Advertisements :
07-15 20:33:22.207 14191 10165 I NearbyMediums: BleAdvertisement { version=2, socketVersion=2, isFast=true, serviceIdHash=null, data=[ 0x23 0x54 0x38 0x50 0x57 0x11 0x32 0x19 0x1e 0x7b 0xfe 0xbe 0x30 0x17 0xb9 0xca 0x92 0x22 0xfd 0x2c 0x4f 0x31 0x24 ], deviceToken=[ 0x66 0x3c ], rxAdvertisement=null } : 4 times.
07-15 20:33:22.207 14191 10165 I NearbyMediums: Total 4 fast advertisements from 1 unique advertisers.
07-15 20:33:22.207 14191 10165 I NearbyMediums: Found BLE GATT Advertisements :
07-15 20:33:22.207 14191 10165 I NearbyMediums: BleAdvertisement { version=2, socketVersion=2, isFast=false, serviceIdHash=[ 0xfc 0x9f 0x5e ], data=[ 0x23 0xfc 0x9f 0x5e 0x51 0x44 0x55 0x54 0x1e 0x06 0xa3 0x6c 0x33 0xf6 0xc3 0x19 0x73 0xaf 0xaf 0xe9 0xc8 0xbd 0x22 0xa4 0xa4 0x6d 0x0c 0x4f 0x6e 0x69 0x6f 0x6e 0x50 0x50 0x27 0x73 0x20 0x50 0x43 0x10 0xf6 0x0a 0x87 0x35 0xab 0x00 0x00 ], deviceToken=[ 0x38 0x27 ], rxAdvertisement=null } : 6 times.
07-15 20:33:22.207 14191 10165 I NearbyMediums: Total 6 GATT advertisements from 1 unique advertisers.
07-15 20:33:22.207 14191 10165 I NearbyMediums: Current Tracked Scanning Clients are : {NearbyConnections.EnvironmentMonitor, NearbySharing}
07-15 20:33:22.220  2530  3769 I MiSensorServiceImpl: user found in check list, getPackageName  android.view.OrientationEventListener
07-15 20:33:22.220  2530  3769 I MiSensorServiceImpl: user found in check list, getPackageName  android.view.OrientationEventListener
07-15 20:33:22.220  2530  3769 I MiSensorServiceImpl: user found in check list, getPackageName  android.view.OrientationEventListener
07-15 20:33:22.220  2530  3769 I MiSensorServiceImpl: user found in check list, getPackageName  android.view.OrientationEventListener
07-15 20:33:22.220  2530  3769 I MiSensorServiceImpl: user found in check list, getPackageName  android.view.OrientationEventListener
07-15 20:33:22.220  2530  3769 I MiSensorServiceImpl: user found in check list, getPackageName  android.view.OrientationEventListener
07-15 20:33:22.220  2530  3769 I MiSensorServiceImpl: user found in check list, getPackageName  android.view.OrientationEventListener
07-15 20:33:22.220  2530  3769 I MiSensorServiceImpl: user found in check list, getPackageName  android.view.OrientationEventListener
07-15 20:33:22.220  2530  3769 I MiSensorServiceImpl: user found in check list, getPackageName  android.view.OrientationEventListener
07-15 20:33:22.287  2530  3769 I MiSensorServiceImpl: user found in check list, getPackageName  android.view.OrientationEventListener
07-15 20:33:22.287  2530  3769 I MiSensorServiceImpl: user found in check list, getPackageName  android.view.OrientationEventListener
07-15 20:33:22.287  2530  3769 I MiSensorServiceImpl: user found in check list, getPackageName  android.view.OrientationEventListener
07-15 20:33:22.287  2530  3769 I MiSensorServiceImpl: user found in check list, getPackageName  android.view.OrientationEventListener
07-15 20:33:22.287  2530  3769 I MiSensorServiceImpl: user found in check list, getPackageName  android.view.OrientationEventListener
07-15 20:33:22.287  2530  3769 I MiSensorServiceImpl: user found in check list, getPackageName  android.view.OrientationEventListener
07-15 20:33:22.287  2530  3769 I MiSensorServiceImpl: user found in check list, getPackageName  android.view.OrientationEventListener
07-15 20:33:22.287  2530  3769 I MiSensorServiceImpl: user found in check list, getPackageName  android.view.OrientationEventListener
07-15 20:33:22.287  2530  3769 I MiSensorServiceImpl: user found in check list, getPackageName  android.view.OrientationEventListener
07-15 20:33:22.353  2530  3769 I MiSensorServiceImpl: user found in check list, getPackageName  android.view.OrientationEventListener
07-15 20:33:22.353  2530  3769 I MiSensorServiceImpl: user found in check list, getPackageName  android.view.OrientationEventListener
07-15 20:33:22.353  2530  3769 I MiSensorServiceImpl: user found in check list, getPackageName  android.view.OrientationEventListener
07-15 20:33:22.353  2530  3769 I MiSensorServiceImpl: user found in check list, getPackageName  android.view.OrientationEventListener
07-15 20:33:22.353  2530  3769 I MiSensorServiceImpl: user found in check list, getPackageName  android.view.OrientationEventListener
07-15 20:33:22.353  2530  3769 I MiSensorServiceImpl: user found in check list, getPackageName  android.view.OrientationEventListener
07-15 20:33:22.353  2530  3769 I MiSensorServiceImpl: user found in check list, getPackageName  android.view.OrientationEventListener
07-15 20:33:22.353  2530  3769 I MiSensorServiceImpl: user found in check list, getPackageName  android.view.OrientationEventListener
07-15 20:33:22.419  2530  3769 I MiSensorServiceImpl: user found in check list, getPackageName  android.view.OrientationEventListener
07-15 20:33:22.420  2530  3769 I MiSensorServiceImpl: user found in check list, getPackageName  android.view.OrientationEventListener
07-15 20:33:22.420  2530  3769 I MiSensorServiceImpl: user found in check list, getPackageName  android.view.OrientationEventListener
07-15 20:33:22.420  2530  3769 I MiSensorServiceImpl: user found in check list, getPackageName  android.view.OrientationEventListener
07-15 20:33:22.420  2530  3769 I MiSensorServiceImpl: user found in check list, getPackageName  android.view.OrientationEventListener
07-15 20:33:22.420  2530  3769 I MiSensorServiceImpl: user found in check list, getPackageName  android.view.OrientationEventListener
07-15 20:33:22.420  2530  3769 I MiSensorServiceImpl: user found in check list, getPackageName  android.view.OrientationEventListener
07-15 20:33:22.420  2530  3769 I MiSensorServiceImpl: user found in check list, getPackageName  android.view.OrientationEventListener
07-15 20:33:22.420  2530  3769 I MiSensorServiceImpl: user found in check list, getPackageName  android.view.OrientationEventListener
07-15 20:33:22.441  1752  5992 D vendor.qti.bluetooth@1.1-wake_lock: Acquire wakelock is acquired 
07-15 20:33:22.445  4814  6038 D BluetoothRemoteDevices: Update property, device=XX:XX:XX:XX:35:AB, type: 1
07-15 20:33:22.446  4814  6038 D BluetoothRemoteDevices: Skip name update for XX:XX:XX:XX:35:AB
07-15 20:33:22.446  4814  6038 D BluetoothRemoteDevices: Update property, device=XX:XX:XX:XX:35:AB, type: 4
07-15 20:33:22.446  4814  6038 D BluetoothRemoteDevices: Skip class update, device=XX:XX:XX:XX:35:AB, cod=0x2a410c
07-15 20:33:22.446  4814  6038 D BluetoothRemoteDevices: Update property, device=XX:XX:XX:XX:35:AB, type: 5
07-15 20:33:22.446  4814  6038 D BluetoothRemoteDevices:  BT_PROPERTY_TYPE_OF_DEVICE addr:10:F6:0A:87:35:AB deviceType:3
07-15 20:33:22.446  4814  6038 D HyperRemoteDevicesAdapter: Update property, device=10:F6:0A:87:35:AB, type: 1
07-15 20:33:22.446  4814  6038 D HyperRemoteDevicesAdapter: Remote device name is: 岳振平LAPTOP type = 2 10:F6:0A:87:35:AB
07-15 20:33:22.446  4814  6038 D HyperRemoteDevicesAdapter: update name for XX:XX:XX:XX:35:AB type = 2 name = 岳振平LAPTOP 0
07-15 20:33:22.446  4814  6038 D HyperRemoteDevicesAdapter: Update property, device=10:F6:0A:87:35:AB, type: 4
07-15 20:33:22.446  4814  6038 D HyperRemoteDevicesAdapter: Update property, device=10:F6:0A:87:35:AB, type: 5
07-15 20:33:22.446  4814  6038 V ScanController: onScanResult() - eventType=0x1b, addressType=0, address=XX:XX:XX:XX:35:AB, primaryPhy=1, secondaryPhy=0, advertisingSid=0xff, txPower=127, rssi=-39, periodicAdvInt=0x0, originalAddress=10:F6:0A:87:35:AB
07-15 20:33:22.447  4814  6038 V ScanController: Skipping client: permission=true matches=false
07-15 20:33:22.447  4814  6038 V ScanController: Skipping client: permission=true matches=false
07-15 20:33:22.447  4814  6038 V ScanController: Skipping client: permission=true matches=false
07-15 20:33:22.448  4814  6038 V ScanController: Skipping client: permission=true matches=false
07-15 20:33:22.448  4814  6038 V ScanController: Skipping client: permission=true matches=false
07-15 20:33:22.486  3173  3996 I libsensor-boledalgo: Write:the value of channelCali C:56836.9,R:20244.4,G:20512.7,B:6067.5,scales [1.043961,1.027310,1.040791,0.892234]
07-15 20:33:22.486  2530  3769 I MiSensorServiceImpl: user found in check list, getPackageName  android.view.OrientationEventListener
07-15 20:33:22.486  2530  3769 I MiSensorServiceImpl: user found in check list, getPackageName  android.view.OrientationEventListener
07-15 20:33:22.486  2530  3769 I MiSensorServiceImpl: user found in check list, getPackageName  android.view.OrientationEventListener
07-15 20:33:22.486  3173  3996 D libsensor-boledalgo: brightness:1212,R:45620.4,G:47145.6,B:47145.6,EVENT C:127644.0,R:49153.0,G:46715.0,B:13341.0, lux: 216.4, clone:46712
07-15 20:33:22.486  2530  3769 I MiSensorServiceImpl: user found in check list, getPackageName  android.view.OrientationEventListener
07-15 20:33:22.486  2530  3769 I MiSensorServiceImpl: user found in check list, getPackageName  android.view.OrientationEventListener
07-15 20:33:22.486  2530  3769 I MiSensorServiceImpl: user found in check list, getPackageName  android.view.OrientationEventListener
07-15 20:33:22.486  2530  3769 I MiSensorServiceImpl: user found in check list, getPackageName  android.view.OrientationEventListener
07-15 20:33:22.486  2530  3769 I MiSensorServiceImpl: user found in check list, getPackageName  android.view.OrientationEventListener
07-15 20:33:22.486  2530  3769 I MiSensorServiceImpl: user found in check list, getPackageName  android.view.OrientationEventListener
07-15 20:33:22.489  4814  6038 V ScanController: onScanResult() - eventType=0x1, addressType=0, address=XX:XX:XX:XX:35:AB, primaryPhy=1, secondaryPhy=1, advertisingSid=0x3, txPower=127, rssi=-38, periodicAdvInt=0x0, originalAddress=10:F6:0A:87:35:AB
07-15 20:33:22.490  4814  6038 V ScanController: Legacy scan, non legacy result; skip.
07-15 20:33:22.490  4814  6038 V ScanController: Skipping client: permission=true matches=false
07-15 20:33:22.490  4814  6038 V ScanController: Skipping client: permission=true matches=false
07-15 20:33:22.491  4814  6038 V ScanController: Skipping client: permission=true matches=false
07-15 20:33:22.491  4814  6038 V ScanController: Skipping client: permission=true matches=false
07-15 20:33:22.553  2530  3769 I MiSensorServiceImpl: user found in check list, getPackageName  android.view.OrientationEventListener
07-15 20:33:22.553  2530  3769 I MiSensorServiceImpl: user found in check list, getPackageName  android.view.OrientationEventListener
07-15 20:33:22.553  2530  3769 I MiSensorServiceImpl: user found in check list, getPackageName  android.view.OrientationEventListener
07-15 20:33:22.553  2530  3769 I MiSensorServiceImpl: user found in check list, getPackageName  android.view.OrientationEventListener
07-15 20:33:22.553  2530  3769 I MiSensorServiceImpl: user found in check list, getPackageName  android.view.OrientationEventListener
07-15 20:33:22.553  2530  3769 I MiSensorServiceImpl: user found in check list, getPackageName  android.view.OrientationEventListener
07-15 20:33:22.553  2530  3769 I MiSensorServiceImpl: user found in check list, getPackageName  android.view.OrientationEventListener
07-15 20:33:22.553  2530  3769 I MiSensorServiceImpl: user found in check list, getPackageName  android.view.OrientationEventListener
07-15 20:33:22.553  2530  3769 I MiSensorServiceImpl: user found in check list, getPackageName  android.view.OrientationEventListener
07-15 20:33:22.620  2530  3769 I MiSensorServiceImpl: user found in check list, getPackageName  android.view.OrientationEventListener
07-15 20:33:22.620  2530  3769 I MiSensorServiceImpl: user found in check list, getPackageName  android.view.OrientationEventListener
07-15 20:33:22.620  2530  3769 I MiSensorServiceImpl: user found in check list, getPackageName  android.view.OrientationEventListener
07-15 20:33:22.620  2530  3769 I MiSensorServiceImpl: user found in check list, getPackageName  android.view.OrientationEventListener
07-15 20:33:22.620  2530  3769 I MiSensorServiceImpl: user found in check list, getPackageName  android.view.OrientationEventListener
07-15 20:33:22.620  2530  3769 I MiSensorServiceImpl: user found in check list, getPackageName  android.view.OrientationEventListener
07-15 20:33:22.620  2530  3769 I MiSensorServiceImpl: user found in check list, getPackageName  android.view.OrientationEventListener
07-15 20:33:22.620  2530  3769 I MiSensorServiceImpl: user found in check list, getPackageName  android.view.OrientationEventListener
07-15 20:33:22.640  2530  5756 I NetworkAccelerateSwitchService: EVENT_RSSI_POLL. mRssiPoll=true
07-15 20:33:22.640  2530  5756 I NetworkAccelerateSwitchService: checkWifiRssiAndLinkSpeed rssi:64
07-15 20:33:22.640  2530  5756 I NetworkAccelerateSwitchService: checkWifiRssiAndLinkSpeed mWifiFastFade:false mWifiFastFadeAdjustThreshold:false
07-15 20:33:22.640  2530  5756 I NetworkAccelerateSwitchService: getAverageWifiRssi:64
07-15 20:33:22.642  2530  5756 D NetworkAccelerateSwitchService: checkIntervalModeChange mMovementState:false mIntervalMode:0 mIsBadLinkLayerQoE:false mBadLinkLayerQoETimes = 0
07-15 20:33:22.678  1752  5453 D vendor.qti.bluetooth@1.1-wake_lock: Release wakelock is released 
07-15 20:33:22.686  3173  3996 I libsensor-boledalgo: Write:the value of channelCali C:56836.9,R:20244.4,G:20512.7,B:6067.5,scales [1.043961,1.027310,1.040791,0.892234]
07-15 20:33:22.686  2530  3769 I MiSensorServiceImpl: user found in check list, getPackageName  android.view.OrientationEventListener
07-15 20:33:22.686  2530  3769 I MiSensorServiceImpl: user found in check list, getPackageName  android.view.OrientationEventListener
07-15 20:33:22.686  2530  3769 I MiSensorServiceImpl: user found in check list, getPackageName  android.view.OrientationEventListener
07-15 20:33:22.686  3173  3996 D libsensor-boledalgo: brightness:1212,R:45620.4,G:47145.6,B:47145.6,EVENT C:127536.0,R:49073.0,G:46693.0,B:13346.0, lux: 216.2, clone:46712
07-15 20:33:22.686  2530  3769 I MiSensorServiceImpl: user found in check list, getPackageName  android.view.OrientationEventListener
07-15 20:33:22.686  2530  3769 I MiSensorServiceImpl: user found in check list, getPackageName  android.view.OrientationEventListener
07-15 20:33:22.686  2530  3769 I MiSensorServiceImpl: user found in check list, getPackageName  android.view.OrientationEventListener
07-15 20:33:22.686  2530  3769 I MiSensorServiceImpl: user found in check list, getPackageName  android.view.OrientationEventListener
07-15 20:33:22.686  2530  3769 I MiSensorServiceImpl: user found in check list, getPackageName  android.view.OrientationEventListener
07-15 20:33:22.686  2530  3769 I MiSensorServiceImpl: user found in check list, getPackageName  android.view.OrientationEventListener
07-15 20:33:22.753  2530  3769 I MiSensorServiceImpl: user found in check list, getPackageName  android.view.OrientationEventListener
07-15 20:33:22.753  2530  3769 I MiSensorServiceImpl: user found in check list, getPackageName  android.view.OrientationEventListener
07-15 20:33:22.753  2530  3769 I MiSensorServiceImpl: user found in check list, getPackageName  android.view.OrientationEventListener
07-15 20:33:22.753  2530  3769 I MiSensorServiceImpl: user found in check list, getPackageName  android.view.OrientationEventListener
07-15 20:33:22.753  2530  3769 I MiSensorServiceImpl: user found in check list, getPackageName  android.view.OrientationEventListener
07-15 20:33:22.753  2530  3769 I MiSensorServiceImpl: user found in check list, getPackageName  android.view.OrientationEventListener
07-15 20:33:22.753  2530  3769 I MiSensorServiceImpl: user found in check list, getPackageName  android.view.OrientationEventListener
07-15 20:33:22.753  2530  3769 I MiSensorServiceImpl: user found in check list, getPackageName  android.view.OrientationEventListener
07-15 20:33:22.753  2530  3769 I MiSensorServiceImpl: user found in check list, getPackageName  android.view.OrientationEventListener
07-15 20:33:22.768 30112 21178 D AudioTrackImpl: [audioTrackData][fine] 50s(f:50059 m:0 s:0 k:0 z:0) : pid 30112 uid 10325 sessionId 67409 sr 44100 ch 2 fmt 1 maxAmplitude 5730
07-15 20:33:22.804  1799  1982 D SDM     : HWDeviceDRM::SetupConcurrentWriteback: Tear down the Concurrent Writeback topology
07-15 20:33:22.804  1799  2475 I vendor.qti.hardware.display.composer-service: Sensor: notify citsensorservice to trigger cwb, misForced = 0
07-15 20:33:22.806  3173  3979 I libsensor-parseRGB: request dump start for mRequestDisplayId 0
07-15 20:33:22.806  3173  3979 D vendor.xiaomi.sensor.citsensorservice.aidl: handle id:21 wxh:1536x3200 uwxuh:1440x3200 size: 14745600 fd:17 fd_meta:18 flags:0x228 usage:0x33  format:0x3 layer_count: 1 reserved_size = 0 custom_content_md_reserved_size = 0
07-15 20:33:22.806  2054  2446 E HwcComposer: getLuts failed Status(-129, EX_TRANSACTION_FAILED): 'UNKNOWN_TRANSACTION: '
07-15 20:33:22.807  1799  1799 D SDM     : HWCSession::PostBuffer: CWB config passed by cwb_client : tappoint 1  CWB_ROI : (738.000000 74.000000 979.000000 315.000000)
07-15 20:33:22.819  2530  3769 I MiSensorServiceImpl: user found in check list, getPackageName  android.view.OrientationEventListener
07-15 20:33:22.819  2530  3769 I MiSensorServiceImpl: user found in check list, getPackageName  android.view.OrientationEventListener
07-15 20:33:22.819  2530  3769 I MiSensorServiceImpl: user found in check list, getPackageName  android.view.OrientationEventListener
07-15 20:33:22.819  2530  3769 I MiSensorServiceImpl: user found in check list, getPackageName  android.view.OrientationEventListener
07-15 20:33:22.819  2530  3769 I MiSensorServiceImpl: user found in check list, getPackageName  android.view.OrientationEventListener
07-15 20:33:22.819  2530  3769 I MiSensorServiceImpl: user found in check list, getPackageName  android.view.OrientationEventListener
07-15 20:33:22.819  2530  3769 I MiSensorServiceImpl: user found in check list, getPackageName  android.view.OrientationEventListener
07-15 20:33:22.819  2530  3769 I MiSensorServiceImpl: user found in check list, getPackageName  android.view.OrientationEventListener
07-15 20:33:22.857  1799 19529 D SDM     : CompManager::NotifyCwbDone: display 0 notify cwb callback, status = 0
07-15 20:33:22.857  1799  3999 D SDM     : HWCSession::NotifyCWBStatus: Notify the client about buffer status 0.
07-15 20:33:22.858  3173  3232 E libsensor-parseRGB: CWB NotifyCWBBufferDone  error 0
07-15 20:33:22.859  1799  3999 D SDM     : HWCSession::ProcessCWBStatus: CWB queue is empty. Display: 0
07-15 20:33:22.885  3173  3996 I libsensor-boledalgo: Write:the value of channelCali C:56836.9,R:20244.4,G:20512.7,B:6067.5,scales [1.043961,1.027310,1.040791,0.892234]
07-15 20:33:22.885  3173  3996 D libsensor-boledalgo: brightness:1212,R:45620.4,G:47145.6,B:47145.6,EVENT C:127792.0,R:49176.0,G:46803.0,B:13354.0, lux: 217.1, clone:46712
07-15 20:33:22.887  2530  3769 I MiSensorServiceImpl: user found in check list, getPackageName  android.view.OrientationEventListener
07-15 20:33:22.887  2530  3769 I MiSensorServiceImpl: user found in check list, getPackageName  android.view.OrientationEventListener
07-15 20:33:22.887  2530  3769 I MiSensorServiceImpl: user found in check list, getPackageName  android.view.OrientationEventListener
07-15 20:33:22.887  2530  3769 I MiSensorServiceImpl: user found in check list, getPackageName  android.view.OrientationEventListener
07-15 20:33:22.887  2530  3769 I MiSensorServiceImpl: user found in check list, getPackageName  android.view.OrientationEventListener
07-15 20:33:22.887  2530  3769 I MiSensorServiceImpl: user found in check list, getPackageName  android.view.OrientationEventListener
07-15 20:33:22.887  2530  3769 I MiSensorServiceImpl: user found in check list, getPackageName  android.view.OrientationEventListener
07-15 20:33:22.887  2530  3769 I MiSensorServiceImpl: user found in check list, getPackageName  android.view.OrientationEventListener
07-15 20:33:22.887  2530  3769 I MiSensorServiceImpl: user found in check list, getPackageName  android.view.OrientationEventListener
07-15 20:33:22.908  1799  1982 I SDM     : DisplayBase::CommitThread: Received idle timeout, panel: cmd, timeout: 69999 us
07-15 20:33:22.953  2530  3769 I MiSensorServiceImpl: user found in check list, getPackageName  android.view.OrientationEventListener
07-15 20:33:22.953  2530  3769 I MiSensorServiceImpl: user found in check list, getPackageName  android.view.OrientationEventListener
07-15 20:33:22.953  2530  3769 I MiSensorServiceImpl: user found in check list, getPackageName  android.view.OrientationEventListener
07-15 20:33:22.953  2530  3769 I MiSensorServiceImpl: user found in check list, getPackageName  android.view.OrientationEventListener
07-15 20:33:22.953  2530  3769 I MiSensorServiceImpl: user found in check list, getPackageName  android.view.OrientationEventListener
07-15 20:33:22.953  2530  3769 I MiSensorServiceImpl: user found in check list, getPackageName  android.view.OrientationEventListener
07-15 20:33:22.953  2530  3769 I MiSensorServiceImpl: user found in check list, getPackageName  android.view.OrientationEventListener
07-15 20:33:22.953  2530  3769 I MiSensorServiceImpl: user found in check list, getPackageName  android.view.OrientationEventListener
07-15 20:33:22.953  2530  3769 I MiSensorServiceImpl: user found in check list, getPackageName  android.view.OrientationEventListener
07-15 20:33:22.967  5068  5434 E PhoneAdapter: get ntnphones failed, exception: java.lang.IllegalStateException: not support satellite!
07-15 20:33:22.969  2530  4005 D AmlWifiScoreReportInjector: isMobileDataSignalPoor rat= 18
07-15 20:33:22.972  2530  4490 I NetworkBoostStatusManager: handle: 102
07-15 20:33:22.972  2530  4490 I NetworkBoostStatusManager: interfaceOnCapabilitiesChanged interface name:wlan0
07-15 20:33:22.973  5068  5068 D QtiLinkBandwidthEstimator-0: handleMessage: 4
07-15 20:33:22.973  5068  5068 D QtiLinkBandwidthEstimator-1: handleMessage: 4
07-15 20:33:22.975  5068  5703 W Settings: Setting airplane_mode_on has moved from android.provider.Settings.System to android.provider.Settings.Global, returning read-only value.
07-15 20:33:22.975  4867  6887 D cneJni  : sendWifiStatus start
07-15 20:33:22.976  5593 15837 I IDMManager: onCapabilitiesChanged: network is 146
07-15 20:33:22.976  4867  6887 D QCNEJ/NativeAidlConnector: -> SND notifyDefaultNetworkChanged(1)
07-15 20:33:22.976  4867  6887 D cneJni  : sendDefaultNwMsg start
07-15 20:33:22.976  5593 15837 I IDMManager: network is not MiuiCarSoftAp
07-15 20:33:22.976  4910  6803 D txpwrJni: sendNetworkInfo start
07-15 20:33:22.976  4910  6803 D txpwrJni: sendNetworkInfo RatType 0
07-15 20:33:22.979 28600 28876 I NetBusNetworkMonitor: onCapabilitiesChanged Cellular
07-15 20:33:22.979 29145 29954 W Settings: Setting device_provisioned has moved from android.provider.Settings.Secure to android.provider.Settings.Global.
07-15 20:33:22.979 29145 29954 I JoyoseCloudControlManager3: network metered changed, network metered: false, deviceProvisioned: true, scAllowConn: true, try to setNetworkAccessEnabled: true
07-15 20:33:22.980 28600 28876 I NetBusNetworkMonitor: onCapabilitiesChanged WIFI isPrimary = true
07-15 20:33:22.980 28600 28876 I NetBusNetworkMonitor: gateway=192.$)+.(#.1
07-15 20:33:22.984 28600 28876 I NetBusNetworkMonitor: addConnectNetworkInterface mediumType:256, detail:NetworkDetailInfo{mIsConnected=false, mIsSupportTdls=true, mNetworkType=0, mIpAddress=192.$)+.(#.60, mIfName=wlan0, mGateway=192.$)+.(#.1, mNetmask=255.%((.%((.0, mSsid=o**5G}
07-15 20:33:22.985 28600 28876 I NetBusNetworkMonitor: onCapabilitiesChanged WIFI handle=630470922253, mediumType=256, ifName=wlan0
07-15 20:33:22.985 14191 18567 I NullBinder: NullBinder for android.net.action.RECOMMEND_NETWORKS triggering remote TransactionTooLargeException due to Service without Chimera impl, calling uid: 1000, calling pid: 0
07-15 20:33:22.985 14191 18567 W .gms.persistent: Large reply transaction of 1056768 bytes, interface descriptor , code 1
07-15 20:33:22.985 14191 14191 D BoundBrokerSvc: onRebind: Intent { act=com.google.android.gms.common.telemetry.service.START dat=chimera-action:/... xflg=0x4 cmp=com.google.android.gms/.chimera.PersistentApiService }
07-15 20:33:22.986  1836  1836 I vendor.qti.hardware.servicetrackeraidl-service: bindService is called for service : com.google.android.gms/.chimera.PersistentApiService and for client com.google.android.gms.persistent
07-15 20:33:22.986  1836  1836 I vendor.qti.hardware.servicetrackeraidl-service: total connections for service : com.google.android.gms/.chimera.PersistentApiServiceare :58
07-15 20:33:22.986  1836  1836 I vendor.qti.hardware.servicetrackeraidl-service: total connections for client : com.google.android.gms.persistentare :6
07-15 20:33:22.989 14191 15606 I NullBinder: NullBinder for android.net.action.RECOMMEND_NETWORKS triggering remote TransactionTooLargeException due to Service without Chimera impl, calling uid: 1000, calling pid: 0
07-15 20:33:22.989 14191 15606 W .gms.persistent: Large reply transaction of 1056768 bytes, interface descriptor , code 1
07-15 20:33:22.997  2530  4029 D ConnectivityService: NetReassign [no changes] [c 0] [a 1] [i 1]
07-15 20:33:22.997 14191 27031 I NearbyMediums: Wifi changed new SSID: "onion_5G"
07-15 20:33:22.997 14191 27031 I NearbyMediums: WifiLanConnectivityInfo is not changed, skip notify.
07-15 20:33:23.019  2054  2054 D MI-SF   : isTpIdleScene ,mAverageFrameRate is 4, 0 
07-15 20:33:23.019  2054  2054 D MI-SF   : modeGroup0 mIsSupportAutomodeForMaxFpsSetting is 0(0), getCurrentBrightness() = 1092(388), mIsKeepAutoMode 0 isAutoModeAllowed() 1
07-15 20:33:23.019  2054  2054 D RefreshRateSelector: fixedMode_group: 0, isFindModeGroup 0
07-15 20:33:23.019  2054  2054 D RefreshRateSelector: find max refresh rate:120, mode Group:0
07-15 20:33:23.019  2054  2054 D DisplayModeController: setDesiredMode 4630946540531149187 {mode={fps=120.00 Hz, modePtr={id=0, vsyncRate=120.00 Hz, peakRefreshRate=120.00 Hz}}, emitEvent=true, force=false}
07-15 20:33:23.020  1799  1799 I SDM     : HWCDisplay::SetActiveConfigWithConstraints: display:67-0, config: 0, WxH 1440x3200, fps 120
07-15 20:33:23.020  2530  3769 I MiSensorServiceImpl: user found in check list, getPackageName  android.view.OrientationEventListener
07-15 20:33:23.020  2530  3769 I MiSensorServiceImpl: user found in check list, getPackageName  android.view.OrientationEventListener
07-15 20:33:23.020  2530  3769 I MiSensorServiceImpl: user found in check list, getPackageName  android.view.OrientationEventListener
07-15 20:33:23.020  2530  3769 I MiSensorServiceImpl: user found in check list, getPackageName  android.view.OrientationEventListener
07-15 20:33:23.020  2530  3769 I MiSensorServiceImpl: user found in check list, getPackageName  android.view.OrientationEventListener
07-15 20:33:23.020  2530  3769 I MiSensorServiceImpl: user found in check list, getPackageName  android.view.OrientationEventListener
07-15 20:33:23.020  2530  3769 I MiSensorServiceImpl: user found in check list, getPackageName  android.view.OrientationEventListener
07-15 20:33:23.020  2530  3769 I MiSensorServiceImpl: user found in check list, getPackageName  android.view.OrientationEventListener
07-15 20:33:23.022  1799  1799 W SDM     : HWDeviceDRM::GetSupportedBitClkRate: Requested rate not supported: 1200000000
07-15 20:33:23.022  1799  1799 I SDM     : HWDeviceDRM::UpdateMixerAttributes: Mixer WxH 1440x3200-1 for Peripheral
07-15 20:33:23.022  1799  1799 I SDM     : HWCDisplay::SubmitDisplayConfig: Active configuration changed from config 2 to 0
07-15 20:33:23.022  1799  1799 I SDM     : HWCDisplay::SubmitDisplayConfig: Active WxH 1440x3200 ,ddic_mode:normal, timing_fps: 120, sf_fps: 120
07-15 20:33:23.023  1799  1982 D SDM     : HWDeviceDRM::SetupConcurrentWriteback: Tear down the Concurrent Writeback topology
07-15 20:33:23.024  1799  2475 I vendor.qti.hardware.display.composer-service: Sensor: notify citsensorservice to trigger cwb, misForced = 0
07-15 20:33:23.024  3173  3979 I libsensor-parseRGB: request dump start for mRequestDisplayId 0
07-15 20:33:23.024  3173  3979 D vendor.xiaomi.sensor.citsensorservice.aidl: handle id:21 wxh:1536x3200 uwxuh:1440x3200 size: 14745600 fd:17 fd_meta:18 flags:0x228 usage:0x33  format:0x3 layer_count: 1 reserved_size = 0 custom_content_md_reserved_size = 0
07-15 20:33:23.026  1799 26950 D SDM     : HWCSession::PostBuffer: CWB config passed by cwb_client : tappoint 1  CWB_ROI : (738.000000 74.000000 979.000000 315.000000)
07-15 20:33:23.027  2054  2446 E HwcComposer: getLuts failed Status(-129, EX_TRANSACTION_FAILED): 'UNKNOWN_TRANSACTION: '
07-15 20:33:23.027  1912  2119 D FPSMonitor: threadFuncFpsMonitor display 0, fps 120
07-15 20:33:23.040  2054  2054 D MI-SF   : isTpIdleScene ,mAverageFrameRate is 4, 0 
07-15 20:33:23.040  2054  2054 D MI-SF   : modeGroup0 mIsSupportAutomodeForMaxFpsSetting is 0(0), getCurrentBrightness() = 1092(388), mIsKeepAutoMode 0 isAutoModeAllowed() 1
07-15 20:33:23.040  2054  2054 D RefreshRateSelector: fixedMode_group: 0, isFindModeGroup 0
07-15 20:33:23.040  2054  2054 D RefreshRateSelector: find max refresh rate:120, mode Group:0
07-15 20:33:23.042  2530  2617 I DisplayDeviceRepository: Display device changed render timings: "內建畫面", renderFrameRate=120.00001, presentationDeadlineNanos=11333333, appVsyncOffsetNanos=1000000, frameRateOverrides=[]
07-15 20:33:23.043  2530  2615 D WindowManager: DeferredDisplayUpdater: partially applying DisplayInfo(1440 x 3200) immediately
07-15 20:33:23.043  2530  2615 W DisplayContentStubImpl:  displayMetricsChanged=false physicalDisplayChanged=false displayId=0 newUniqueId=local:4630946540531149187 currentUnique=local:4630946540531149187
07-15 20:33:23.043  2530  2615 D DisplayContentStubImpl: Display{#0 state=ON size=1440x3200 ROTATION_0} isActivityEmbeddingSplitEnable false
07-15 20:33:23.044  2530  2615 W InsetsSource: Has no intersection or mTmpFrame.height(), return Insets.NONE mTmpFrame.height() =0 hasIntersection =false
07-15 20:33:23.044  2530  2615 W InsetsSource: Has no intersection or mTmpFrame.height(), return Insets.NONE mTmpFrame.height() =0 hasIntersection =false
07-15 20:33:23.045  2530  2615 W InsetsSource: Has no intersection or mTmpFrame.height(), return Insets.NONE mTmpFrame.height() =0 hasIntersection =false
07-15 20:33:23.045  2530  2615 W InsetsSource: Has no intersection or mTmpFrame.height(), return Insets.NONE mTmpFrame.height() =0 hasIntersection =false
07-15 20:33:23.045  2039 23139 D AudioFlingerImpl: setGameParameters keyvalue: screen_state=on
07-15 20:33:23.045  2530  2615 D BarFollowAnimation: pairAppearanceRegionAndWin win=Window{f8cd723 u0 com.pumpmonitor.app/com.pumpmonitor.app.MainActivity} 0
07-15 20:33:23.045  2530  2615 D BarFollowAnimation: isAppTaskBarOnTop win:Window{f8cd723 u0 com.pumpmonitor.app/com.pumpmonitor.app.MainActivity} (mCurrentTopTask:Task{13ac6b7 #32162 type=standard A=10671:com.pumpmonitor.app} : true); (mAssociatedTask:Task{13ac6b7 #32162 type=standard A=10671:com.pumpmonitor.app} : true); (mHomeTask:Task{30a015d #1 type=home} : false); mReparentToOriginParent:false mLastAppBarVisible:true mLastHomeBarVisible:false
07-15 20:33:23.046  2530  2615 D MiuiRefreshRatePolicy: reset
07-15 20:33:23.047  2530  2615 W InsetsSource: Has no intersection or mTmpFrame.height(), return Insets.NONE mTmpFrame.height() =0 hasIntersection =false
07-15 20:33:23.047  2530  2615 W InsetsSource: Has no intersection or mTmpFrame.height(), return Insets.NONE mTmpFrame.height() =0 hasIntersection =false
07-15 20:33:23.048  5114  5891 D MiuiGxzwAnimView: onDisplayChanged: oldState = 2, newState = 2
07-15 20:33:23.049  5114  5114 V AutoDensityController: on display changed 0 context dpi:586 origin dpi:600 target dpi:586
07-15 20:33:23.049  5114  5114 D ControlCenterWindowViewController: on display changed 0
07-15 20:33:23.049  5114  5114 V AODAutoDensityController: on display changed 0 context dpi:586 origin dpi:600 target dpi:586
07-15 20:33:23.049  3862  3862 W InsetsSource: Has no intersection or mTmpFrame.height(), return Insets.NONE mTmpFrame.height() =0 hasIntersection =false
07-15 20:33:23.049  3862  3862 W InsetsSource: Has no intersection or mTmpFrame.height(), return Insets.NONE mTmpFrame.height() =0 hasIntersection =false
07-15 20:33:23.049  3862  3862 W InsetsSource: Has no intersection or mTmpFrame.height(), return Insets.NONE mTmpFrame.height() =0 hasIntersection =false
07-15 20:33:23.049  3862  3862 W InsetsSource: Has no intersection or mTmpFrame.height(), return Insets.NONE mTmpFrame.height() =0 hasIntersection =false
07-15 20:33:23.049  3862  3862 W InsetsSource: Has no intersection or mTmpFrame.height(), return Insets.NONE mTmpFrame.height() =0 hasIntersection =false
07-15 20:33:23.049  3862  3862 W InsetsSource: Has no intersection or mTmpFrame.height(), return Insets.NONE mTmpFrame.height() =0 hasIntersection =false
07-15 20:33:23.049 28726 28726 W InsetsSource: Has no intersection or mTmpFrame.height(), return Insets.NONE mTmpFrame.height() =0 hasIntersection =false
07-15 20:33:23.049 28726 28726 W InsetsSource: Has no intersection or mTmpFrame.height(), return Insets.NONE mTmpFrame.height() =0 hasIntersection =false
07-15 20:33:23.049 28726 28726 W InsetsSource: Has no intersection or mTmpFrame.height(), return Insets.NONE mTmpFrame.height() =0 hasIntersection =false
07-15 20:33:23.049 28726 28726 W InsetsSource: Has no intersection or mTmpFrame.height(), return Insets.NONE mTmpFrame.height() =0 hasIntersection =false
07-15 20:33:23.050 28726 28726 W InsetsSource: Has no intersection or mTmpFrame.height(), return Insets.NONE mTmpFrame.height() =0 hasIntersection =false
07-15 20:33:23.050 28726 28726 W InsetsSource: Has no intersection or mTmpFrame.height(), return Insets.NONE mTmpFrame.height() =0 hasIntersection =false
07-15 20:33:23.050  1750  4205 D AHAL: AudioDeviceCustom: SetParameters: 134: SetParameters screen_state=on
07-15 20:33:23.050  1750  4205 D CustomInterface: CustomInterfaceSetParameters: enter kvpairs is screen_state=on
07-15 20:33:23.050  1750  4205 D CustomInterface: CustomInterfaceSetParameters: exit
07-15 20:33:23.050  1750  4205 D AHAL: AudioDeviceCustom: SetParameters: 447: AUDIO_MODE_RINGTONE 1 speaker_number  mode 0
07-15 20:33:23.050  1750  4205 D AHAL: AudioDevice: SetParameters: 1763: Enter: kvpairs is screen_state=on
07-15 20:33:23.050  1750  4205 D AHAL: AudioVoice: VoiceSetParameters: 215: Enter params: screen_state=on
07-15 20:33:23.050  1750  4205 D AHAL: AudioVoice: VoiceSetParameters: 682: Exit ret: 0
07-15 20:33:23.050  1750  4205 D AHAL: hfp: hfp_set_parameters: 444: enter
07-15 20:33:23.050  1750  4205 D AHAL: FM: fm_set_parameters: 261: Enter
07-15 20:33:23.050  1750  4205 D AHAL: FM: fm_set_parameters: 319: Exit
07-15 20:33:23.050  1750  4205 D AHAL: AudioDevice: SetParameters: 1834:  - screen = on
07-15 20:33:23.050  1750  4205 D PAL: API: pal_set_param: 1306: Enter: param id 8 (PAL_PARAM_ID_SCREEN_STATE)
07-15 20:33:23.050  1750  4205 D PAL: ResourceManager: setParameter: 11148: Enter param id: 8 (PAL_PARAM_ID_SCREEN_STATE)
07-15 20:33:23.050  1750  4205 I PAL: ResourceManager: setParameter: 11175: Screen State:1
07-15 20:33:23.050  1750  4205 D PAL: ResourceManager: setParameter: 12750: Exit status: 0
07-15 20:33:23.050  1750  4205 D PAL: API: pal_set_param: 1323: Exit, status 0
07-15 20:33:23.050  1750  4205 D AHAL: AudioDevice: SetParameters: 2819: enter fcsam_setParameters_v2
07-15 20:33:23.050  1750  4205 D AHAL: AudioDevice: SetParameters: 2904: Exit: -2
07-15 20:33:23.050 30799 30799 W InsetsSource: Has no intersection or mTmpFrame.height(), return Insets.NONE mTmpFrame.height() =0 hasIntersection =false
07-15 20:33:23.050 30799 30799 W InsetsSource: Has no intersection or mTmpFrame.height(), return Insets.NONE mTmpFrame.height() =0 hasIntersection =false
07-15 20:33:23.050 30799 30799 W InsetsSource: Has no intersection or mTmpFrame.height(), return Insets.NONE mTmpFrame.height() =0 hasIntersection =false
07-15 20:33:23.050 30799 30799 W InsetsSource: Has no intersection or mTmpFrame.height(), return Insets.NONE mTmpFrame.height() =0 hasIntersection =false
07-15 20:33:23.049 29501 29501 W Launcher: onDisplayChanged: newRotation=0, mCurrentRotation=0
07-15 20:33:23.050 30799 30799 W InsetsSource: Has no intersection or mTmpFrame.height(), return Insets.NONE mTmpFrame.height() =0 hasIntersection =false
07-15 20:33:23.050 30799 30799 W InsetsSource: Has no intersection or mTmpFrame.height(), return Insets.NONE mTmpFrame.height() =0 hasIntersection =false
07-15 20:33:23.050 32381 32381 W InsetsSource: Has no intersection or mTmpFrame.height(), return Insets.NONE mTmpFrame.height() =0 hasIntersection =false
07-15 20:33:23.050 32381 32381 W InsetsSource: Has no intersection or mTmpFrame.height(), return Insets.NONE mTmpFrame.height() =0 hasIntersection =false
07-15 20:33:23.050 32381 32381 W InsetsSource: Has no intersection or mTmpFrame.height(), return Insets.NONE mTmpFrame.height() =0 hasIntersection =false
07-15 20:33:23.050 32381 32381 W InsetsSource: Has no intersection or mTmpFrame.height(), return Insets.NONE mTmpFrame.height() =0 hasIntersection =false
07-15 20:33:23.050 32381 32381 W InsetsSource: Has no intersection or mTmpFrame.height(), return Insets.NONE mTmpFrame.height() =0 hasIntersection =false
07-15 20:33:23.050 32381 32381 W InsetsSource: Has no intersection or mTmpFrame.height(), return Insets.NONE mTmpFrame.height() =0 hasIntersection =false
07-15 20:33:23.051  1750  4205 D r_submix: adev_set_parameters() kvpairs='screen_state=on'
07-15 20:33:23.051 29718 29718 W InsetsSource: Has no intersection or mTmpFrame.height(), return Insets.NONE mTmpFrame.height() =0 hasIntersection =false
07-15 20:33:23.051 29718 29718 W InsetsSource: Has no intersection or mTmpFrame.height(), return Insets.NONE mTmpFrame.height() =0 hasIntersection =false
07-15 20:33:23.051 29718 29718 W InsetsSource: Has no intersection or mTmpFrame.height(), return Insets.NONE mTmpFrame.height() =0 hasIntersection =false
07-15 20:33:23.048 29501 30171 W GestureStubView_Left: onDisplayChanged
07-15 20:33:23.051 29718 29718 W InsetsSource: Has no intersection or mTmpFrame.height(), return Insets.NONE mTmpFrame.height() =0 hasIntersection =false
07-15 20:33:23.051 29718 29718 W InsetsSource: Has no intersection or mTmpFrame.height(), return Insets.NONE mTmpFrame.height() =0 hasIntersection =false
07-15 20:33:23.051 29718 29718 W InsetsSource: Has no intersection or mTmpFrame.height(), return Insets.NONE mTmpFrame.height() =0 hasIntersection =false
07-15 20:33:23.051 29501 30171 W GestureStubView_Left: adaptRotation   currentRotation=0   mRotation=0
07-15 20:33:23.051 29501 30171 W GestureStubView_Right: onDisplayChanged
07-15 20:33:23.051 29501 30171 W GestureStubView_Right: adaptRotation   currentRotation=0   mRotation=0
07-15 20:33:23.052 32308 32308 W InsetsSource: Has no intersection or mTmpFrame.height(), return Insets.NONE mTmpFrame.height() =0 hasIntersection =false
07-15 20:33:23.052 32308 32308 W InsetsSource: Has no intersection or mTmpFrame.height(), return Insets.NONE mTmpFrame.height() =0 hasIntersection =false
07-15 20:33:23.052 32308 32308 W InsetsSource: Has no intersection or mTmpFrame.height(), return Insets.NONE mTmpFrame.height() =0 hasIntersection =false
07-15 20:33:23.052 32308 32308 W InsetsSource: Has no intersection or mTmpFrame.height(), return Insets.NONE mTmpFrame.height() =0 hasIntersection =false
07-15 20:33:23.052 32308 32308 W InsetsSource: Has no intersection or mTmpFrame.height(), return Insets.NONE mTmpFrame.height() =0 hasIntersection =false
07-15 20:33:23.052 32308 32308 W InsetsSource: Has no intersection or mTmpFrame.height(), return Insets.NONE mTmpFrame.height() =0 hasIntersection =false
07-15 20:33:23.073  1799 19529 D SDM     : CompManager::NotifyCwbDone: display 0 notify cwb callback, status = 0
07-15 20:33:23.074  1799  3999 D SDM     : HWCSession::NotifyCWBStatus: Notify the client about buffer status 0.
07-15 20:33:23.075  1799  3999 D SDM     : HWCSession::ProcessCWBStatus: CWB queue is empty. Display: 0
07-15 20:33:23.076  3173  6455 E libsensor-parseRGB: CWB NotifyCWBBufferDone  error 0
07-15 20:33:23.086  2530  3769 I MiSensorServiceImpl: user found in check list, getPackageName  android.view.OrientationEventListener
07-15 20:33:23.086  2530  3769 I MiSensorServiceImpl: user found in check list, getPackageName  android.view.OrientationEventListener
07-15 20:33:23.086  2530  3769 I MiSensorServiceImpl: user found in check list, getPackageName  android.view.OrientationEventListener
07-15 20:33:23.086  2530  3769 I MiSensorServiceImpl: user found in check list, getPackageName  android.view.OrientationEventListener
07-15 20:33:23.086  2530  3769 I MiSensorServiceImpl: user found in check list, getPackageName  android.view.OrientationEventListener
07-15 20:33:23.086  2530  3769 I MiSensorServiceImpl: user found in check list, getPackageName  android.view.OrientationEventListener
07-15 20:33:23.086  2530  3769 I MiSensorServiceImpl: user found in check list, getPackageName  android.view.OrientationEventListener
07-15 20:33:23.086  2530  3769 I MiSensorServiceImpl: user found in check list, getPackageName  android.view.OrientationEventListener
07-15 20:33:23.086  2530  3769 I MiSensorServiceImpl: user found in check list, getPackageName  android.view.OrientationEventListener
07-15 20:33:23.127  1799  1982 I SDM     : DisplayBase::CommitThread: Received idle timeout, panel: cmd, timeout: 70000 us
