07-15 20:33:27.819  2530  3769 I MiSensorServiceImpl: user found in check list, getPackageName  android.view.OrientationEventListener
07-15 20:33:27.819  2530  3769 I MiSensorServiceImpl: user found in check list, getPackageName  android.view.OrientationEventListener
07-15 20:33:27.819  2530  3769 I MiSensorServiceImpl: user found in check list, getPackageName  android.view.OrientationEventListener
07-15 20:33:27.819  2530  3769 I MiSensorServiceImpl: user found in check list, getPackageName  android.view.OrientationEventListener
07-15 20:33:27.819  2530  3769 I MiSensorServiceImpl: user found in check list, getPackageName  android.view.OrientationEventListener
07-15 20:33:27.819  2530  3769 I MiSensorServiceImpl: user found in check list, getPackageName  android.view.OrientationEventListener
07-15 20:33:27.855  1799 19529 D SDM     : CompManager::NotifyCwbDone: display 0 notify cwb callback, status = 0
07-15 20:33:27.855  1799  3999 D SDM     : HWCSession::NotifyCWBStatus: Notify the client about buffer status 0.
07-15 20:33:27.856  3173  3231 E libsensor-parseRGB: CWB NotifyCWBBufferDone  error 0
07-15 20:33:27.856  1799  3999 D SDM     : HWCSession::ProcessCWBStatus: CWB queue is empty. Display: 0
07-15 20:33:27.885  3173  3996 I libsensor-boledalgo: Write:the value of channelCali C:56836.9,R:20244.4,G:20512.7,B:6067.5,scales [1.043961,1.027310,1.040791,0.892234]
07-15 20:33:27.886  2530  3769 I MiSensorServiceImpl: user found in check list, getPackageName  android.view.OrientationEventListener
07-15 20:33:27.886  2530  3769 I MiSensorServiceImpl: user found in check list, getPackageName  android.view.OrientationEventListener
07-15 20:33:27.886  2530  3769 I MiSensorServiceImpl: user found in check list, getPackageName  android.view.OrientationEventListener
07-15 20:33:27.886  2530  3769 I MiSensorServiceImpl: user found in check list, getPackageName  android.view.OrientationEventListener
07-15 20:33:27.886  2530  3769 I MiSensorServiceImpl: user found in check list, getPackageName  android.view.OrientationEventListener
07-15 20:33:27.886  2530  3769 I MiSensorServiceImpl: user found in check list, getPackageName  android.view.OrientationEventListener
07-15 20:33:27.886  2530  3769 I MiSensorServiceImpl: user found in check list, getPackageName  android.view.OrientationEventListener
07-15 20:33:27.886  2530  3769 I MiSensorServiceImpl: user found in check list, getPackageName  android.view.OrientationEventListener
07-15 20:33:27.887  3173  3996 D libsensor-boledalgo: brightness:1212,R:45620.4,G:47145.6,B:47145.6,EVENT C:127812.0,R:49203.0,G:46785.0,B:13366.0, lux: 217.0, clone:46712
07-15 20:33:27.906  1799  1982 I SDM     : DisplayBase::CommitThread: Received idle timeout, panel: cmd, timeout: 69999 us
07-15 20:33:27.952  2530  3769 I MiSensorServiceImpl: user found in check list, getPackageName  android.view.OrientationEventListener
07-15 20:33:27.952 17730 18218 D JavaheapMonitor: Java heap used=3M max=256M, proc: com.google.android.gms.ui
07-15 20:33:27.953  2530  3769 I MiSensorServiceImpl: user found in check list, getPackageName  android.view.OrientationEventListener
07-15 20:33:27.953  2530  3769 I MiSensorServiceImpl: user found in check list, getPackageName  android.view.OrientationEventListener
07-15 20:33:27.953 17730 18218 V JavaheapMonitor: Check java heap usage finished! Next check delay: 300000
07-15 20:33:27.953  2530  3769 I MiSensorServiceImpl: user found in check list, getPackageName  android.view.OrientationEventListener
07-15 20:33:27.953  2530  3769 I MiSensorServiceImpl: user found in check list, getPackageName  android.view.OrientationEventListener
07-15 20:33:27.953  2530  3769 I MiSensorServiceImpl: user found in check list, getPackageName  android.view.OrientationEventListener
07-15 20:33:27.953  2530  3769 I MiSensorServiceImpl: user found in check list, getPackageName  android.view.OrientationEventListener
07-15 20:33:27.953  2530  3769 I MiSensorServiceImpl: user found in check list, getPackageName  android.view.OrientationEventListener
07-15 20:33:27.953  2530  3769 I MiSensorServiceImpl: user found in check list, getPackageName  android.view.OrientationEventListener
07-15 20:33:27.996  2530  6523 I ActivityManager: unbindService com.android.server.am.ActiveServices@245ba58 conn=android.os.BinderProxy@634dfe4 callingPid=14191
07-15 20:33:27.997  1836  1836 I vendor.qti.hardware.servicetrackeraidl-service: unbindService is called for service : com.google.android.gms/.chimera.PersistentApiService and for client com.google.android.gms.persistent
07-15 20:33:28.001  1752  5453 D vendor.qti.bluetooth@1.1-wake_lock: Release wakelock is released 
07-15 20:33:28.001 14191 14191 D BoundBrokerSvc: onUnbind: Intent { act=com.google.android.gms.common.telemetry.service.START dat=chimera-action:/... xflg=0x4 cmp=com.google.android.gms/.chimera.PersistentApiService }
07-15 20:33:28.020  2530  3769 I MiSensorServiceImpl: user found in check list, getPackageName  android.view.OrientationEventListener
07-15 20:33:28.020  2530  3769 I MiSensorServiceImpl: user found in check list, getPackageName  android.view.OrientationEventListener
07-15 20:33:28.020  2530  3769 I MiSensorServiceImpl: user found in check list, getPackageName  android.view.OrientationEventListener
07-15 20:33:28.020  2530  3769 I MiSensorServiceImpl: user found in check list, getPackageName  android.view.OrientationEventListener
07-15 20:33:28.020  2530  3769 I MiSensorServiceImpl: user found in check list, getPackageName  android.view.OrientationEventListener
07-15 20:33:28.020  2530  3769 I MiSensorServiceImpl: user found in check list, getPackageName  android.view.OrientationEventListener
07-15 20:33:28.020  2530  3769 I MiSensorServiceImpl: user found in check list, getPackageName  android.view.OrientationEventListener
07-15 20:33:28.020  2530  3769 I MiSensorServiceImpl: user found in check list, getPackageName  android.view.OrientationEventListener
07-15 20:33:28.020  2530  3769 I MiSensorServiceImpl: user found in check list, getPackageName  android.view.OrientationEventListener
07-15 20:33:28.038 21483 22286 D JavaheapMonitor: Java heap used=7M max=256M, proc: com.google.android.tts
07-15 20:33:28.039 21483 22286 V JavaheapMonitor: Check java heap usage finished! Next check delay: 300000
07-15 20:33:28.086  2530  3769 I MiSensorServiceImpl: user found in check list, getPackageName  android.view.OrientationEventListener
07-15 20:33:28.086  2530  3769 I MiSensorServiceImpl: user found in check list, getPackageName  android.view.OrientationEventListener
07-15 20:33:28.086  2530  3769 I MiSensorServiceImpl: user found in check list, getPackageName  android.view.OrientationEventListener
07-15 20:33:28.086  2530  3769 I MiSensorServiceImpl: user found in check list, getPackageName  android.view.OrientationEventListener
07-15 20:33:28.086  2530  3769 I MiSensorServiceImpl: user found in check list, getPackageName  android.view.OrientationEventListener
07-15 20:33:28.086  2530  3769 I MiSensorServiceImpl: user found in check list, getPackageName  android.view.OrientationEventListener
07-15 20:33:28.086  2530  3769 I MiSensorServiceImpl: user found in check list, getPackageName  android.view.OrientationEventListener
07-15 20:33:28.086  2530  3769 I MiSensorServiceImpl: user found in check list, getPackageName  android.view.OrientationEventListener
07-15 20:33:28.152  2530  3769 I MiSensorServiceImpl: user found in check list, getPackageName  android.view.OrientationEventListener
07-15 20:33:28.152  2530  3769 I MiSensorServiceImpl: user found in check list, getPackageName  android.view.OrientationEventListener
07-15 20:33:28.153  2530  3769 I MiSensorServiceImpl: user found in check list, getPackageName  android.view.OrientationEventListener
07-15 20:33:28.153  2530  3769 I MiSensorServiceImpl: user found in check list, getPackageName  android.view.OrientationEventListener
07-15 20:33:28.153  2530  3769 I MiSensorServiceImpl: user found in check list, getPackageName  android.view.OrientationEventListener
07-15 20:33:28.153  2530  3769 I MiSensorServiceImpl: user found in check list, getPackageName  android.view.OrientationEventListener
07-15 20:33:28.153  2530  3769 I MiSensorServiceImpl: user found in check list, getPackageName  android.view.OrientationEventListener
07-15 20:33:28.153  2530  3769 I MiSensorServiceImpl: user found in check list, getPackageName  android.view.OrientationEventListener
07-15 20:33:28.153  2530  3769 I MiSensorServiceImpl: user found in check list, getPackageName  android.view.OrientationEventListener
07-15 20:33:28.220  2530  3769 I MiSensorServiceImpl: user found in check list, getPackageName  android.view.OrientationEventListener
07-15 20:33:28.220  2530  3769 I MiSensorServiceImpl: user found in check list, getPackageName  android.view.OrientationEventListener
07-15 20:33:28.220  2530  3769 I MiSensorServiceImpl: user found in check list, getPackageName  android.view.OrientationEventListener
07-15 20:33:28.220  2530  3769 I MiSensorServiceImpl: user found in check list, getPackageName  android.view.OrientationEventListener
07-15 20:33:28.220  2530  3769 I MiSensorServiceImpl: user found in check list, getPackageName  android.view.OrientationEventListener
07-15 20:33:28.220  2530  3769 I MiSensorServiceImpl: user found in check list, getPackageName  android.view.OrientationEventListener
07-15 20:33:28.220  2530  3769 I MiSensorServiceImpl: user found in check list, getPackageName  android.view.OrientationEventListener
07-15 20:33:28.220  2530  3769 I MiSensorServiceImpl: user found in check list, getPackageName  android.view.OrientationEventListener
07-15 20:33:28.220  2530  3769 I MiSensorServiceImpl: user found in check list, getPackageName  android.view.OrientationEventListener
07-15 20:33:28.247  2530  6523 I ActivityManager: unbindService com.android.server.am.ActiveServices@245ba58 conn=android.os.BinderProxy@7f709f8 callingPid=8703
07-15 20:33:28.248  1836  1836 I vendor.qti.hardware.servicetrackeraidl-service: unbindService is called for service : com.google.android.gms/.ads.identifier.service.AdvertisingIdService and for client jp.naver.line.android
07-15 20:33:28.248  1836  1836 I vendor.qti.hardware.servicetrackeraidl-service: size of service connections for service: com.google.android.gms/.ads.identifier.service.AdvertisingIdServiceafter removal is 2
07-15 20:33:28.249  1836  1836 I vendor.qti.hardware.servicetrackeraidl-service: size of client connections for client: jp.naver.line.androidafter removal is 3
07-15 20:33:28.286  2530  3769 I MiSensorServiceImpl: user found in check list, getPackageName  android.view.OrientationEventListener
07-15 20:33:28.286  2530  3769 I MiSensorServiceImpl: user found in check list, getPackageName  android.view.OrientationEventListener
07-15 20:33:28.286  2530  3769 I MiSensorServiceImpl: user found in check list, getPackageName  android.view.OrientationEventListener
07-15 20:33:28.286  2530  3769 I MiSensorServiceImpl: user found in check list, getPackageName  android.view.OrientationEventListener
07-15 20:33:28.286  2530  3769 I MiSensorServiceImpl: user found in check list, getPackageName  android.view.OrientationEventListener
07-15 20:33:28.286  2530  3769 I MiSensorServiceImpl: user found in check list, getPackageName  android.view.OrientationEventListener
07-15 20:33:28.286  2530  3769 I MiSensorServiceImpl: user found in check list, getPackageName  android.view.OrientationEventListener
07-15 20:33:28.286  2530  3769 I MiSensorServiceImpl: user found in check list, getPackageName  android.view.OrientationEventListener
07-15 20:33:28.353  2530  3769 I MiSensorServiceImpl: user found in check list, getPackageName  android.view.OrientationEventListener
07-15 20:33:28.353  2530  3769 I MiSensorServiceImpl: user found in check list, getPackageName  android.view.OrientationEventListener
07-15 20:33:28.353  2530  3769 I MiSensorServiceImpl: user found in check list, getPackageName  android.view.OrientationEventListener
07-15 20:33:28.353  2530  3769 I MiSensorServiceImpl: user found in check list, getPackageName  android.view.OrientationEventListener
07-15 20:33:28.353  2530  3769 I MiSensorServiceImpl: user found in check list, getPackageName  android.view.OrientationEventListener
07-15 20:33:28.353  2530  3769 I MiSensorServiceImpl: user found in check list, getPackageName  android.view.OrientationEventListener
07-15 20:33:28.353  2530  3769 I MiSensorServiceImpl: user found in check list, getPackageName  android.view.OrientationEventListener
07-15 20:33:28.353  2530  3769 I MiSensorServiceImpl: user found in check list, getPackageName  android.view.OrientationEventListener
07-15 20:33:28.353  2530  3769 I MiSensorServiceImpl: user found in check list, getPackageName  android.view.OrientationEventListener
07-15 20:33:28.413 26296 27228 D JavaheapMonitor: Java heap used=12M max=256M, proc: com.google.android.adservices.api
07-15 20:33:28.414 26296 27228 V JavaheapMonitor: Check java heap usage finished! Next check delay: 300000
07-15 20:33:28.419  2530  3769 I MiSensorServiceImpl: user found in check list, getPackageName  android.view.OrientationEventListener
07-15 20:33:28.419  2530  3769 I MiSensorServiceImpl: user found in check list, getPackageName  android.view.OrientationEventListener
07-15 20:33:28.419  2530  3769 I MiSensorServiceImpl: user found in check list, getPackageName  android.view.OrientationEventListener
07-15 20:33:28.419  2530  3769 I MiSensorServiceImpl: user found in check list, getPackageName  android.view.OrientationEventListener
07-15 20:33:28.419  2530  3769 I MiSensorServiceImpl: user found in check list, getPackageName  android.view.OrientationEventListener
07-15 20:33:28.420  2530  3769 I MiSensorServiceImpl: user found in check list, getPackageName  android.view.OrientationEventListener
07-15 20:33:28.420  2530  3769 I MiSensorServiceImpl: user found in check list, getPackageName  android.view.OrientationEventListener
07-15 20:33:28.420  2530  3769 I MiSensorServiceImpl: user found in check list, getPackageName  android.view.OrientationEventListener
07-15 20:33:28.420  2530  3769 I MiSensorServiceImpl: user found in check list, getPackageName  android.view.OrientationEventListener
07-15 20:33:28.420  3165  3861 E msys    : E[N mns:DGWClient]_LogError(328)=>Failed to resolve using system DNS resolver, getaddrinfo(): No address associated with hostname
07-15 20:33:28.426  3165  3861 E msys    : E[N mns:DGWClient]_LogError(328)=>Failed to resolve using system DNS resolver, getaddrinfo(): No address associated with hostname
07-15 20:33:28.446  8715  9258 D JavaheapMonitor: Java heap used=4M max=256M, proc: com.google.android.providers.media.module
07-15 20:33:28.446  8715  9258 V JavaheapMonitor: Check java heap usage finished! Next check delay: 300000
07-15 20:33:28.484  3173  3996 I libsensor-boledalgo: Write:the value of channelCali C:56836.9,R:20244.4,G:20512.7,B:6067.5,scales [1.043961,1.027310,1.040791,0.892234]
07-15 20:33:28.484  3173  3996 D libsensor-boledalgo: brightness:1212,R:45620.4,G:47145.6,B:47145.6,EVENT C:127864.0,R:49192.0,G:46822.0,B:13374.0, lux: 217.3, clone:46712
07-15 20:33:28.486  2530  3769 I MiSensorServiceImpl: user found in check list, getPackageName  android.view.OrientationEventListener
07-15 20:33:28.486  2530  3769 I MiSensorServiceImpl: user found in check list, getPackageName  android.view.OrientationEventListener
07-15 20:33:28.487  2530  3769 I MiSensorServiceImpl: user found in check list, getPackageName  android.view.OrientationEventListener
07-15 20:33:28.487  2530  3769 I MiSensorServiceImpl: user found in check list, getPackageName  android.view.OrientationEventListener
07-15 20:33:28.487  2530  3769 I MiSensorServiceImpl: user found in check list, getPackageName  android.view.OrientationEventListener
07-15 20:33:28.487  2530  3769 I MiSensorServiceImpl: user found in check list, getPackageName  android.view.OrientationEventListener
07-15 20:33:28.487  2530  3769 I MiSensorServiceImpl: user found in check list, getPackageName  android.view.OrientationEventListener
07-15 20:33:28.487  2530  3769 I MiSensorServiceImpl: user found in check list, getPackageName  android.view.OrientationEventListener
07-15 20:33:28.487  2530  3769 I MiSensorServiceImpl: user found in check list, getPackageName  android.view.OrientationEventListener
07-15 20:33:28.552  2530  3769 I MiSensorServiceImpl: user found in check list, getPackageName  android.view.OrientationEventListener
07-15 20:33:28.553  2530  3769 I MiSensorServiceImpl: user found in check list, getPackageName  android.view.OrientationEventListener
07-15 20:33:28.553  2530  3769 I MiSensorServiceImpl: user found in check list, getPackageName  android.view.OrientationEventListener
07-15 20:33:28.553  2530  3769 I MiSensorServiceImpl: user found in check list, getPackageName  android.view.OrientationEventListener
07-15 20:33:28.553  2530  3769 I MiSensorServiceImpl: user found in check list, getPackageName  android.view.OrientationEventListener
07-15 20:33:28.553  2530  3769 I MiSensorServiceImpl: user found in check list, getPackageName  android.view.OrientationEventListener
07-15 20:33:28.553  2530  3769 I MiSensorServiceImpl: user found in check list, getPackageName  android.view.OrientationEventListener
07-15 20:33:28.553  2530  3769 I MiSensorServiceImpl: user found in check list, getPackageName  android.view.OrientationEventListener
07-15 20:33:28.619  2530  3769 I MiSensorServiceImpl: user found in check list, getPackageName  android.view.OrientationEventListener
07-15 20:33:28.619  2530  3769 I MiSensorServiceImpl: user found in check list, getPackageName  android.view.OrientationEventListener
07-15 20:33:28.619  2530  3769 I MiSensorServiceImpl: user found in check list, getPackageName  android.view.OrientationEventListener
07-15 20:33:28.619  2530  3769 I MiSensorServiceImpl: user found in check list, getPackageName  android.view.OrientationEventListener
07-15 20:33:28.619  2530  3769 I MiSensorServiceImpl: user found in check list, getPackageName  android.view.OrientationEventListener
07-15 20:33:28.619  2530  3769 I MiSensorServiceImpl: user found in check list, getPackageName  android.view.OrientationEventListener
07-15 20:33:28.619  2530  3769 I MiSensorServiceImpl: user found in check list, getPackageName  android.view.OrientationEventListener
07-15 20:33:28.619  2530  3769 I MiSensorServiceImpl: user found in check list, getPackageName  android.view.OrientationEventListener
07-15 20:33:28.619  2530  3769 I MiSensorServiceImpl: user found in check list, getPackageName  android.view.OrientationEventListener
07-15 20:33:28.645  2530  5756 I NetworkAccelerateSwitchService: EVENT_RSSI_POLL. mRssiPoll=true
07-15 20:33:28.645  2530  5756 I NetworkAccelerateSwitchService: checkWifiRssiAndLinkSpeed rssi:65
07-15 20:33:28.645  2530  5756 I NetworkAccelerateSwitchService: checkWifiRssiAndLinkSpeed mWifiFastFade:false mWifiFastFadeAdjustThreshold:false
07-15 20:33:28.645  2530  5756 I NetworkAccelerateSwitchService: getAverageWifiRssi:65
07-15 20:33:28.647  2530  5756 D NetworkAccelerateSwitchService: checkIntervalModeChange mMovementState:false mIntervalMode:0 mIsBadLinkLayerQoE:false mBadLinkLayerQoETimes = 0
07-15 20:33:28.671  6865  6999 D QLM-Service: check_headroom_zone: Timer EVT, Temp: 37671
07-15 20:33:28.685  3173  3996 I libsensor-boledalgo: Write:the value of channelCali C:56836.9,R:20244.4,G:20512.7,B:6067.5,scales [1.043961,1.027310,1.040791,0.892234]
07-15 20:33:28.685  3173  3996 D libsensor-boledalgo: brightness:1212,R:45620.4,G:47145.6,B:47145.6,EVENT C:127736.0,R:49162.0,G:46773.0,B:13364.0, lux: 216.9, clone:46712
07-15 20:33:28.686  2530  3769 I MiSensorServiceImpl: user found in check list, getPackageName  android.view.OrientationEventListener
07-15 20:33:28.686  2530  3769 I MiSensorServiceImpl: user found in check list, getPackageName  android.view.OrientationEventListener
07-15 20:33:28.686  2530  3769 I MiSensorServiceImpl: user found in check list, getPackageName  android.view.OrientationEventListener
07-15 20:33:28.686  2530  3769 I MiSensorServiceImpl: user found in check list, getPackageName  android.view.OrientationEventListener
07-15 20:33:28.686  2530  3769 I MiSensorServiceImpl: user found in check list, getPackageName  android.view.OrientationEventListener
07-15 20:33:28.686  2530  3769 I MiSensorServiceImpl: user found in check list, getPackageName  android.view.OrientationEventListener
07-15 20:33:28.686  2530  3769 I MiSensorServiceImpl: user found in check list, getPackageName  android.view.OrientationEventListener
07-15 20:33:28.686  2530  3769 I MiSensorServiceImpl: user found in check list, getPackageName  android.view.OrientationEventListener
07-15 20:33:28.686  2530  3769 I MiSensorServiceImpl: user found in check list, getPackageName  android.view.OrientationEventListener
07-15 20:33:28.753  2530  3769 I MiSensorServiceImpl: user found in check list, getPackageName  android.view.OrientationEventListener
07-15 20:33:28.753  2530  3769 I MiSensorServiceImpl: user found in check list, getPackageName  android.view.OrientationEventListener
07-15 20:33:28.753  2530  3769 I MiSensorServiceImpl: user found in check list, getPackageName  android.view.OrientationEventListener
07-15 20:33:28.753  2530  3769 I MiSensorServiceImpl: user found in check list, getPackageName  android.view.OrientationEventListener
07-15 20:33:28.753  2530  3769 I MiSensorServiceImpl: user found in check list, getPackageName  android.view.OrientationEventListener
07-15 20:33:28.753  2530  3769 I MiSensorServiceImpl: user found in check list, getPackageName  android.view.OrientationEventListener
07-15 20:33:28.753  2530  3769 I MiSensorServiceImpl: user found in check list, getPackageName  android.view.OrientationEventListener
07-15 20:33:28.753  2530  3769 I MiSensorServiceImpl: user found in check list, getPackageName  android.view.OrientationEventListener
07-15 20:33:28.801  1799  1982 D SDM     : HWDeviceDRM::SetupConcurrentWriteback: Tear down the Concurrent Writeback topology
07-15 20:33:28.801  1799  2475 I vendor.qti.hardware.display.composer-service: Sensor: notify citsensorservice to trigger cwb, misForced = 0
07-15 20:33:28.802  3173  3979 I libsensor-parseRGB: request dump start for mRequestDisplayId 0
07-15 20:33:28.802  3173  3979 D vendor.xiaomi.sensor.citsensorservice.aidl: handle id:21 wxh:1536x3200 uwxuh:1440x3200 size: 14745600 fd:17 fd_meta:18 flags:0x228 usage:0x33  format:0x3 layer_count: 1 reserved_size = 0 custom_content_md_reserved_size = 0
07-15 20:33:28.803  1799  1799 D SDM     : HWCSession::PostBuffer: CWB config passed by cwb_client : tappoint 1  CWB_ROI : (738.000000 74.000000 979.000000 315.000000)
07-15 20:33:28.804  2054  2446 E HwcComposer: getLuts failed Status(-129, EX_TRANSACTION_FAILED): 'UNKNOWN_TRANSACTION: '
07-15 20:33:28.819  2530  3769 I MiSensorServiceImpl: user found in check list, getPackageName  android.view.OrientationEventListener
07-15 20:33:28.819  2530  3769 I MiSensorServiceImpl: user found in check list, getPackageName  android.view.OrientationEventListener
07-15 20:33:28.819  2530  3769 I MiSensorServiceImpl: user found in check list, getPackageName  android.view.OrientationEventListener
07-15 20:33:28.819  2530  3769 I MiSensorServiceImpl: user found in check list, getPackageName  android.view.OrientationEventListener
07-15 20:33:28.819  2530  3769 I MiSensorServiceImpl: user found in check list, getPackageName  android.view.OrientationEventListener
07-15 20:33:28.819  2530  3769 I MiSensorServiceImpl: user found in check list, getPackageName  android.view.OrientationEventListener
07-15 20:33:28.819  2530  3769 I MiSensorServiceImpl: user found in check list, getPackageName  android.view.OrientationEventListener
07-15 20:33:28.819  2530  3769 I MiSensorServiceImpl: user found in check list, getPackageName  android.view.OrientationEventListener
07-15 20:33:28.819  2530  3769 I MiSensorServiceImpl: user found in check list, getPackageName  android.view.OrientationEventListener
07-15 20:33:28.854  1799 19529 D SDM     : CompManager::NotifyCwbDone: display 0 notify cwb callback, status = 0
07-15 20:33:28.855  1799  3999 D SDM     : HWCSession::NotifyCWBStatus: Notify the client about buffer status 0.
07-15 20:33:28.855  1799  3999 D SDM     : HWCSession::ProcessCWBStatus: CWB queue is empty. Display: 0
07-15 20:33:28.855  3173  6455 E libsensor-parseRGB: CWB NotifyCWBBufferDone  error 0
07-15 20:33:28.886  3173  3996 I libsensor-boledalgo: Write:the value of channelCali C:56836.9,R:20244.4,G:20512.7,B:6067.5,scales [1.043961,1.027310,1.040791,0.892234]
07-15 20:33:28.886  3173  3996 D libsensor-boledalgo: brightness:1212,R:45620.4,G:47145.6,B:47145.6,EVENT C:127492.0,R:49122.0,G:46715.0,B:13318.0, lux: 216.4, clone:46712
07-15 20:33:28.887  2530  3769 I MiSensorServiceImpl: user found in check list, getPackageName  android.view.OrientationEventListener
07-15 20:33:28.887  2530  3769 I MiSensorServiceImpl: user found in check list, getPackageName  android.view.OrientationEventListener
07-15 20:33:28.887  2530  3769 I MiSensorServiceImpl: user found in check list, getPackageName  android.view.OrientationEventListener
07-15 20:33:28.887  2530  3769 I MiSensorServiceImpl: user found in check list, getPackageName  android.view.OrientationEventListener
07-15 20:33:28.887  2530  3769 I MiSensorServiceImpl: user found in check list, getPackageName  android.view.OrientationEventListener
07-15 20:33:28.887  2530  3769 I MiSensorServiceImpl: user found in check list, getPackageName  android.view.OrientationEventListener
07-15 20:33:28.887  2530  3769 I MiSensorServiceImpl: user found in check list, getPackageName  android.view.OrientationEventListener
07-15 20:33:28.887  2530  3769 I MiSensorServiceImpl: user found in check list, getPackageName  android.view.OrientationEventListener
07-15 20:33:28.887  2530  3769 I MiSensorServiceImpl: user found in check list, getPackageName  android.view.OrientationEventListener
07-15 20:33:28.906  1799  1982 I SDM     : DisplayBase::CommitThread: Received idle timeout, panel: cmd, timeout: 70000 us
07-15 20:33:28.953  2530  3769 I MiSensorServiceImpl: user found in check list, getPackageName  android.view.OrientationEventListener
07-15 20:33:28.953  2530  3769 I MiSensorServiceImpl: user found in check list, getPackageName  android.view.OrientationEventListener
07-15 20:33:28.953  2530  3769 I MiSensorServiceImpl: user found in check list, getPackageName  android.view.OrientationEventListener
07-15 20:33:28.953  2530  3769 I MiSensorServiceImpl: user found in check list, getPackageName  android.view.OrientationEventListener
07-15 20:33:28.953  2530  3769 I MiSensorServiceImpl: user found in check list, getPackageName  android.view.OrientationEventListener
07-15 20:33:28.953  2530  3769 I MiSensorServiceImpl: user found in check list, getPackageName  android.view.OrientationEventListener
07-15 20:33:28.953  2530  3769 I MiSensorServiceImpl: user found in check list, getPackageName  android.view.OrientationEventListener
07-15 20:33:28.953  2530  3769 I MiSensorServiceImpl: user found in check list, getPackageName  android.view.OrientationEventListener
07-15 20:33:28.993  5114  5114 D DeviceCenterCardController: onGlobalLayout
07-15 20:33:29.008  2530  4490 I NetworkBoostStatusManager: handle: 102
07-15 20:33:29.008  5068  5765 E PhoneAdapter: get ntnphones failed, exception: java.lang.IllegalStateException: not support satellite!
07-15 20:33:29.008  2530  4490 I NetworkBoostStatusManager: interfaceOnCapabilitiesChanged interface name:wlan0
07-15 20:33:29.011  2530  4005 D AmlWifiScoreReportInjector: isMobileDataSignalPoor rat= 18
07-15 20:33:29.012  5068  5068 D QtiLinkBandwidthEstimator-1: handleMessage: 4
07-15 20:33:29.012  5068  5703 W Settings: Setting airplane_mode_on has moved from android.provider.Settings.System to android.provider.Settings.Global, returning read-only value.
07-15 20:33:29.012  5068  5068 D QtiLinkBandwidthEstimator-0: handleMessage: 4
07-15 20:33:29.014  4867  6887 D QCNEJ/NativeAidlConnector: -> SND notifyDefaultNetworkChanged(1)
07-15 20:33:29.014  4867  6887 D cneJni  : sendDefaultNwMsg start
07-15 20:33:29.015  5593 15837 I IDMManager: onCapabilitiesChanged: network is 146
07-15 20:33:29.015 14191 15606 I NullBinder: NullBinder for android.net.action.RECOMMEND_NETWORKS triggering remote TransactionTooLargeException due to Service without Chimera impl, calling uid: 1000, calling pid: 0
07-15 20:33:29.015 14191 15606 W .gms.persistent: Large reply transaction of 1056768 bytes, interface descriptor , code 1
07-15 20:33:29.016  5593 15837 I IDMManager: network is not MiuiCarSoftAp
07-15 20:33:29.016  4867  6887 D cneJni  : sendWifiStatus start
07-15 20:33:29.016  4910  6803 D txpwrJni: sendNetworkInfo start
07-15 20:33:29.016  4910  6803 D txpwrJni: sendNetworkInfo RatType 0
07-15 20:33:29.018 14191 18567 I NullBinder: NullBinder for android.net.action.RECOMMEND_NETWORKS triggering remote TransactionTooLargeException due to Service without Chimera impl, calling uid: 1000, calling pid: 0
07-15 20:33:29.018 14191 18567 W .gms.persistent: Large reply transaction of 1056768 bytes, interface descriptor , code 1
07-15 20:33:29.019  2530  3769 I MiSensorServiceImpl: user found in check list, getPackageName  android.view.OrientationEventListener
07-15 20:33:29.019  2530  3769 I MiSensorServiceImpl: user found in check list, getPackageName  android.view.OrientationEventListener
07-15 20:33:29.019  2530  3769 I MiSensorServiceImpl: user found in check list, getPackageName  android.view.OrientationEventListener
07-15 20:33:29.019  2530  3769 I MiSensorServiceImpl: user found in check list, getPackageName  android.view.OrientationEventListener
07-15 20:33:29.019  2530  3769 I MiSensorServiceImpl: user found in check list, getPackageName  android.view.OrientationEventListener
07-15 20:33:29.019  2530  3769 I MiSensorServiceImpl: user found in check list, getPackageName  android.view.OrientationEventListener
07-15 20:33:29.019  2530  3769 I MiSensorServiceImpl: user found in check list, getPackageName  android.view.OrientationEventListener
07-15 20:33:29.019  2530  3769 I MiSensorServiceImpl: user found in check list, getPackageName  android.view.OrientationEventListener
07-15 20:33:29.019  2530  3769 I MiSensorServiceImpl: user found in check list, getPackageName  android.view.OrientationEventListener
07-15 20:33:29.019 28600 28876 I NetBusNetworkMonitor: onCapabilitiesChanged Cellular
07-15 20:33:29.019 28600 28876 I NetBusNetworkMonitor: onCapabilitiesChanged WIFI isPrimary = true
07-15 20:33:29.020 28600 28876 I NetBusNetworkMonitor: gateway=192.$)+.(#.1
07-15 20:33:29.021 14191 14191 D BoundBrokerSvc: onRebind: Intent { act=com.google.android.gms.common.telemetry.service.START dat=chimera-action:/... xflg=0x4 cmp=com.google.android.gms/.chimera.PersistentApiService }
07-15 20:33:29.021 29145 29954 W Settings: Setting device_provisioned has moved from android.provider.Settings.Secure to android.provider.Settings.Global.
07-15 20:33:29.021 29145 29954 I JoyoseCloudControlManager3: network metered changed, network metered: false, deviceProvisioned: true, scAllowConn: true, try to setNetworkAccessEnabled: true
07-15 20:33:29.023  1836  1836 I vendor.qti.hardware.servicetrackeraidl-service: bindService is called for service : com.google.android.gms/.chimera.PersistentApiService and for client com.google.android.gms.persistent
07-15 20:33:29.023  1836  1836 I vendor.qti.hardware.servicetrackeraidl-service: total connections for service : com.google.android.gms/.chimera.PersistentApiServiceare :58
07-15 20:33:29.023  1836  1836 I vendor.qti.hardware.servicetrackeraidl-service: total connections for client : com.google.android.gms.persistentare :6
07-15 20:33:29.024 28600 28876 I NetBusNetworkMonitor: addConnectNetworkInterface mediumType:256, detail:NetworkDetailInfo{mIsConnected=false, mIsSupportTdls=true, mNetworkType=0, mIpAddress=192.$)+.(#.60, mIfName=wlan0, mGateway=192.$)+.(#.1, mNetmask=255.%((.%((.0, mSsid=o**5G}
07-15 20:33:29.024 28600 28876 I NetBusNetworkMonitor: onCapabilitiesChanged WIFI handle=630470922253, mediumType=256, ifName=wlan0
07-15 20:33:29.035  2530  4029 D ConnectivityService: NetReassign [no changes] [c 1] [a 0] [i 1]
07-15 20:33:29.036 14191 27031 I NearbyMediums: Wifi changed new SSID: "onion_5G"
07-15 20:33:29.036 14191 27031 I NearbyMediums: WifiLanConnectivityInfo is not changed, skip notify.
07-15 20:33:29.086  2530  3769 I MiSensorServiceImpl: user found in check list, getPackageName  android.view.OrientationEventListener
07-15 20:33:29.086  2530  3769 I MiSensorServiceImpl: user found in check list, getPackageName  android.view.OrientationEventListener
07-15 20:33:29.086  2530  3769 I MiSensorServiceImpl: user found in check list, getPackageName  android.view.OrientationEventListener
07-15 20:33:29.086  2530  3769 I MiSensorServiceImpl: user found in check list, getPackageName  android.view.OrientationEventListener
07-15 20:33:29.086  2530  3769 I MiSensorServiceImpl: user found in check list, getPackageName  android.view.OrientationEventListener
07-15 20:33:29.086  2530  3769 I MiSensorServiceImpl: user found in check list, getPackageName  android.view.OrientationEventListener
07-15 20:33:29.086  2530  3769 I MiSensorServiceImpl: user found in check list, getPackageName  android.view.OrientationEventListener
07-15 20:33:29.086  2530  3769 I MiSensorServiceImpl: user found in check list, getPackageName  android.view.OrientationEventListener
07-15 20:33:29.086  2530  3769 I MiSensorServiceImpl: user found in check list, getPackageName  android.view.OrientationEventListener
07-15 20:33:29.147  1752  5992 D vendor.qti.bluetooth@1.1-wake_lock: Acquire wakelock is acquired 
07-15 20:33:29.152  4814  6038 D BluetoothRemoteDevices: Update property, device=XX:XX:XX:XX:35:AB, type: 1
07-15 20:33:29.152  4814  6038 D BluetoothRemoteDevices: Skip name update for XX:XX:XX:XX:35:AB
07-15 20:33:29.152  4814  6038 D BluetoothRemoteDevices: Update property, device=XX:XX:XX:XX:35:AB, type: 4
07-15 20:33:29.153  4814  6038 D BluetoothRemoteDevices: Skip class update, device=XX:XX:XX:XX:35:AB, cod=0x2a410c
07-15 20:33:29.153  4814  6038 D BluetoothRemoteDevices: Update property, device=XX:XX:XX:XX:35:AB, type: 5
07-15 20:33:29.153  4814  6038 D BluetoothRemoteDevices:  BT_PROPERTY_TYPE_OF_DEVICE addr:10:F6:0A:87:35:AB deviceType:3
07-15 20:33:29.153  4814  6038 D HyperRemoteDevicesAdapter: Update property, device=10:F6:0A:87:35:AB, type: 1
07-15 20:33:29.153  4814  6038 D HyperRemoteDevicesAdapter: Remote device name is: 岳振平LAPTOP type = 2 10:F6:0A:87:35:AB
07-15 20:33:29.153  4814  6038 D HyperRemoteDevicesAdapter: update name for XX:XX:XX:XX:35:AB type = 2 name = 岳振平LAPTOP 0
07-15 20:33:29.153  4814  6038 D HyperRemoteDevicesAdapter: Update property, device=10:F6:0A:87:35:AB, type: 4
07-15 20:33:29.153  4814  6038 D HyperRemoteDevicesAdapter: Update property, device=10:F6:0A:87:35:AB, type: 5
07-15 20:33:29.153  4814  6038 V ScanController: onScanResult() - eventType=0x1b, addressType=0, address=XX:XX:XX:XX:35:AB, primaryPhy=1, secondaryPhy=0, advertisingSid=0xff, txPower=127, rssi=-38, periodicAdvInt=0x0, originalAddress=10:F6:0A:87:35:AB
07-15 20:33:29.153  2530  3769 I MiSensorServiceImpl: user found in check list, getPackageName  android.view.OrientationEventListener
07-15 20:33:29.153  2530  3769 I MiSensorServiceImpl: user found in check list, getPackageName  android.view.OrientationEventListener
07-15 20:33:29.153  2530  3769 I MiSensorServiceImpl: user found in check list, getPackageName  android.view.OrientationEventListener
07-15 20:33:29.153  2530  3769 I MiSensorServiceImpl: user found in check list, getPackageName  android.view.OrientationEventListener
07-15 20:33:29.153  2530  3769 I MiSensorServiceImpl: user found in check list, getPackageName  android.view.OrientationEventListener
07-15 20:33:29.153  2530  3769 I MiSensorServiceImpl: user found in check list, getPackageName  android.view.OrientationEventListener
07-15 20:33:29.153  2530  3769 I MiSensorServiceImpl: user found in check list, getPackageName  android.view.OrientationEventListener
07-15 20:33:29.153  2530  3769 I MiSensorServiceImpl: user found in check list, getPackageName  android.view.OrientationEventListener
07-15 20:33:29.153  2530  3769 I MiSensorServiceImpl: user found in check list, getPackageName  android.view.OrientationEventListener
07-15 20:33:29.153  4814  6038 V ScanController: Skipping client: permission=true matches=false
07-15 20:33:29.153  4814  6038 V ScanController: Skipping client: permission=true matches=false
07-15 20:33:29.153  4814  6038 V ScanController: Skipping client: permission=true matches=false
07-15 20:33:29.154  4814  6038 V ScanController: Skipping client: permission=true matches=false
07-15 20:33:29.154  4814  6038 V ScanController: Skipping client: permission=true matches=false
07-15 20:33:29.158  4814  6038 V ScanController: onScanResult() - eventType=0x1, addressType=0, address=XX:XX:XX:XX:35:AB, primaryPhy=1, secondaryPhy=1, advertisingSid=0x3, txPower=127, rssi=-38, periodicAdvInt=0x0, originalAddress=10:F6:0A:87:35:AB
07-15 20:33:29.158  4814  6038 V ScanController: Legacy scan, non legacy result; skip.
07-15 20:33:29.158  4814  6038 V ScanController: Skipping client: permission=true matches=false
07-15 20:33:29.158  4814  6038 V ScanController: Skipping client: permission=true matches=false
07-15 20:33:29.158  4814  6038 V ScanController: Skipping client: permission=true matches=false
07-15 20:33:29.159  4814  6038 V ScanController: Skipping client: permission=true matches=false
07-15 20:33:29.219  2530  3769 I MiSensorServiceImpl: user found in check list, getPackageName  android.view.OrientationEventListener
07-15 20:33:29.220  2530  3769 I MiSensorServiceImpl: user found in check list, getPackageName  android.view.OrientationEventListener
07-15 20:33:29.220  2530  3769 I MiSensorServiceImpl: user found in check list, getPackageName  android.view.OrientationEventListener
07-15 20:33:29.220  2530  3769 I MiSensorServiceImpl: user found in check list, getPackageName  android.view.OrientationEventListener
07-15 20:33:29.220  2530  3769 I MiSensorServiceImpl: user found in check list, getPackageName  android.view.OrientationEventListener
07-15 20:33:29.220  2530  3769 I MiSensorServiceImpl: user found in check list, getPackageName  android.view.OrientationEventListener
07-15 20:33:29.220  2530  3769 I MiSensorServiceImpl: user found in check list, getPackageName  android.view.OrientationEventListener
07-15 20:33:29.220  2530  3769 I MiSensorServiceImpl: user found in check list, getPackageName  android.view.OrientationEventListener
07-15 20:33:29.286  2530  3769 I MiSensorServiceImpl: user found in check list, getPackageName  android.view.OrientationEventListener
07-15 20:33:29.286  2530  3769 I MiSensorServiceImpl: user found in check list, getPackageName  android.view.OrientationEventListener
07-15 20:33:29.286  2530  3769 I MiSensorServiceImpl: user found in check list, getPackageName  android.view.OrientationEventListener
07-15 20:33:29.286  2530  3769 I MiSensorServiceImpl: user found in check list, getPackageName  android.view.OrientationEventListener
07-15 20:33:29.286  2530  3769 I MiSensorServiceImpl: user found in check list, getPackageName  android.view.OrientationEventListener
07-15 20:33:29.286  2530  3769 I MiSensorServiceImpl: user found in check list, getPackageName  android.view.OrientationEventListener
07-15 20:33:29.286  2530  3769 I MiSensorServiceImpl: user found in check list, getPackageName  android.view.OrientationEventListener
07-15 20:33:29.286  2530  3769 I MiSensorServiceImpl: user found in check list, getPackageName  android.view.OrientationEventListener
07-15 20:33:29.286  2530  3769 I MiSensorServiceImpl: user found in check list, getPackageName  android.view.OrientationEventListener
07-15 20:33:29.323 26125 27036 I DGW     : I[notifyStreamGroupError:1903] StreamGroupTransport[rpsignaling] notify StreamGroup error: StreamGroupNetworkRequest request cancelled: max retries reached; last err (TransientError domain: MNSSecureTCP code: 1 detail: SecureTCP connection establish timeout)
07-15 20:33:29.325 26125 27036 I DGW     : I[onStreamGroupError:672] DGW: StreamGroup error: StreamGroupNetworkRequest request cancelled: max retries reached; last err (TransientError domain: MNSSecureTCP code: 1 detail: SecureTCP connection establish timeout)
07-15 20:33:29.325 26125 27036 I DGW     : I[performNetworkProbe:595] DGW: Network Probing using DGW Ping
07-15 20:33:29.325 26125 27036 I DGW     : I[clearStream:302] DGW: Clearing stream coordinators
07-15 20:33:29.325 26125 27036 I DGW     : I[closeStream:352] DGW: Closing stream: streamId=1, reason=StreamCoordinator destroyed
07-15 20:33:29.325 26125 27036 I DGW     : I[startNewStream:257] DGW: Starting new stream, traceId=312492858640856817541026716130_3
07-15 20:33:29.325 26125 27036 I DGW     : I[start:39] DGW: StreamGroup starting: traceId=312492858640856817541026716130_3, service=rpsignaling
07-15 20:33:29.326 26125 27036 W DGW     : W[setEnabled:191] StreamGroupPinger[rpsignaling]: setEnabled: 0
07-15 20:33:29.327 26125 27036 I DGW     : I[addStreamCoordinator:211] DGW: Adding stream coordinator (DC)
07-15 20:33:29.327 26125 27036 I DGW     : I[establishStream:289] DGW: Establishing stream: streamId=1
07-15 20:33:29.327 26125 27036 I DGW     : I[establishStream:96] DGW: StreamGroup establishing stream: traceId=1
07-15 20:33:29.327 26125 27036 I DGW     : I[onConnecting:182] DGW: StreamGroup connecting: traceId=312492858640856817541026716130_3_1
07-15 20:33:29.332 13339 13911 D JavaheapMonitor: Java heap used=12M max=256M, proc: com.miui.powerkeeper
07-15 20:33:29.332 13339 13911 V JavaheapMonitor: Check java heap usage finished! Next check delay: 300000
07-15 20:33:29.335 26125 26840 E msys    : E[N mns:DGWClient]_LogError(328)=>Failed to resolve using system DNS resolver, getaddrinfo(): No address associated with hostname
07-15 20:33:29.341 26125 26840 E msys    : E[N mns:DGWClient]_LogError(328)=>Failed to resolve using system DNS resolver, getaddrinfo(): No address associated with hostname
07-15 20:33:29.341 26125 26840 E msys    : E[N mns:DGWClient]_LogError(328)=>Failed to resolve using system DNS resolver, getaddrinfo(): No address associated with hostname
07-15 20:33:29.342 26125 26840 E msys    : E[N mns:DGWClient]_LogError(328)=>Failed to resolve using system DNS resolver, getaddrinfo(): No address associated with hostname
07-15 20:33:29.347  1752  5453 D vendor.qti.bluetooth@1.1-wake_lock: Release wakelock is released 
07-15 20:33:29.347 20586 20706 D JavaheapMonitor: Java heap used=16M max=256M, proc: com.android.chrome
07-15 20:33:29.348 20586 20706 V JavaheapMonitor: Check java heap usage finished! Next check delay: 300000
07-15 20:33:29.352  2530  3769 I MiSensorServiceImpl: user found in check list, getPackageName  android.view.OrientationEventListener
07-15 20:33:29.353  2530  3769 I MiSensorServiceImpl: user found in check list, getPackageName  android.view.OrientationEventListener
07-15 20:33:29.353  2530  3769 I MiSensorServiceImpl: user found in check list, getPackageName  android.view.OrientationEventListener
07-15 20:33:29.353  2530  3769 I MiSensorServiceImpl: user found in check list, getPackageName  android.view.OrientationEventListener
07-15 20:33:29.353  2530  3769 I MiSensorServiceImpl: user found in check list, getPackageName  android.view.OrientationEventListener
07-15 20:33:29.353  2530  3769 I MiSensorServiceImpl: user found in check list, getPackageName  android.view.OrientationEventListener
07-15 20:33:29.353  2530  3769 I MiSensorServiceImpl: user found in check list, getPackageName  android.view.OrientationEventListener
07-15 20:33:29.353  2530  3769 I MiSensorServiceImpl: user found in check list, getPackageName  android.view.OrientationEventListener
07-15 20:33:29.353  2530  3769 I MiSensorServiceImpl: user found in check list, getPackageName  android.view.OrientationEventListener
07-15 20:33:29.403  2530  2654 D AurogonBandwidthController: skinTemperature:34.41
07-15 20:33:29.420  2530  3769 I MiSensorServiceImpl: user found in check list, getPackageName  android.view.OrientationEventListener
07-15 20:33:29.420  2530  3769 I MiSensorServiceImpl: user found in check list, getPackageName  android.view.OrientationEventListener
07-15 20:33:29.420  2530  3769 I MiSensorServiceImpl: user found in check list, getPackageName  android.view.OrientationEventListener
07-15 20:33:29.420  2530  3769 I MiSensorServiceImpl: user found in check list, getPackageName  android.view.OrientationEventListener
07-15 20:33:29.420  2530  3769 I MiSensorServiceImpl: user found in check list, getPackageName  android.view.OrientationEventListener
07-15 20:33:29.420  2530  3769 I MiSensorServiceImpl: user found in check list, getPackageName  android.view.OrientationEventListener
07-15 20:33:29.420  2530  3769 I MiSensorServiceImpl: user found in check list, getPackageName  android.view.OrientationEventListener
07-15 20:33:29.420  2530  3769 I MiSensorServiceImpl: user found in check list, getPackageName  android.view.OrientationEventListener
07-15 20:33:29.445  4995 14196 D JavaheapMonitor: Java heap used=5M max=256M, proc: com.xiaomi.hypercomm
07-15 20:33:29.445  4995 14196 V JavaheapMonitor: Check java heap usage finished! Next check delay: 300000
07-15 20:33:29.485  1765  6009 I WifiHAL : event received NL80211_CMD_VENDOR, vendor_id = 0x1374, subcmd = 0xd
07-15 20:33:29.485  3173  3996 I libsensor-boledalgo: Write:the value of channelCali C:56836.9,R:20244.4,G:20512.7,B:6067.5,scales [1.043961,1.027310,1.040791,0.892234]
07-15 20:33:29.485  3173  3996 D libsensor-boledalgo: brightness:1212,R:45620.4,G:47145.6,B:47145.6,EVENT C:127826.0,R:49192.0,G:46772.0,B:13354.0, lux: 216.9, clone:46712
07-15 20:33:29.485  3060  3060 I cnss-daemon: nl80211 response handler invoked
07-15 20:33:29.486  3060  3060 I cnss-daemon: nl80211_response_handler: cmd 103, vendorID 4980, subcmd 13  received
07-15 20:33:29.487  2530  3769 I MiSensorServiceImpl: user found in check list, getPackageName  android.view.OrientationEventListener
07-15 20:33:29.487  2530  3769 I MiSensorServiceImpl: user found in check list, getPackageName  android.view.OrientationEventListener
07-15 20:33:29.487  2530  3769 I MiSensorServiceImpl: user found in check list, getPackageName  android.view.OrientationEventListener
07-15 20:33:29.487  2530  3769 I MiSensorServiceImpl: user found in check list, getPackageName  android.view.OrientationEventListener
07-15 20:33:29.487  2530  3769 I MiSensorServiceImpl: user found in check list, getPackageName  android.view.OrientationEventListener
07-15 20:33:29.487  2530  3769 I MiSensorServiceImpl: user found in check list, getPackageName  android.view.OrientationEventListener
07-15 20:33:29.487  2530  3769 I MiSensorServiceImpl: user found in check list, getPackageName  android.view.OrientationEventListener
07-15 20:33:29.487  2530  3769 I MiSensorServiceImpl: user found in check list, getPackageName  android.view.OrientationEventListener
07-15 20:33:29.487  2530  3769 I MiSensorServiceImpl: user found in check list, getPackageName  android.view.OrientationEventListener
07-15 20:33:29.520 14191 27031 I NearbySharing: Network state changed: NetworkState(isRestricted=false, isOnline=true, isCongested=false, isMetered=false, isWifiConnected=true)
07-15 20:33:29.525 14191 27031 I NearbySharing: Network state changed: NetworkState(isRestricted=false, isOnline=true, isCongested=false, isMetered=false, isWifiConnected=true)
07-15 20:33:29.553  2530  3769 I MiSensorServiceImpl: user found in check list, getPackageName  android.view.OrientationEventListener
07-15 20:33:29.553  2530  3769 I MiSensorServiceImpl: user found in check list, getPackageName  android.view.OrientationEventListener
07-15 20:33:29.553  2530  3769 I MiSensorServiceImpl: user found in check list, getPackageName  android.view.OrientationEventListener
07-15 20:33:29.553  2530  3769 I MiSensorServiceImpl: user found in check list, getPackageName  android.view.OrientationEventListener
07-15 20:33:29.553  2530  3769 I MiSensorServiceImpl: user found in check list, getPackageName  android.view.OrientationEventListener
07-15 20:33:29.553  2530  3769 I MiSensorServiceImpl: user found in check list, getPackageName  android.view.OrientationEventListener
07-15 20:33:29.553  2530  3769 I MiSensorServiceImpl: user found in check list, getPackageName  android.view.OrientationEventListener
07-15 20:33:29.553  2530  3769 I MiSensorServiceImpl: user found in check list, getPackageName  android.view.OrientationEventListener
07-15 20:33:29.553  2530  3769 I MiSensorServiceImpl: user found in check list, getPackageName  android.view.OrientationEventListener
07-15 20:33:29.620  2530  3769 I MiSensorServiceImpl: user found in check list, getPackageName  android.view.OrientationEventListener
07-15 20:33:29.620  2530  3769 I MiSensorServiceImpl: user found in check list, getPackageName  android.view.OrientationEventListener
07-15 20:33:29.620  2530  3769 I MiSensorServiceImpl: user found in check list, getPackageName  android.view.OrientationEventListener
07-15 20:33:29.620  2530  3769 I MiSensorServiceImpl: user found in check list, getPackageName  android.view.OrientationEventListener
07-15 20:33:29.620  2530  3769 I MiSensorServiceImpl: user found in check list, getPackageName  android.view.OrientationEventListener
07-15 20:33:29.620  2530  3769 I MiSensorServiceImpl: user found in check list, getPackageName  android.view.OrientationEventListener
07-15 20:33:29.620  2530  3769 I MiSensorServiceImpl: user found in check list, getPackageName  android.view.OrientationEventListener
