07-15 20:33:19.953  2530  3769 I MiSensorServiceImpl: user found in check list, getPackageName  android.view.OrientationEventListener
07-15 20:33:19.953  2530  3769 I MiSensorServiceImpl: user found in check list, getPackageName  android.view.OrientationEventListener
07-15 20:33:19.958 14191 27020 I NearbyMediums: Wifi changed new SSID: "onion_5G"
07-15 20:33:19.958 14191 27020 I NearbyMediums: WifiLanConnectivityInfo is not changed, skip notify.
07-15 20:33:19.958  2530  4029 D ConnectivityService: NetReassign [no changes] [c 0] [a 1] [i 1]
07-15 20:33:20.001  2530  3733 I ActivityManager: unbindService com.android.server.am.ActiveServices@245ba58 conn=android.os.BinderProxy@45e156 callingPid=14191
07-15 20:33:20.002  1836  1836 I vendor.qti.hardware.servicetrackeraidl-service: unbindService is called for service : com.google.android.gms/.chimera.PersistentApiServiceNoInstantApps and for client com.google.android.gms.persistent
07-15 20:33:20.004 14191 14191 D BoundBrokerSvc: onUnbind: Intent { act=com.google.android.gms.nearby.presence.service.START dat=chimera-action:/... xflg=0x4 cmp=com.google.android.gms/.chimera.PersistentApiServiceNoInstantApps }
07-15 20:33:20.020  2530  3769 I MiSensorServiceImpl: user found in check list, getPackageName  android.view.OrientationEventListener
07-15 20:33:20.020  2530  3769 I MiSensorServiceImpl: user found in check list, getPackageName  android.view.OrientationEventListener
07-15 20:33:20.020  2530  3769 I MiSensorServiceImpl: user found in check list, getPackageName  android.view.OrientationEventListener
07-15 20:33:20.020  2530  3769 I MiSensorServiceImpl: user found in check list, getPackageName  android.view.OrientationEventListener
07-15 20:33:20.020  2530  3769 I MiSensorServiceImpl: user found in check list, getPackageName  android.view.OrientationEventListener
07-15 20:33:20.020  2530  3769 I MiSensorServiceImpl: user found in check list, getPackageName  android.view.OrientationEventListener
07-15 20:33:20.020  2530  3769 I MiSensorServiceImpl: user found in check list, getPackageName  android.view.OrientationEventListener
07-15 20:33:20.020  2530  3769 I MiSensorServiceImpl: user found in check list, getPackageName  android.view.OrientationEventListener
07-15 20:33:20.020  2530  3769 I MiSensorServiceImpl: user found in check list, getPackageName  android.view.OrientationEventListener
07-15 20:33:20.045  1752  5453 D vendor.qti.bluetooth@1.1-wake_lock: Release wakelock is released 
07-15 20:33:20.061 32308   486 D JavaheapMonitor: Java heap used=96M max=512M, proc: com.google.android.googlequicksearchbox:googleapp
07-15 20:33:20.061 32308   486 V JavaheapMonitor: Check java heap usage finished! Next check delay: 300000
07-15 20:33:20.084  3173  3996 I libsensor-boledalgo: Write:the value of channelCali C:56836.9,R:20244.4,G:20512.7,B:6067.5,scales [1.043961,1.027310,1.040791,0.892234]
07-15 20:33:20.084  3173  3996 D libsensor-boledalgo: brightness:1212,R:45620.4,G:47145.6,B:47145.6,EVENT C:126398.0,R:48643.0,G:46265.0,B:13212.0, lux: 212.7, clone:46712
07-15 20:33:20.086  2530  3769 I MiSensorServiceImpl: user found in check list, getPackageName  android.view.OrientationEventListener
07-15 20:33:20.086  2530  3769 I MiSensorServiceImpl: user found in check list, getPackageName  android.view.OrientationEventListener
07-15 20:33:20.086  2530  3769 I MiSensorServiceImpl: user found in check list, getPackageName  android.view.OrientationEventListener
07-15 20:33:20.086  2530  3769 I MiSensorServiceImpl: user found in check list, getPackageName  android.view.OrientationEventListener
07-15 20:33:20.086  2530  3769 I MiSensorServiceImpl: user found in check list, getPackageName  android.view.OrientationEventListener
07-15 20:33:20.086  2530  3769 I MiSensorServiceImpl: user found in check list, getPackageName  android.view.OrientationEventListener
07-15 20:33:20.086  2530  3769 I MiSensorServiceImpl: user found in check list, getPackageName  android.view.OrientationEventListener
07-15 20:33:20.086  2530  3769 I MiSensorServiceImpl: user found in check list, getPackageName  android.view.OrientationEventListener
07-15 20:33:20.086  2530  3769 I MiSensorServiceImpl: user found in check list, getPackageName  android.view.OrientationEventListener
07-15 20:33:20.153  2530  3769 I MiSensorServiceImpl: user found in check list, getPackageName  android.view.OrientationEventListener
07-15 20:33:20.153  2530  3769 I MiSensorServiceImpl: user found in check list, getPackageName  android.view.OrientationEventListener
07-15 20:33:20.153  2530  3769 I MiSensorServiceImpl: user found in check list, getPackageName  android.view.OrientationEventListener
07-15 20:33:20.153  2530  3769 I MiSensorServiceImpl: user found in check list, getPackageName  android.view.OrientationEventListener
07-15 20:33:20.153  2530  3769 I MiSensorServiceImpl: user found in check list, getPackageName  android.view.OrientationEventListener
07-15 20:33:20.153  2530  3769 I MiSensorServiceImpl: user found in check list, getPackageName  android.view.OrientationEventListener
07-15 20:33:20.153  2530  3769 I MiSensorServiceImpl: user found in check list, getPackageName  android.view.OrientationEventListener
07-15 20:33:20.153  2530  3769 I MiSensorServiceImpl: user found in check list, getPackageName  android.view.OrientationEventListener
07-15 20:33:20.174 29422  2272 D JavaheapMonitor: Java heap used=14M max=512M, proc: com.google.android.googlequicksearchbox:interactor
07-15 20:33:20.174 29422  2272 V JavaheapMonitor: Check java heap usage finished! Next check delay: 300000
07-15 20:33:20.220  2530  3769 I MiSensorServiceImpl: user found in check list, getPackageName  android.view.OrientationEventListener
07-15 20:33:20.220  2530  3769 I MiSensorServiceImpl: user found in check list, getPackageName  android.view.OrientationEventListener
07-15 20:33:20.220  2530  3769 I MiSensorServiceImpl: user found in check list, getPackageName  android.view.OrientationEventListener
07-15 20:33:20.220  2530  3769 I MiSensorServiceImpl: user found in check list, getPackageName  android.view.OrientationEventListener
07-15 20:33:20.220  2530  3769 I MiSensorServiceImpl: user found in check list, getPackageName  android.view.OrientationEventListener
07-15 20:33:20.220  2530  3769 I MiSensorServiceImpl: user found in check list, getPackageName  android.view.OrientationEventListener
07-15 20:33:20.220  2530  3769 I MiSensorServiceImpl: user found in check list, getPackageName  android.view.OrientationEventListener
07-15 20:33:20.220  2530  3769 I MiSensorServiceImpl: user found in check list, getPackageName  android.view.OrientationEventListener
07-15 20:33:20.220  2530  3769 I MiSensorServiceImpl: user found in check list, getPackageName  android.view.OrientationEventListener
07-15 20:33:20.287  2530  3769 I MiSensorServiceImpl: user found in check list, getPackageName  android.view.OrientationEventListener
07-15 20:33:20.287  2530  3769 I MiSensorServiceImpl: user found in check list, getPackageName  android.view.OrientationEventListener
07-15 20:33:20.287  2530  3769 I MiSensorServiceImpl: user found in check list, getPackageName  android.view.OrientationEventListener
07-15 20:33:20.287  2530  3769 I MiSensorServiceImpl: user found in check list, getPackageName  android.view.OrientationEventListener
07-15 20:33:20.287  2530  3769 I MiSensorServiceImpl: user found in check list, getPackageName  android.view.OrientationEventListener
07-15 20:33:20.287  2530  3769 I MiSensorServiceImpl: user found in check list, getPackageName  android.view.OrientationEventListener
07-15 20:33:20.287  2530  3769 I MiSensorServiceImpl: user found in check list, getPackageName  android.view.OrientationEventListener
07-15 20:33:20.287  2530  3769 I MiSensorServiceImpl: user found in check list, getPackageName  android.view.OrientationEventListener
07-15 20:33:20.287  2530  3769 I MiSensorServiceImpl: user found in check list, getPackageName  android.view.OrientationEventListener
07-15 20:33:20.333 30036  3841 D JavaheapMonitor: Java heap used=142M max=512M, proc: com.google.android.youtube
07-15 20:33:20.334 30036  3841 V JavaheapMonitor: Check java heap usage finished! Next check delay: 180000
07-15 20:33:20.353  2530  3769 I MiSensorServiceImpl: user found in check list, getPackageName  android.view.OrientationEventListener
07-15 20:33:20.354  2530  3769 I MiSensorServiceImpl: user found in check list, getPackageName  android.view.OrientationEventListener
07-15 20:33:20.354  2530  3769 I MiSensorServiceImpl: user found in check list, getPackageName  android.view.OrientationEventListener
07-15 20:33:20.354  2530  3769 I MiSensorServiceImpl: user found in check list, getPackageName  android.view.OrientationEventListener
07-15 20:33:20.354  2530  3769 I MiSensorServiceImpl: user found in check list, getPackageName  android.view.OrientationEventListener
07-15 20:33:20.354  2530  3769 I MiSensorServiceImpl: user found in check list, getPackageName  android.view.OrientationEventListener
07-15 20:33:20.354  2530  3769 I MiSensorServiceImpl: user found in check list, getPackageName  android.view.OrientationEventListener
07-15 20:33:20.354  2530  3769 I MiSensorServiceImpl: user found in check list, getPackageName  android.view.OrientationEventListener
07-15 20:33:20.354  2530  3769 I MiSensorServiceImpl: user found in check list, getPackageName  android.view.OrientationEventListener
07-15 20:33:20.419  2530  3769 I MiSensorServiceImpl: user found in check list, getPackageName  android.view.OrientationEventListener
07-15 20:33:20.420  2530  3769 I MiSensorServiceImpl: user found in check list, getPackageName  android.view.OrientationEventListener
07-15 20:33:20.420  2530  3769 I MiSensorServiceImpl: user found in check list, getPackageName  android.view.OrientationEventListener
07-15 20:33:20.420  2530  3769 I MiSensorServiceImpl: user found in check list, getPackageName  android.view.OrientationEventListener
07-15 20:33:20.420  2530  3769 I MiSensorServiceImpl: user found in check list, getPackageName  android.view.OrientationEventListener
07-15 20:33:20.420  2530  3769 I MiSensorServiceImpl: user found in check list, getPackageName  android.view.OrientationEventListener
07-15 20:33:20.420  2530  3769 I MiSensorServiceImpl: user found in check list, getPackageName  android.view.OrientationEventListener
07-15 20:33:20.420  2530  3769 I MiSensorServiceImpl: user found in check list, getPackageName  android.view.OrientationEventListener
07-15 20:33:20.443 14191 27020 I NearbySharing: Network state changed: NetworkState(isRestricted=false, isOnline=true, isCongested=false, isMetered=false, isWifiConnected=true)
07-15 20:33:20.444 14191 10165 I NearbySharing: Network state changed: NetworkState(isRestricted=false, isOnline=true, isCongested=false, isMetered=false, isWifiConnected=true)
07-15 20:33:20.486  2530  3769 I MiSensorServiceImpl: user found in check list, getPackageName  android.view.OrientationEventListener
07-15 20:33:20.486  2530  3769 I MiSensorServiceImpl: user found in check list, getPackageName  android.view.OrientationEventListener
07-15 20:33:20.486  2530  3769 I MiSensorServiceImpl: user found in check list, getPackageName  android.view.OrientationEventListener
07-15 20:33:20.486  2530  3769 I MiSensorServiceImpl: user found in check list, getPackageName  android.view.OrientationEventListener
07-15 20:33:20.486  2530  3769 I MiSensorServiceImpl: user found in check list, getPackageName  android.view.OrientationEventListener
07-15 20:33:20.486  2530  3769 I MiSensorServiceImpl: user found in check list, getPackageName  android.view.OrientationEventListener
07-15 20:33:20.486  2530  3769 I MiSensorServiceImpl: user found in check list, getPackageName  android.view.OrientationEventListener
07-15 20:33:20.486  2530  3769 I MiSensorServiceImpl: user found in check list, getPackageName  android.view.OrientationEventListener
07-15 20:33:20.486  2530  3769 I MiSensorServiceImpl: user found in check list, getPackageName  android.view.OrientationEventListener
07-15 20:33:20.487  3173  3996 I libsensor-boledalgo: Write:the value of channelCali C:56836.9,R:20244.4,G:20512.7,B:6067.5,scales [1.043961,1.027310,1.040791,0.892234]
07-15 20:33:20.487  3173  3996 D libsensor-boledalgo: brightness:1212,R:45620.4,G:47145.6,B:47145.6,EVENT C:126788.0,R:48805.0,G:46442.0,B:13260.0, lux: 214.2, clone:46712
07-15 20:33:20.529  1752  5992 D vendor.qti.bluetooth@1.1-wake_lock: Acquire wakelock is acquired 
07-15 20:33:20.533  4814  6038 V ScanController: onScanResult() - eventType=0x0, addressType=1, address=XX:XX:XX:XX:9B:4D, primaryPhy=1, secondaryPhy=1, advertisingSid=0x1, txPower=127, rssi=-40, periodicAdvInt=0x0, originalAddress=2C:87:DC:D2:9B:4D
07-15 20:33:20.533  4814  6038 V ScanController: Legacy scan, non legacy result; skip.
07-15 20:33:20.533  4814  6038 V ScanController: Skipping client: permission=true matches=false
07-15 20:33:20.533  4814  6038 V ScanController: Skipping client: permission=true matches=false
07-15 20:33:20.534  4814  6038 V ScanController: Skipping client: permission=true matches=false
07-15 20:33:20.535  4814  6038 V ScanController: Skipping client: permission=true matches=false
07-15 20:33:20.554  2530  3769 I MiSensorServiceImpl: user found in check list, getPackageName  android.view.OrientationEventListener
07-15 20:33:20.554  2530  3769 I MiSensorServiceImpl: user found in check list, getPackageName  android.view.OrientationEventListener
07-15 20:33:20.554  2530  3769 I MiSensorServiceImpl: user found in check list, getPackageName  android.view.OrientationEventListener
07-15 20:33:20.554  2530  3769 I MiSensorServiceImpl: user found in check list, getPackageName  android.view.OrientationEventListener
07-15 20:33:20.554  2530  3769 I MiSensorServiceImpl: user found in check list, getPackageName  android.view.OrientationEventListener
07-15 20:33:20.554  2530  3769 I MiSensorServiceImpl: user found in check list, getPackageName  android.view.OrientationEventListener
07-15 20:33:20.554  2530  3769 I MiSensorServiceImpl: user found in check list, getPackageName  android.view.OrientationEventListener
07-15 20:33:20.554  2530  3769 I MiSensorServiceImpl: user found in check list, getPackageName  android.view.OrientationEventListener
07-15 20:33:20.554  2530  3769 I MiSensorServiceImpl: user found in check list, getPackageName  android.view.OrientationEventListener
07-15 20:33:20.563  5593  8562 D JavaheapMonitor: Java heap used=6M max=256M, proc: com.xiaomi.mirror
07-15 20:33:20.563  5593  8562 V JavaheapMonitor: Check java heap usage finished! Next check delay: 300000
07-15 20:33:20.620  2530  3769 I MiSensorServiceImpl: user found in check list, getPackageName  android.view.OrientationEventListener
07-15 20:33:20.620  2530  3769 I MiSensorServiceImpl: user found in check list, getPackageName  android.view.OrientationEventListener
07-15 20:33:20.620  2530  3769 I MiSensorServiceImpl: user found in check list, getPackageName  android.view.OrientationEventListener
07-15 20:33:20.620  2530  3769 I MiSensorServiceImpl: user found in check list, getPackageName  android.view.OrientationEventListener
07-15 20:33:20.620  2530  3769 I MiSensorServiceImpl: user found in check list, getPackageName  android.view.OrientationEventListener
07-15 20:33:20.620  2530  3769 I MiSensorServiceImpl: user found in check list, getPackageName  android.view.OrientationEventListener
07-15 20:33:20.620  2530  3769 I MiSensorServiceImpl: user found in check list, getPackageName  android.view.OrientationEventListener
07-15 20:33:20.620  2530  3769 I MiSensorServiceImpl: user found in check list, getPackageName  android.view.OrientationEventListener
07-15 20:33:20.686  2530  3769 I MiSensorServiceImpl: user found in check list, getPackageName  android.view.OrientationEventListener
07-15 20:33:20.686  2530  3769 I MiSensorServiceImpl: user found in check list, getPackageName  android.view.OrientationEventListener
07-15 20:33:20.686  2530  3769 I MiSensorServiceImpl: user found in check list, getPackageName  android.view.OrientationEventListener
07-15 20:33:20.686  2530  3769 I MiSensorServiceImpl: user found in check list, getPackageName  android.view.OrientationEventListener
07-15 20:33:20.686  2530  3769 I MiSensorServiceImpl: user found in check list, getPackageName  android.view.OrientationEventListener
07-15 20:33:20.686  2530  3769 I MiSensorServiceImpl: user found in check list, getPackageName  android.view.OrientationEventListener
07-15 20:33:20.686  2530  3769 I MiSensorServiceImpl: user found in check list, getPackageName  android.view.OrientationEventListener
07-15 20:33:20.686  2530  3769 I MiSensorServiceImpl: user found in check list, getPackageName  android.view.OrientationEventListener
07-15 20:33:20.686  2530  3769 I MiSensorServiceImpl: user found in check list, getPackageName  android.view.OrientationEventListener
07-15 20:33:20.687  3173  3996 I libsensor-boledalgo: Write:the value of channelCali C:56836.9,R:20244.4,G:20512.7,B:6067.5,scales [1.043961,1.027310,1.040791,0.892234]
07-15 20:33:20.687  3173  3996 D libsensor-boledalgo: brightness:1212,R:45620.4,G:47145.6,B:47145.6,EVENT C:126840.0,R:48841.0,G:46413.0,B:13255.0, lux: 213.9, clone:46712
07-15 20:33:20.720  1752  5453 D vendor.qti.bluetooth@1.1-wake_lock: Release wakelock is released 
07-15 20:33:20.740  8865 16579 D JavaheapMonitor: Java heap used=7M max=256M, proc: com.xiaomi.touchservice
07-15 20:33:20.740  8865 16579 V JavaheapMonitor: Check java heap usage finished! Next check delay: 300000
07-15 20:33:20.753  2530  3769 I MiSensorServiceImpl: user found in check list, getPackageName  android.view.OrientationEventListener
07-15 20:33:20.753  2530  3769 I MiSensorServiceImpl: user found in check list, getPackageName  android.view.OrientationEventListener
07-15 20:33:20.753  2530  3769 I MiSensorServiceImpl: user found in check list, getPackageName  android.view.OrientationEventListener
07-15 20:33:20.753  2530  3769 I MiSensorServiceImpl: user found in check list, getPackageName  android.view.OrientationEventListener
07-15 20:33:20.753  2530  3769 I MiSensorServiceImpl: user found in check list, getPackageName  android.view.OrientationEventListener
07-15 20:33:20.753  2530  3769 I MiSensorServiceImpl: user found in check list, getPackageName  android.view.OrientationEventListener
07-15 20:33:20.753  2530  3769 I MiSensorServiceImpl: user found in check list, getPackageName  android.view.OrientationEventListener
07-15 20:33:20.753  2530  3769 I MiSensorServiceImpl: user found in check list, getPackageName  android.view.OrientationEventListener
07-15 20:33:20.753  2530  3769 I MiSensorServiceImpl: user found in check list, getPackageName  android.view.OrientationEventListener
07-15 20:33:20.766 30112 21193 I MediaCodec: [mId: 88] [audio-debug-dec] state 6 mFlags 2048 Stats 5006ms:Client:com.facebook.katana,Component:c2.android.aac.decoder,Qin:0,DQin:0/5,Render:0,Drop:0,DQout:0/0
07-15 20:33:20.769 27489 28539 D JavaheapMonitor: Java heap used=6M max=256M, proc: com.microsoft.appmanager:pnsvc
07-15 20:33:20.769 27489 28539 V JavaheapMonitor: Check java heap usage finished! Next check delay: 300000
07-15 20:33:20.806  1799  1982 D SDM     : HWDeviceDRM::SetupConcurrentWriteback: Tear down the Concurrent Writeback topology
07-15 20:33:20.806  1799  2475 I vendor.qti.hardware.display.composer-service: Sensor: notify citsensorservice to trigger cwb, misForced = 0
07-15 20:33:20.809  2054  2446 E HwcComposer: getLuts failed Status(-129, EX_TRANSACTION_FAILED): 'UNKNOWN_TRANSACTION: '
07-15 20:33:20.809  3173  3979 I libsensor-parseRGB: request dump start for mRequestDisplayId 0
07-15 20:33:20.809  3173  3979 D vendor.xiaomi.sensor.citsensorservice.aidl: handle id:21 wxh:1536x3200 uwxuh:1440x3200 size: 14745600 fd:17 fd_meta:18 flags:0x228 usage:0x33  format:0x3 layer_count: 1 reserved_size = 0 custom_content_md_reserved_size = 0
07-15 20:33:20.811  1799 26950 D SDM     : HWCSession::PostBuffer: CWB config passed by cwb_client : tappoint 1  CWB_ROI : (738.000000 74.000000 979.000000 315.000000)
07-15 20:33:20.819 29619 32136 D JavaheapMonitor: Java heap used=10M max=256M, proc: com.miui.securitycenter.remote
07-15 20:33:20.819 29619 32136 V JavaheapMonitor: Check java heap usage finished! Next check delay: 300000
07-15 20:33:20.820  2530  3769 I MiSensorServiceImpl: user found in check list, getPackageName  android.view.OrientationEventListener
07-15 20:33:20.820  2530  3769 I MiSensorServiceImpl: user found in check list, getPackageName  android.view.OrientationEventListener
07-15 20:33:20.820  2530  3769 I MiSensorServiceImpl: user found in check list, getPackageName  android.view.OrientationEventListener
07-15 20:33:20.820  2530  3769 I MiSensorServiceImpl: user found in check list, getPackageName  android.view.OrientationEventListener
07-15 20:33:20.820  2530  3769 I MiSensorServiceImpl: user found in check list, getPackageName  android.view.OrientationEventListener
07-15 20:33:20.820  2530  3769 I MiSensorServiceImpl: user found in check list, getPackageName  android.view.OrientationEventListener
07-15 20:33:20.820  2530  3769 I MiSensorServiceImpl: user found in check list, getPackageName  android.view.OrientationEventListener
07-15 20:33:20.820  2530  3769 I MiSensorServiceImpl: user found in check list, getPackageName  android.view.OrientationEventListener
07-15 20:33:20.858  1799 19529 D SDM     : CompManager::NotifyCwbDone: display 0 notify cwb callback, status = 0
07-15 20:33:20.858  1799  3999 D SDM     : HWCSession::NotifyCWBStatus: Notify the client about buffer status 0.
07-15 20:33:20.859  1799  3999 D SDM     : HWCSession::ProcessCWBStatus: CWB queue is empty. Display: 0
07-15 20:33:20.859  3173  3232 E libsensor-parseRGB: CWB NotifyCWBBufferDone  error 0
07-15 20:33:20.881  2530  4310 I SmartPower: com.facebook.katana/10325(30112): background->idle(3003ms) R(alarm start) adj=701.
07-15 20:33:20.882  2530  4310 I SmartPower: com.facebook.katana:adnw/10325(9292): background->idle(3003ms) R(alarm start) adj=945.
07-15 20:33:20.887  2530  4310 I SmartPower: com.facebook.services/10116(25354): background->idle(3003ms) R(alarm start) adj=800.
07-15 20:33:20.889  3173  3996 I libsensor-boledalgo: Write:the value of channelCali C:56836.9,R:20244.4,G:20512.7,B:6067.5,scales [1.043961,1.027310,1.040791,0.892234]
07-15 20:33:20.889  3173  3996 D libsensor-boledalgo: brightness:1212,R:45620.4,G:47145.6,B:47145.6,EVENT C:126968.0,R:48862.0,G:46453.0,B:13268.0, lux: 214.3, clone:46712
07-15 20:33:20.890  2530  3769 I MiSensorServiceImpl: user found in check list, getPackageName  android.view.OrientationEventListener
07-15 20:33:20.890  2530  3769 I MiSensorServiceImpl: user found in check list, getPackageName  android.view.OrientationEventListener
07-15 20:33:20.890  2530  3769 I MiSensorServiceImpl: user found in check list, getPackageName  android.view.OrientationEventListener
07-15 20:33:20.890  2530  3769 I MiSensorServiceImpl: user found in check list, getPackageName  android.view.OrientationEventListener
07-15 20:33:20.890  2530  3769 I MiSensorServiceImpl: user found in check list, getPackageName  android.view.OrientationEventListener
07-15 20:33:20.890  2530  3769 I MiSensorServiceImpl: user found in check list, getPackageName  android.view.OrientationEventListener
07-15 20:33:20.890  2530  3769 I MiSensorServiceImpl: user found in check list, getPackageName  android.view.OrientationEventListener
07-15 20:33:20.890  2530  3769 I MiSensorServiceImpl: user found in check list, getPackageName  android.view.OrientationEventListener
07-15 20:33:20.890  2530  3769 I MiSensorServiceImpl: user found in check list, getPackageName  android.view.OrientationEventListener
07-15 20:33:20.910  1799  1982 I SDM     : DisplayBase::CommitThread: Received idle timeout, panel: cmd, timeout: 70000 us
07-15 20:33:20.953  2530  3769 I MiSensorServiceImpl: user found in check list, getPackageName  android.view.OrientationEventListener
07-15 20:33:20.953  2530  3769 I MiSensorServiceImpl: user found in check list, getPackageName  android.view.OrientationEventListener
07-15 20:33:20.953  2530  3769 I MiSensorServiceImpl: user found in check list, getPackageName  android.view.OrientationEventListener
07-15 20:33:20.953  2530  3769 I MiSensorServiceImpl: user found in check list, getPackageName  android.view.OrientationEventListener
07-15 20:33:20.953  2530  3769 I MiSensorServiceImpl: user found in check list, getPackageName  android.view.OrientationEventListener
07-15 20:33:20.953  2530  3769 I MiSensorServiceImpl: user found in check list, getPackageName  android.view.OrientationEventListener
07-15 20:33:20.953  2530  3769 I MiSensorServiceImpl: user found in check list, getPackageName  android.view.OrientationEventListener
07-15 20:33:20.953  2530  3769 I MiSensorServiceImpl: user found in check list, getPackageName  android.view.OrientationEventListener
07-15 20:33:20.953  2530  3769 I MiSensorServiceImpl: user found in check list, getPackageName  android.view.OrientationEventListener
07-15 20:33:21.020  2530  3769 I MiSensorServiceImpl: user found in check list, getPackageName  android.view.OrientationEventListener
07-15 20:33:21.020  2530  3769 I MiSensorServiceImpl: user found in check list, getPackageName  android.view.OrientationEventListener
07-15 20:33:21.020  2530  3769 I MiSensorServiceImpl: user found in check list, getPackageName  android.view.OrientationEventListener
07-15 20:33:21.020  2530  3769 I MiSensorServiceImpl: user found in check list, getPackageName  android.view.OrientationEventListener
07-15 20:33:21.020  2530  3769 I MiSensorServiceImpl: user found in check list, getPackageName  android.view.OrientationEventListener
07-15 20:33:21.020  2530  3769 I MiSensorServiceImpl: user found in check list, getPackageName  android.view.OrientationEventListener
07-15 20:33:21.020  2530  3769 I MiSensorServiceImpl: user found in check list, getPackageName  android.view.OrientationEventListener
07-15 20:33:21.020  2530  3769 I MiSensorServiceImpl: user found in check list, getPackageName  android.view.OrientationEventListener
07-15 20:33:21.020  2530  3769 I MiSensorServiceImpl: user found in check list, getPackageName  android.view.OrientationEventListener
07-15 20:33:21.086  2530  3769 I MiSensorServiceImpl: user found in check list, getPackageName  android.view.OrientationEventListener
07-15 20:33:21.086  2530  3769 I MiSensorServiceImpl: user found in check list, getPackageName  android.view.OrientationEventListener
07-15 20:33:21.086  2530  3769 I MiSensorServiceImpl: user found in check list, getPackageName  android.view.OrientationEventListener
07-15 20:33:21.086  2530  3769 I MiSensorServiceImpl: user found in check list, getPackageName  android.view.OrientationEventListener
07-15 20:33:21.087  2530  3769 I MiSensorServiceImpl: user found in check list, getPackageName  android.view.OrientationEventListener
07-15 20:33:21.087  2530  3769 I MiSensorServiceImpl: user found in check list, getPackageName  android.view.OrientationEventListener
07-15 20:33:21.087  2530  3769 I MiSensorServiceImpl: user found in check list, getPackageName  android.view.OrientationEventListener
07-15 20:33:21.087  2530  3769 I MiSensorServiceImpl: user found in check list, getPackageName  android.view.OrientationEventListener
07-15 20:33:21.135 17299 17494 D JavaheapMonitor: Java heap used=19M max=512M, proc: com.google.android.googlequicksearchbox:search
07-15 20:33:21.135 17299 17494 V JavaheapMonitor: Check java heap usage finished! Next check delay: 300000
07-15 20:33:21.153  2530  3769 I MiSensorServiceImpl: user found in check list, getPackageName  android.view.OrientationEventListener
07-15 20:33:21.153  2530  3769 I MiSensorServiceImpl: user found in check list, getPackageName  android.view.OrientationEventListener
07-15 20:33:21.153  2530  3769 I MiSensorServiceImpl: user found in check list, getPackageName  android.view.OrientationEventListener
07-15 20:33:21.153  2530  3769 I MiSensorServiceImpl: user found in check list, getPackageName  android.view.OrientationEventListener
07-15 20:33:21.153  2530  3769 I MiSensorServiceImpl: user found in check list, getPackageName  android.view.OrientationEventListener
07-15 20:33:21.153  2530  3769 I MiSensorServiceImpl: user found in check list, getPackageName  android.view.OrientationEventListener
07-15 20:33:21.153  2530  3769 I MiSensorServiceImpl: user found in check list, getPackageName  android.view.OrientationEventListener
07-15 20:33:21.153  2530  3769 I MiSensorServiceImpl: user found in check list, getPackageName  android.view.OrientationEventListener
07-15 20:33:21.153  2530  3769 I MiSensorServiceImpl: user found in check list, getPackageName  android.view.OrientationEventListener
07-15 20:33:21.186  1752  5992 D vendor.qti.bluetooth@1.1-wake_lock: Acquire wakelock is acquired 
07-15 20:33:21.191  4814  6038 D BluetoothRemoteDevices: Update property, device=XX:XX:XX:XX:35:AB, type: 1
07-15 20:33:21.191  4814  6038 D BluetoothRemoteDevices: Skip name update for XX:XX:XX:XX:35:AB
07-15 20:33:21.191  4814  6038 D BluetoothRemoteDevices: Update property, device=XX:XX:XX:XX:35:AB, type: 4
07-15 20:33:21.191  4814  6038 D BluetoothRemoteDevices: Skip class update, device=XX:XX:XX:XX:35:AB, cod=0x2a410c
07-15 20:33:21.191  4814  6038 D BluetoothRemoteDevices: Update property, device=XX:XX:XX:XX:35:AB, type: 5
07-15 20:33:21.191  4814  6038 D BluetoothRemoteDevices:  BT_PROPERTY_TYPE_OF_DEVICE addr:10:F6:0A:87:35:AB deviceType:3
07-15 20:33:21.191  4814  6038 D HyperRemoteDevicesAdapter: Update property, device=10:F6:0A:87:35:AB, type: 1
07-15 20:33:21.191  4814  6038 D HyperRemoteDevicesAdapter: Remote device name is: 岳振平LAPTOP type = 2 10:F6:0A:87:35:AB
07-15 20:33:21.191  4814  6038 D HyperRemoteDevicesAdapter: update name for XX:XX:XX:XX:35:AB type = 2 name = 岳振平LAPTOP 0
07-15 20:33:21.191  4814  6038 D HyperRemoteDevicesAdapter: Update property, device=10:F6:0A:87:35:AB, type: 4
07-15 20:33:21.191  4814  6038 D HyperRemoteDevicesAdapter: Update property, device=10:F6:0A:87:35:AB, type: 5
07-15 20:33:21.192  4814  6038 V ScanController: onScanResult() - eventType=0x1b, addressType=0, address=XX:XX:XX:XX:35:AB, primaryPhy=1, secondaryPhy=0, advertisingSid=0xff, txPower=127, rssi=-37, periodicAdvInt=0x0, originalAddress=10:F6:0A:87:35:AB
07-15 20:33:21.192  4814  6038 V ScanController: Skipping client: permission=true matches=false
07-15 20:33:21.192  4814  6038 V ScanController: Skipping client: permission=true matches=false
07-15 20:33:21.192  4814  6038 V ScanController: Skipping client: permission=true matches=false
07-15 20:33:21.193  4814  6038 V ScanController: Skipping client: permission=true matches=false
07-15 20:33:21.194  4814  6038 V ScanController: Skipping client: permission=true matches=false
07-15 20:33:21.205  3165  3861 E msys    : E[N mns:DGWClient]_LogError(328)=>Failed to resolve using system DNS resolver, getaddrinfo(): No address associated with hostname
07-15 20:33:21.210  3165  3861 E msys    : E[N mns:DGWClient]_LogError(328)=>Failed to resolve using system DNS resolver, getaddrinfo(): No address associated with hostname
07-15 20:33:21.220  2530  3769 I MiSensorServiceImpl: user found in check list, getPackageName  android.view.OrientationEventListener
07-15 20:33:21.220  2530  3769 I MiSensorServiceImpl: user found in check list, getPackageName  android.view.OrientationEventListener
07-15 20:33:21.220  2530  3769 I MiSensorServiceImpl: user found in check list, getPackageName  android.view.OrientationEventListener
07-15 20:33:21.220  2530  3769 I MiSensorServiceImpl: user found in check list, getPackageName  android.view.OrientationEventListener
07-15 20:33:21.220  2530  3769 I MiSensorServiceImpl: user found in check list, getPackageName  android.view.OrientationEventListener
07-15 20:33:21.220  2530  3769 I MiSensorServiceImpl: user found in check list, getPackageName  android.view.OrientationEventListener
07-15 20:33:21.220  2530  3769 I MiSensorServiceImpl: user found in check list, getPackageName  android.view.OrientationEventListener
07-15 20:33:21.220  2530  3769 I MiSensorServiceImpl: user found in check list, getPackageName  android.view.OrientationEventListener
07-15 20:33:21.220  2530  3769 I MiSensorServiceImpl: user found in check list, getPackageName  android.view.OrientationEventListener
07-15 20:33:21.238  4814  6038 V ScanController: onScanResult() - eventType=0x1, addressType=0, address=XX:XX:XX:XX:35:AB, primaryPhy=1, secondaryPhy=1, advertisingSid=0x3, txPower=127, rssi=-37, periodicAdvInt=0x0, originalAddress=10:F6:0A:87:35:AB
07-15 20:33:21.239  4814  6038 V ScanController: Legacy scan, non legacy result; skip.
07-15 20:33:21.239  4814  6038 V ScanController: Skipping client: permission=true matches=false
07-15 20:33:21.239  4814  6038 V ScanController: Skipping client: permission=true matches=false
07-15 20:33:21.239  4814  6038 V ScanController: Skipping client: permission=true matches=false
07-15 20:33:21.240  4814  6038 V ScanController: Skipping client: permission=true matches=false
07-15 20:33:21.286  2530  3769 I MiSensorServiceImpl: user found in check list, getPackageName  android.view.OrientationEventListener
07-15 20:33:21.286  2530  3769 I MiSensorServiceImpl: user found in check list, getPackageName  android.view.OrientationEventListener
07-15 20:33:21.286  2530  3769 I MiSensorServiceImpl: user found in check list, getPackageName  android.view.OrientationEventListener
07-15 20:33:21.286  2530  3769 I MiSensorServiceImpl: user found in check list, getPackageName  android.view.OrientationEventListener
07-15 20:33:21.286  2530  3769 I MiSensorServiceImpl: user found in check list, getPackageName  android.view.OrientationEventListener
07-15 20:33:21.287  2530  3769 I MiSensorServiceImpl: user found in check list, getPackageName  android.view.OrientationEventListener
07-15 20:33:21.287  2530  3769 I MiSensorServiceImpl: user found in check list, getPackageName  android.view.OrientationEventListener
07-15 20:33:21.287  2530  3769 I MiSensorServiceImpl: user found in check list, getPackageName  android.view.OrientationEventListener
07-15 20:33:21.353  2530  3769 I MiSensorServiceImpl: user found in check list, getPackageName  android.view.OrientationEventListener
07-15 20:33:21.354  2530  3769 I MiSensorServiceImpl: user found in check list, getPackageName  android.view.OrientationEventListener
07-15 20:33:21.354  2530  3769 I MiSensorServiceImpl: user found in check list, getPackageName  android.view.OrientationEventListener
07-15 20:33:21.354  2530  3769 I MiSensorServiceImpl: user found in check list, getPackageName  android.view.OrientationEventListener
07-15 20:33:21.354  2530  3769 I MiSensorServiceImpl: user found in check list, getPackageName  android.view.OrientationEventListener
07-15 20:33:21.354  2530  3769 I MiSensorServiceImpl: user found in check list, getPackageName  android.view.OrientationEventListener
07-15 20:33:21.354  2530  3769 I MiSensorServiceImpl: user found in check list, getPackageName  android.view.OrientationEventListener
07-15 20:33:21.354  2530  3769 I MiSensorServiceImpl: user found in check list, getPackageName  android.view.OrientationEventListener
07-15 20:33:21.354  2530  3769 I MiSensorServiceImpl: user found in check list, getPackageName  android.view.OrientationEventListener
07-15 20:33:21.366  1758 19606 E sensors-hal: handle_sns_client_event:54, knuckle_event: ts=543317904832444, event=0.000000 now = 543317905923217
07-15 20:33:21.391 28600  2969 D JavaheapMonitor: Java heap used=6M max=256M, proc: com.xiaomi.mi_connect_service
07-15 20:33:21.391 28600  2969 V JavaheapMonitor: Check java heap usage finished! Next check delay: 300000
07-15 20:33:21.395  2530  2654 D AurogonBandwidthController: skinTemperature:34.491
07-15 20:33:21.420  2530  3769 I MiSensorServiceImpl: user found in check list, getPackageName  android.view.OrientationEventListener
07-15 20:33:21.420  2530  3769 I MiSensorServiceImpl: user found in check list, getPackageName  android.view.OrientationEventListener
07-15 20:33:21.420  2530  3769 I MiSensorServiceImpl: user found in check list, getPackageName  android.view.OrientationEventListener
07-15 20:33:21.420  2530  3769 I MiSensorServiceImpl: user found in check list, getPackageName  android.view.OrientationEventListener
07-15 20:33:21.420  2530  3769 I MiSensorServiceImpl: user found in check list, getPackageName  android.view.OrientationEventListener
07-15 20:33:21.420  2530  3769 I MiSensorServiceImpl: user found in check list, getPackageName  android.view.OrientationEventListener
07-15 20:33:21.420  2530  3769 I MiSensorServiceImpl: user found in check list, getPackageName  android.view.OrientationEventListener
07-15 20:33:21.420  2530  3769 I MiSensorServiceImpl: user found in check list, getPackageName  android.view.OrientationEventListener
07-15 20:33:21.420  2530  3769 I MiSensorServiceImpl: user found in check list, getPackageName  android.view.OrientationEventListener
07-15 20:33:21.427  1752  5453 D vendor.qti.bluetooth@1.1-wake_lock: Release wakelock is released 
07-15 20:33:21.435  2530  3769 I MiSensorServiceImpl: user found in check list, getPackageName  android.view.OrientationEventListener
07-15 20:33:21.435  2530  3769 I MiSensorServiceImpl: user found in check list, getPackageName  android.view.OrientationEventListener
07-15 20:33:21.436  1912  3800 D SRE     : sensorCallback mDisplayId = 0 dataCallback value=< 207.4275,   0.0000,   0.0000>,time=543317971509579, sensor=5, temperature(K)=   0.0000
07-15 20:33:21.451 32381   818 D JavaheapMonitor: Java heap used=23M max=256M, proc: com.mi.globalminusscreen
07-15 20:33:21.452 32381   818 V JavaheapMonitor: Check java heap usage finished! Next check delay: 300000
07-15 20:33:21.485  3173  3996 I libsensor-boledalgo: Write:the value of channelCali C:56836.9,R:20244.4,G:20512.7,B:6067.5,scales [1.043961,1.027310,1.040791,0.892234]
07-15 20:33:21.486  3173  3996 D libsensor-boledalgo: brightness:1212,R:45620.4,G:47145.6,B:47145.6,EVENT C:126052.0,R:48529.0,G:46107.0,B:13166.0, lux: 211.4, clone:46712
07-15 20:33:21.486  2530  3769 I MiSensorServiceImpl: user found in check list, getPackageName  android.view.OrientationEventListener
07-15 20:33:21.486  2530  3769 I MiSensorServiceImpl: user found in check list, getPackageName  android.view.OrientationEventListener
07-15 20:33:21.486  2530  3769 I MiSensorServiceImpl: user found in check list, getPackageName  android.view.OrientationEventListener
07-15 20:33:21.486  2530  3769 I MiSensorServiceImpl: user found in check list, getPackageName  android.view.OrientationEventListener
07-15 20:33:21.486  2530  3769 I MiSensorServiceImpl: user found in check list, getPackageName  android.view.OrientationEventListener
07-15 20:33:21.486  2530  3769 I MiSensorServiceImpl: user found in check list, getPackageName  android.view.OrientationEventListener
07-15 20:33:21.486  2530  3769 I MiSensorServiceImpl: user found in check list, getPackageName  android.view.OrientationEventListener
07-15 20:33:21.489  2530  2636 I SmartPower: tv.danmaku.bili/10641(15511): idle->background(7067ms) R(broadcast start Intent { act=kntr.basicstate.CHILD_PROCESS_STATE flg=0x10 xflg=0x4 pkg=tv.danmaku.bili (has extras) }) adj=905.
07-15 20:33:21.513  3060  3060 I cnss-daemon: nl80211 response handler invoked
07-15 20:33:21.513  3060  3060 I cnss-daemon: nl80211_response_handler: cmd 103, vendorID 4980, subcmd 13  received
07-15 20:33:21.514  1765  6009 I WifiHAL : event received NL80211_CMD_VENDOR, vendor_id = 0x1374, subcmd = 0xd
07-15 20:33:21.516  2530  3733 W ActivityManagerServiceImpl: Sending non-protected broadcast com.modemenhance.ACTION_MODEMWIFI_RSSI_POLL from system 5068:com.android.phone/1001 pkg com.android.phone. Callers=
07-15 20:33:21.522  5068  5068 D AmlSlaveWifiManager: getWifiSlaveConnectionInfo
07-15 20:33:21.554  2530  3769 I MiSensorServiceImpl: user found in check list, getPackageName  android.view.OrientationEventListener
07-15 20:33:21.554  2530  3769 I MiSensorServiceImpl: user found in check list, getPackageName  android.view.OrientationEventListener
07-15 20:33:21.554  2530  3769 I MiSensorServiceImpl: user found in check list, getPackageName  android.view.OrientationEventListener
07-15 20:33:21.554  2530  3769 I MiSensorServiceImpl: user found in check list, getPackageName  android.view.OrientationEventListener
07-15 20:33:21.554  2530  3769 I MiSensorServiceImpl: user found in check list, getPackageName  android.view.OrientationEventListener
07-15 20:33:21.554  2530  3769 I MiSensorServiceImpl: user found in check list, getPackageName  android.view.OrientationEventListener
07-15 20:33:21.554  2530  3769 I MiSensorServiceImpl: user found in check list, getPackageName  android.view.OrientationEventListener
07-15 20:33:21.554  2530  3769 I MiSensorServiceImpl: user found in check list, getPackageName  android.view.OrientationEventListener
07-15 20:33:21.554  2530  3769 I MiSensorServiceImpl: user found in check list, getPackageName  android.view.OrientationEventListener
07-15 20:33:21.615  4814  5421 D JavaheapMonitor: Java heap used=5M max=256M, proc: com.android.bluetooth
07-15 20:33:21.615  4814  5421 V JavaheapMonitor: Check java heap usage finished! Next check delay: 300000
07-15 20:33:21.620  2530  3769 I MiSensorServiceImpl: user found in check list, getPackageName  android.view.OrientationEventListener
07-15 20:33:21.620  2530  3769 I MiSensorServiceImpl: user found in check list, getPackageName  android.view.OrientationEventListener
07-15 20:33:21.620  2530  3769 I MiSensorServiceImpl: user found in check list, getPackageName  android.view.OrientationEventListener
07-15 20:33:21.620  2530  3769 I MiSensorServiceImpl: user found in check list, getPackageName  android.view.OrientationEventListener
07-15 20:33:21.620  2530  3769 I MiSensorServiceImpl: user found in check list, getPackageName  android.view.OrientationEventListener
07-15 20:33:21.620  2530  3769 I MiSensorServiceImpl: user found in check list, getPackageName  android.view.OrientationEventListener
07-15 20:33:21.620  2530  3769 I MiSensorServiceImpl: user found in check list, getPackageName  android.view.OrientationEventListener
07-15 20:33:21.620  2530  3769 I MiSensorServiceImpl: user found in check list, getPackageName  android.view.OrientationEventListener
07-15 20:33:21.620  2530  3769 I MiSensorServiceImpl: user found in check list, getPackageName  android.view.OrientationEventListener
07-15 20:33:21.687  3173  3996 I libsensor-boledalgo: Write:the value of channelCali C:56836.9,R:20244.4,G:20512.7,B:6067.5,scales [1.043961,1.027310,1.040791,0.892234]
07-15 20:33:21.687  3173  3996 D libsensor-boledalgo: brightness:1212,R:45620.4,G:47145.6,B:47145.6,EVENT C:126034.0,R:48543.0,G:46114.0,B:13170.0, lux: 211.5, clone:46712
07-15 20:33:21.687  2530  3769 I MiSensorServiceImpl: user found in check list, getPackageName  android.view.OrientationEventListener
07-15 20:33:21.687  2530  3769 I MiSensorServiceImpl: user found in check list, getPackageName  android.view.OrientationEventListener
07-15 20:33:21.687  2530  3769 I MiSensorServiceImpl: user found in check list, getPackageName  android.view.OrientationEventListener
07-15 20:33:21.688  2530  3769 I MiSensorServiceImpl: user found in check list, getPackageName  android.view.OrientationEventListener
07-15 20:33:21.688  2530  3769 I MiSensorServiceImpl: user found in check list, getPackageName  android.view.OrientationEventListener
07-15 20:33:21.688  2530  3769 I MiSensorServiceImpl: user found in check list, getPackageName  android.view.OrientationEventListener
07-15 20:33:21.688  2530  3769 I MiSensorServiceImpl: user found in check list, getPackageName  android.view.OrientationEventListener
07-15 20:33:21.688  2530  3769 I MiSensorServiceImpl: user found in check list, getPackageName  android.view.OrientationEventListener
07-15 20:33:21.688  2530  3769 I MiSensorServiceImpl: user found in check list, getPackageName  android.view.OrientationEventListener
07-15 20:33:21.753  2530  3769 I MiSensorServiceImpl: user found in check list, getPackageName  android.view.OrientationEventListener
07-15 20:33:21.753  2530  3769 I MiSensorServiceImpl: user found in check list, getPackageName  android.view.OrientationEventListener
07-15 20:33:21.753  2530  3769 I MiSensorServiceImpl: user found in check list, getPackageName  android.view.OrientationEventListener
07-15 20:33:21.753  2530  3769 I MiSensorServiceImpl: user found in check list, getPackageName  android.view.OrientationEventListener
07-15 20:33:21.753  2530  3769 I MiSensorServiceImpl: user found in check list, getPackageName  android.view.OrientationEventListener
07-15 20:33:21.753  2530  3769 I MiSensorServiceImpl: user found in check list, getPackageName  android.view.OrientationEventListener
07-15 20:33:21.754  2530  3769 I MiSensorServiceImpl: user found in check list, getPackageName  android.view.OrientationEventListener
07-15 20:33:21.754  2530  3769 I MiSensorServiceImpl: user found in check list, getPackageName  android.view.OrientationEventListener
07-15 20:33:21.781  1752  5992 D vendor.qti.bluetooth@1.1-wake_lock: Acquire wakelock is acquired 
07-15 20:33:21.784  4814  6038 V ScanController: onScanResult() - eventType=0x0, addressType=1, address=XX:XX:XX:XX:9B:4D, primaryPhy=1, secondaryPhy=1, advertisingSid=0x1, txPower=127, rssi=-35, periodicAdvInt=0x0, originalAddress=2C:87:DC:D2:9B:4D
07-15 20:33:21.784  4814  6038 V ScanController: Legacy scan, non legacy result; skip.
07-15 20:33:21.784  4814  6038 V ScanController: Skipping client: permission=true matches=false
07-15 20:33:21.784  4814  6038 V ScanController: Skipping client: permission=true matches=false
07-15 20:33:21.785  4814  6038 V ScanController: Skipping client: permission=true matches=false
07-15 20:33:21.785  4814  6038 V ScanController: Skipping client: permission=true matches=false
07-15 20:33:21.805  1799  1982 D SDM     : HWDeviceDRM::SetupConcurrentWriteback: Tear down the Concurrent Writeback topology
07-15 20:33:21.805  1799  2475 I vendor.qti.hardware.display.composer-service: Sensor: notify citsensorservice to trigger cwb, misForced = 0
07-15 20:33:21.806  3173  3979 I libsensor-parseRGB: request dump start for mRequestDisplayId 0
07-15 20:33:21.807  3173  3979 D vendor.xiaomi.sensor.citsensorservice.aidl: handle id:21 wxh:1536x3200 uwxuh:1440x3200 size: 14745600 fd:17 fd_meta:18 flags:0x228 usage:0x33  format:0x3 layer_count: 1 reserved_size = 0 custom_content_md_reserved_size = 0
07-15 20:33:21.807  4814  6038 D BluetoothRemoteDevices: Update property, device=XX:XX:XX:XX:35:AB, type: 1
07-15 20:33:21.807  4814  6038 D BluetoothRemoteDevices: Skip name update for XX:XX:XX:XX:35:AB
07-15 20:33:21.807  4814  6038 D BluetoothRemoteDevices: Update property, device=XX:XX:XX:XX:35:AB, type: 4
07-15 20:33:21.807  4814  6038 D BluetoothRemoteDevices: Skip class update, device=XX:XX:XX:XX:35:AB, cod=0x2a410c
07-15 20:33:21.807  4814  6038 D BluetoothRemoteDevices: Update property, device=XX:XX:XX:XX:35:AB, type: 5
07-15 20:33:21.807  4814  6038 D BluetoothRemoteDevices:  BT_PROPERTY_TYPE_OF_DEVICE addr:10:F6:0A:87:35:AB deviceType:3
07-15 20:33:21.807  4814  6038 D HyperRemoteDevicesAdapter: Update property, device=10:F6:0A:87:35:AB, type: 1
07-15 20:33:21.807  4814  6038 D HyperRemoteDevicesAdapter: Remote device name is: 岳振平LAPTOP type = 2 10:F6:0A:87:35:AB
07-15 20:33:21.807  4814  6038 D HyperRemoteDevicesAdapter: update name for XX:XX:XX:XX:35:AB type = 2 name = 岳振平LAPTOP 0
07-15 20:33:21.807  4814  6038 D HyperRemoteDevicesAdapter: Update property, device=10:F6:0A:87:35:AB, type: 4
07-15 20:33:21.807  4814  6038 D HyperRemoteDevicesAdapter: Update property, device=10:F6:0A:87:35:AB, type: 5
07-15 20:33:21.807  2054  2446 E HwcComposer: getLuts failed Status(-129, EX_TRANSACTION_FAILED): 'UNKNOWN_TRANSACTION: '
07-15 20:33:21.807  4814  6038 V ScanController: onScanResult() - eventType=0x1b, addressType=0, address=XX:XX:XX:XX:35:AB, primaryPhy=1, secondaryPhy=0, advertisingSid=0xff, txPower=127, rssi=-34, periodicAdvInt=0x0, originalAddress=10:F6:0A:87:35:AB
07-15 20:33:21.807  4814  6038 V ScanController: Skipping client: permission=true matches=false
07-15 20:33:21.807  4814  6038 V ScanController: Skipping client: permission=true matches=false
07-15 20:33:21.807  1799  1799 D SDM     : HWCSession::PostBuffer: CWB config passed by cwb_client : tappoint 1  CWB_ROI : (738.000000 74.000000 979.000000 315.000000)
07-15 20:33:21.808  4814  6038 V ScanController: Skipping client: permission=true matches=false
07-15 20:33:21.809  4814  6038 V ScanController: Skipping client: permission=true matches=false
07-15 20:33:21.809  4814  6038 V ScanController: Skipping client: permission=true matches=false
07-15 20:33:21.821  2530  3769 I MiSensorServiceImpl: user found in check list, getPackageName  android.view.OrientationEventListener
07-15 20:33:21.821  2530  3769 I MiSensorServiceImpl: user found in check list, getPackageName  android.view.OrientationEventListener
07-15 20:33:21.821  2530  3769 I MiSensorServiceImpl: user found in check list, getPackageName  android.view.OrientationEventListener
07-15 20:33:21.821  2530  3769 I MiSensorServiceImpl: user found in check list, getPackageName  android.view.OrientationEventListener
07-15 20:33:21.821  2530  3769 I MiSensorServiceImpl: user found in check list, getPackageName  android.view.OrientationEventListener
07-15 20:33:21.821  2530  3769 I MiSensorServiceImpl: user found in check list, getPackageName  android.view.OrientationEventListener
07-15 20:33:21.821  2530  3769 I MiSensorServiceImpl: user found in check list, getPackageName  android.view.OrientationEventListener
07-15 20:33:21.821  2530  3769 I MiSensorServiceImpl: user found in check list, getPackageName  android.view.OrientationEventListener
