07-15 20:33:17.421  2530  3769 I MiSensorServiceImpl: user found in check list, getPackageName  android.view.OrientationEventListener
07-15 20:33:17.421  2530  3769 I MiSensorServiceImpl: user found in check list, getPackageName  android.view.OrientationEventListener
07-15 20:33:17.423  3862  3862 D WM-Processor: a 233c66d2-33bd-47d8-bcbe-99a42214ee94 executed; reschedule = false
07-15 20:33:17.424  3862  4212 D WM-GreedyScheduler: Cancelling work ID 233c66d2-33bd-47d8-bcbe-99a42214ee94
07-15 20:33:17.468  3060  3060 I cnss-daemon: nl80211 response handler invoked
07-15 20:33:17.468  3060  3060 I cnss-daemon: nl80211_response_handler: cmd 103, vendorID 4980, subcmd 13  received
07-15 20:33:17.470  1765  6009 I WifiHAL : event received NL80211_CMD_VENDOR, vendor_id = 0x1374, subcmd = 0xd
07-15 20:33:17.487  3173  3996 I libsensor-boledalgo: Write:the value of channelCali C:56836.9,R:20244.4,G:20512.7,B:6067.5,scales [1.043961,1.027310,1.040791,0.892234]
07-15 20:33:17.487  3173  3996 D libsensor-boledalgo: brightness:1212,R:45620.4,G:47145.6,B:47145.6,EVENT C:128374.0,R:49424.0,G:47015.0,B:13396.0, lux: 218.9, clone:46712
07-15 20:33:17.489  2530  3769 I MiSensorServiceImpl: user found in check list, getPackageName  android.view.OrientationEventListener
07-15 20:33:17.489  2530  3769 I MiSensorServiceImpl: user found in check list, getPackageName  android.view.OrientationEventListener
07-15 20:33:17.489  2530  3769 I MiSensorServiceImpl: user found in check list, getPackageName  android.view.OrientationEventListener
07-15 20:33:17.489  2530  3769 I MiSensorServiceImpl: user found in check list, getPackageName  android.view.OrientationEventListener
07-15 20:33:17.489  2530  3769 I MiSensorServiceImpl: user found in check list, getPackageName  android.view.OrientationEventListener
07-15 20:33:17.489  2530  3769 I MiSensorServiceImpl: user found in check list, getPackageName  android.view.OrientationEventListener
07-15 20:33:17.489  2530  3769 I MiSensorServiceImpl: user found in check list, getPackageName  android.view.OrientationEventListener
07-15 20:33:17.489  2530  3769 I MiSensorServiceImpl: user found in check list, getPackageName  android.view.OrientationEventListener
07-15 20:33:17.489  2530  3769 I MiSensorServiceImpl: user found in check list, getPackageName  android.view.OrientationEventListener
07-15 20:33:17.556  2530  3769 I MiSensorServiceImpl: user found in check list, getPackageName  android.view.OrientationEventListener
07-15 20:33:17.556  2530  3769 I MiSensorServiceImpl: user found in check list, getPackageName  android.view.OrientationEventListener
07-15 20:33:17.556  2530  3769 I MiSensorServiceImpl: user found in check list, getPackageName  android.view.OrientationEventListener
07-15 20:33:17.556  2530  3769 I MiSensorServiceImpl: user found in check list, getPackageName  android.view.OrientationEventListener
07-15 20:33:17.556  2530  3769 I MiSensorServiceImpl: user found in check list, getPackageName  android.view.OrientationEventListener
07-15 20:33:17.556  2530  3769 I MiSensorServiceImpl: user found in check list, getPackageName  android.view.OrientationEventListener
07-15 20:33:17.556  2530  3769 I MiSensorServiceImpl: user found in check list, getPackageName  android.view.OrientationEventListener
07-15 20:33:17.556  2530  3769 I MiSensorServiceImpl: user found in check list, getPackageName  android.view.OrientationEventListener
07-15 20:33:17.556  2530  3769 I MiSensorServiceImpl: user found in check list, getPackageName  android.view.OrientationEventListener
07-15 20:33:17.622  2530  3769 I MiSensorServiceImpl: user found in check list, getPackageName  android.view.OrientationEventListener
07-15 20:33:17.622  2530  3769 I MiSensorServiceImpl: user found in check list, getPackageName  android.view.OrientationEventListener
07-15 20:33:17.622  2530  3769 I MiSensorServiceImpl: user found in check list, getPackageName  android.view.OrientationEventListener
07-15 20:33:17.622  2530  3769 I MiSensorServiceImpl: user found in check list, getPackageName  android.view.OrientationEventListener
07-15 20:33:17.622  2530  3769 I MiSensorServiceImpl: user found in check list, getPackageName  android.view.OrientationEventListener
07-15 20:33:17.622  2530  3769 I MiSensorServiceImpl: user found in check list, getPackageName  android.view.OrientationEventListener
07-15 20:33:17.622  2530  3769 I MiSensorServiceImpl: user found in check list, getPackageName  android.view.OrientationEventListener
07-15 20:33:17.622  2530  3769 I MiSensorServiceImpl: user found in check list, getPackageName  android.view.OrientationEventListener
07-15 20:33:17.665  2530  5465 D SLM-SRV-SLAService: checktemp temperature = 34491 temperature_average = 34606 isPerformanceMode = false thermal_enable_slm = true
07-15 20:33:17.686  3173  3996 I libsensor-boledalgo: Write:the value of channelCali C:56836.9,R:20244.4,G:20512.7,B:6067.5,scales [1.043961,1.027310,1.040791,0.892234]
07-15 20:33:17.686  3173  3996 D libsensor-boledalgo: brightness:1212,R:45620.4,G:47145.6,B:47145.6,EVENT C:128240.0,R:49335.0,G:46983.0,B:13386.0, lux: 218.6, clone:46712
07-15 20:33:17.689  2530  3769 I MiSensorServiceImpl: user found in check list, getPackageName  android.view.OrientationEventListener
07-15 20:33:17.689  2530  3769 I MiSensorServiceImpl: user found in check list, getPackageName  android.view.OrientationEventListener
07-15 20:33:17.689  2530  3769 I MiSensorServiceImpl: user found in check list, getPackageName  android.view.OrientationEventListener
07-15 20:33:17.689  2530  3769 I MiSensorServiceImpl: user found in check list, getPackageName  android.view.OrientationEventListener
07-15 20:33:17.689  2530  3769 I MiSensorServiceImpl: user found in check list, getPackageName  android.view.OrientationEventListener
07-15 20:33:17.689  2530  3769 I MiSensorServiceImpl: user found in check list, getPackageName  android.view.OrientationEventListener
07-15 20:33:17.689  2530  3769 I MiSensorServiceImpl: user found in check list, getPackageName  android.view.OrientationEventListener
07-15 20:33:17.689  2530  3769 I MiSensorServiceImpl: user found in check list, getPackageName  android.view.OrientationEventListener
07-15 20:33:17.689  2530  3769 I MiSensorServiceImpl: user found in check list, getPackageName  android.view.OrientationEventListener
07-15 20:33:17.755  2530  3769 I MiSensorServiceImpl: user found in check list, getPackageName  android.view.OrientationEventListener
07-15 20:33:17.755  2530  3769 I MiSensorServiceImpl: user found in check list, getPackageName  android.view.OrientationEventListener
07-15 20:33:17.755  2530  3769 I MiSensorServiceImpl: user found in check list, getPackageName  android.view.OrientationEventListener
07-15 20:33:17.755  2530  3769 I MiSensorServiceImpl: user found in check list, getPackageName  android.view.OrientationEventListener
07-15 20:33:17.756  2530  3769 I MiSensorServiceImpl: user found in check list, getPackageName  android.view.OrientationEventListener
07-15 20:33:17.756  2530  3769 I MiSensorServiceImpl: user found in check list, getPackageName  android.view.OrientationEventListener
07-15 20:33:17.756  2530  3769 I MiSensorServiceImpl: user found in check list, getPackageName  android.view.OrientationEventListener
07-15 20:33:17.756  2530  3769 I MiSensorServiceImpl: user found in check list, getPackageName  android.view.OrientationEventListener
07-15 20:33:17.756  2530  3769 I MiSensorServiceImpl: user found in check list, getPackageName  android.view.OrientationEventListener
07-15 20:33:17.762 30112 21178 D AudioTrackImpl: [audioTrackData][fine] 45s(f:45052 m:0 s:0 k:0 z:0) : pid 30112 uid 10325 sessionId 67409 sr 44100 ch 2 fmt 1 maxAmplitude 5730
07-15 20:33:17.804  1799  1982 D SDM     : HWDeviceDRM::SetupConcurrentWriteback: Tear down the Concurrent Writeback topology
07-15 20:33:17.804  1799  2475 I vendor.qti.hardware.display.composer-service: Sensor: notify citsensorservice to trigger cwb, misForced = 0
07-15 20:33:17.805  3173  3979 I libsensor-parseRGB: request dump start for mRequestDisplayId 0
07-15 20:33:17.805  3173  3979 D vendor.xiaomi.sensor.citsensorservice.aidl: handle id:21 wxh:1536x3200 uwxuh:1440x3200 size: 14745600 fd:17 fd_meta:18 flags:0x228 usage:0x33  format:0x3 layer_count: 1 reserved_size = 0 custom_content_md_reserved_size = 0
07-15 20:33:17.805  1799  1799 D SDM     : HWCSession::PostBuffer: CWB config passed by cwb_client : tappoint 1  CWB_ROI : (738.000000 74.000000 979.000000 315.000000)
07-15 20:33:17.806  2054  2446 E HwcComposer: getLuts failed Status(-129, EX_TRANSACTION_FAILED): 'UNKNOWN_TRANSACTION: '
07-15 20:33:17.822  2530  3769 I MiSensorServiceImpl: user found in check list, getPackageName  android.view.OrientationEventListener
07-15 20:33:17.822  2530  3769 I MiSensorServiceImpl: user found in check list, getPackageName  android.view.OrientationEventListener
07-15 20:33:17.822  2530  3769 I MiSensorServiceImpl: user found in check list, getPackageName  android.view.OrientationEventListener
07-15 20:33:17.822  2530  3769 I MiSensorServiceImpl: user found in check list, getPackageName  android.view.OrientationEventListener
07-15 20:33:17.822  2530  3769 I MiSensorServiceImpl: user found in check list, getPackageName  android.view.OrientationEventListener
07-15 20:33:17.822  2530  3769 I MiSensorServiceImpl: user found in check list, getPackageName  android.view.OrientationEventListener
07-15 20:33:17.822  2530  3769 I MiSensorServiceImpl: user found in check list, getPackageName  android.view.OrientationEventListener
07-15 20:33:17.822  2530  3769 I MiSensorServiceImpl: user found in check list, getPackageName  android.view.OrientationEventListener
07-15 20:33:17.831  1752  5992 D vendor.qti.bluetooth@1.1-wake_lock: Acquire wakelock is acquired 
07-15 20:33:17.834  1799 19529 D SDM     : CompManager::NotifyCwbDone: display 0 notify cwb callback, status = 0
07-15 20:33:17.834  1799  3999 D SDM     : HWCSession::NotifyCWBStatus: Notify the client about buffer status 0.
07-15 20:33:17.835  1799  3999 D SDM     : HWCSession::ProcessCWBStatus: CWB queue is empty. Display: 0
07-15 20:33:17.835  4814  6038 D BluetoothRemoteDevices: Update property, device=XX:XX:XX:XX:35:AB, type: 1
07-15 20:33:17.835  4814  6038 D BluetoothRemoteDevices: Skip name update for XX:XX:XX:XX:35:AB
07-15 20:33:17.835  4814  6038 D BluetoothRemoteDevices: Update property, device=XX:XX:XX:XX:35:AB, type: 4
07-15 20:33:17.835  4814  6038 D BluetoothRemoteDevices: Skip class update, device=XX:XX:XX:XX:35:AB, cod=0x2a410c
07-15 20:33:17.835  4814  6038 D BluetoothRemoteDevices: Update property, device=XX:XX:XX:XX:35:AB, type: 5
07-15 20:33:17.835  4814  6038 D BluetoothRemoteDevices:  BT_PROPERTY_TYPE_OF_DEVICE addr:10:F6:0A:87:35:AB deviceType:3
07-15 20:33:17.835  4814  6038 D HyperRemoteDevicesAdapter: Update property, device=10:F6:0A:87:35:AB, type: 1
07-15 20:33:17.835  4814  6038 D HyperRemoteDevicesAdapter: Remote device name is: 岳振平LAPTOP type = 2 10:F6:0A:87:35:AB
07-15 20:33:17.836  4814  6038 D HyperRemoteDevicesAdapter: update name for XX:XX:XX:XX:35:AB type = 2 name = 岳振平LAPTOP 0
07-15 20:33:17.836  4814  6038 D HyperRemoteDevicesAdapter: Update property, device=10:F6:0A:87:35:AB, type: 4
07-15 20:33:17.836  4814  6038 D HyperRemoteDevicesAdapter: Update property, device=10:F6:0A:87:35:AB, type: 5
07-15 20:33:17.836  4814  6038 V ScanController: onScanResult() - eventType=0x1b, addressType=0, address=XX:XX:XX:XX:35:AB, primaryPhy=1, secondaryPhy=0, advertisingSid=0xff, txPower=127, rssi=-37, periodicAdvInt=0x0, originalAddress=10:F6:0A:87:35:AB
07-15 20:33:17.836  4814  6038 V ScanController: Skipping client: permission=true matches=false
07-15 20:33:17.836  4814  6038 V ScanController: Skipping client: permission=true matches=false
07-15 20:33:17.836  4814  6038 V ScanController: Skipping client: permission=true matches=false
07-15 20:33:17.837  4814  6038 V ScanController: Skipping client: permission=true matches=false
07-15 20:33:17.837  3173  3231 E libsensor-parseRGB: CWB NotifyCWBBufferDone  error 0
07-15 20:33:17.838  4814  6038 V ScanController: Skipping client: permission=true matches=false
07-15 20:33:17.843  4814  6038 V ScanController: onScanResult() - eventType=0x1, addressType=0, address=XX:XX:XX:XX:35:AB, primaryPhy=1, secondaryPhy=1, advertisingSid=0x3, txPower=127, rssi=-37, periodicAdvInt=0x0, originalAddress=10:F6:0A:87:35:AB
07-15 20:33:17.843  4814  6038 V ScanController: Legacy scan, non legacy result; skip.
07-15 20:33:17.843  4814  6038 V ScanController: Skipping client: permission=true matches=false
07-15 20:33:17.843  4814  6038 V ScanController: Skipping client: permission=true matches=false
07-15 20:33:17.843  4814  6038 V ScanController: Skipping client: permission=true matches=false
07-15 20:33:17.843  4814  6038 V ScanController: Skipping client: permission=true matches=false
07-15 20:33:17.852 20586 20706 D JavaheapMonitor: Java heap used=16M max=256M, proc: com.android.chrome
07-15 20:33:17.853 20586 20706 V JavaheapMonitor: Check java heap usage finished! Next check delay: 300000
07-15 20:33:17.878  2530  3808 I SmartPower: com.facebook.katana/10325(30112): idle->background(84473ms) R(alarm start) adj=701.
07-15 20:33:17.878  2530  3808 I SmartPower: com.facebook.katana:adnw/10325(9292): idle->background(542082ms) R(alarm start) adj=945.
07-15 20:33:17.881  2530  3808 D AlarmManager: mBroadcastRefCount -> 1
07-15 20:33:17.884  2530  3808 D BatteryStatsManagerStub: notifyEvent for resId=128 used 0ms
07-15 20:33:17.884  2530  3808 I SmartPower: com.facebook.services/10116(25354): idle->background(655799ms) R(alarm start) adj=800.
07-15 20:33:17.885  2530  4299 I whetstone.activity: processNotifyEvent1 resId = 128, bundle = Bundle[{startTime=543314424, sourcePkg=com.facebook.katana, type=ELAPSED_WAKEUP, statsTag=*walarm*:WakingExecutorService.ACTION_ALARM.com.facebook.katana.Mqtt_Wakeup, creatorUid=10325, elapsedRealtime=543314416}]
07-15 20:33:17.886 13339 22394 I EventMonitor: notifyEvent resId=128
07-15 20:33:17.889  1799  1982 I SDM     : DisplayBase::CommitThread: Received idle timeout, panel: cmd, timeout: 70000 us
07-15 20:33:17.890  3173  3996 I libsensor-boledalgo: Write:the value of channelCali C:56836.9,R:20244.4,G:20512.7,B:6067.5,scales [1.043961,1.027310,1.040791,0.892234]
07-15 20:33:17.890  3173  3996 D libsensor-boledalgo: brightness:1212,R:45620.4,G:47145.6,B:47145.6,EVENT C:128436.0,R:49413.0,G:47038.0,B:13405.0, lux: 219.1, clone:46712
07-15 20:33:17.893  2530  3769 I MiSensorServiceImpl: user found in check list, getPackageName  android.view.OrientationEventListener
07-15 20:33:17.893  2530  3769 I MiSensorServiceImpl: user found in check list, getPackageName  android.view.OrientationEventListener
07-15 20:33:17.893  2530  3769 I MiSensorServiceImpl: user found in check list, getPackageName  android.view.OrientationEventListener
07-15 20:33:17.893  2530  3769 I MiSensorServiceImpl: user found in check list, getPackageName  android.view.OrientationEventListener
07-15 20:33:17.893  2530  3769 I MiSensorServiceImpl: user found in check list, getPackageName  android.view.OrientationEventListener
07-15 20:33:17.893  2530  3769 I MiSensorServiceImpl: user found in check list, getPackageName  android.view.OrientationEventListener
07-15 20:33:17.893  2530  3769 I MiSensorServiceImpl: user found in check list, getPackageName  android.view.OrientationEventListener
07-15 20:33:17.893  2530  3769 I MiSensorServiceImpl: user found in check list, getPackageName  android.view.OrientationEventListener
07-15 20:33:17.893  2530  3769 I MiSensorServiceImpl: user found in check list, getPackageName  android.view.OrientationEventListener
07-15 20:33:17.894  2530  3968 I MiuiNetworkPolicy: updateUidState uid = 99935, uidState = 11
07-15 20:33:17.895  2530  3808 D AlarmManager: mBroadcastRefCount -> 2
07-15 20:33:17.896  2530  4299 I whetstone.activity: processNotifyEvent1 resId = 128, bundle = Bundle[{startTime=543314436, sourcePkg=com.facebook.services, type=ELAPSED_WAKEUP, statsTag=*walarm*:com.facebook.rti.fbns.intent.ACTION_ALARM.FBNS_SCHEDULED_BROADCAST_TIMEOUT, creatorUid=10116, elapsedRealtime=543314416}]
07-15 20:33:17.897  2530  3808 D BatteryStatsManagerStub: notifyEvent for resId=128 used 1ms
07-15 20:33:17.897 13339 22394 I EventMonitor: notifyEvent resId=128
07-15 20:33:17.899  2530  3968 I MiuiNetworkPolicy: updateUidState uid = 10325, uidState = 11
07-15 20:33:17.899  2530  3968 I MiuiNetworkPolicy: updateUidState uid = 10116, uidState = 10
07-15 20:33:17.899 29422 31435 I eohs    : (REDACTED) HDM. appOpsListener %s %s
07-15 20:33:17.899 29422 31435 I eohs    : (REDACTED) HDM. Ignoring irrelevant audio permission changes for package %s
07-15 20:33:17.900  2530  2604 D GnssSsruImpl: onLocationPermissionsChanged provider:network packageName:com.facebook.katana
07-15 20:33:17.900  2530  2604 D GnssSsruImpl: onLocationPermissionsChanged provider:passive packageName:com.facebook.katana
07-15 20:33:17.900  2039 23141 V audio_utils::mutex: mutex_impl: audio_mutex initialized: ret:0  order:6
07-15 20:33:17.907  2530  2530 D AlarmManager: mBroadcastRefCount -> 1
07-15 20:33:17.907  2530  2530 D AlarmManager: mPendingIntent -> PendingIntent{47ed043: PendingIntentRecord{9c59a1d com.facebook.katana broadcastIntent}}
07-15 20:33:17.910  2530  3968 I MiuiNetworkPolicy: updateUidState uid = 99935, uidState = 17
07-15 20:33:17.912  2530  3968 I MiuiNetworkPolicy: updateUidState uid = 10325, uidState = 16
07-15 20:33:17.913 25354 25546 W fbservices-stub:NotificationDeliveryStorePreferences: [AI] Failed to deserialize notification item
07-15 20:33:17.913 25354 25546 W fbservices-stub:NotificationDeliveryStorePreferences: [AI] Failed to deserialize notification item
07-15 20:33:17.914  2530  3733 E AlarmManager: not align this alarm: Alarm{44546c0 type 2 origWhen 543914454 whenElapsed 543914454 com.facebook.services}, reason=0
07-15 20:33:17.915  2530  2530 D AlarmManager: mBroadcastRefCount -> 0
07-15 20:33:17.915  2530  2530 D AlarmManager: mPendingIntent -> PendingIntent{58dcff9: PendingIntentRecord{7ef9428 com.facebook.services broadcastIntent}}
07-15 20:33:17.918  2530  3968 I MiuiNetworkPolicy: updateUidState uid = 10116, uidState = 10
07-15 20:33:17.956  2530  3769 I MiSensorServiceImpl: user found in check list, getPackageName  android.view.OrientationEventListener
07-15 20:33:17.956  2530  3769 I MiSensorServiceImpl: user found in check list, getPackageName  android.view.OrientationEventListener
07-15 20:33:17.956  2530  3769 I MiSensorServiceImpl: user found in check list, getPackageName  android.view.OrientationEventListener
07-15 20:33:17.956  2530  3769 I MiSensorServiceImpl: user found in check list, getPackageName  android.view.OrientationEventListener
07-15 20:33:17.956  2530  3769 I MiSensorServiceImpl: user found in check list, getPackageName  android.view.OrientationEventListener
07-15 20:33:17.956  2530  3769 I MiSensorServiceImpl: user found in check list, getPackageName  android.view.OrientationEventListener
07-15 20:33:17.956  2530  3769 I MiSensorServiceImpl: user found in check list, getPackageName  android.view.OrientationEventListener
07-15 20:33:17.956  2530  3769 I MiSensorServiceImpl: user found in check list, getPackageName  android.view.OrientationEventListener
07-15 20:33:17.956  2530  3769 I MiSensorServiceImpl: user found in check list, getPackageName  android.view.OrientationEventListener
07-15 20:33:18.009  2054  2446 E HwcComposer: getLuts failed Status(-129, EX_TRANSACTION_FAILED): 'UNKNOWN_TRANSACTION: '
07-15 20:33:18.022  2530  3769 I MiSensorServiceImpl: user found in check list, getPackageName  android.view.OrientationEventListener
07-15 20:33:18.022  2530  3769 I MiSensorServiceImpl: user found in check list, getPackageName  android.view.OrientationEventListener
07-15 20:33:18.022  2530  3769 I MiSensorServiceImpl: user found in check list, getPackageName  android.view.OrientationEventListener
07-15 20:33:18.022  2530  3769 I MiSensorServiceImpl: user found in check list, getPackageName  android.view.OrientationEventListener
07-15 20:33:18.022  2530  3769 I MiSensorServiceImpl: user found in check list, getPackageName  android.view.OrientationEventListener
07-15 20:33:18.022  2530  3769 I MiSensorServiceImpl: user found in check list, getPackageName  android.view.OrientationEventListener
07-15 20:33:18.022  2530  3769 I MiSensorServiceImpl: user found in check list, getPackageName  android.view.OrientationEventListener
07-15 20:33:18.022  2530  3769 I MiSensorServiceImpl: user found in check list, getPackageName  android.view.OrientationEventListener
07-15 20:33:18.023  1752  5453 D vendor.qti.bluetooth@1.1-wake_lock: Release wakelock is released 
07-15 20:33:18.088  2530  3769 I MiSensorServiceImpl: user found in check list, getPackageName  android.view.OrientationEventListener
07-15 20:33:18.089  2530  3769 I MiSensorServiceImpl: user found in check list, getPackageName  android.view.OrientationEventListener
07-15 20:33:18.089  2530  3769 I MiSensorServiceImpl: user found in check list, getPackageName  android.view.OrientationEventListener
07-15 20:33:18.089  2530  3769 I MiSensorServiceImpl: user found in check list, getPackageName  android.view.OrientationEventListener
07-15 20:33:18.089  2530  3769 I MiSensorServiceImpl: user found in check list, getPackageName  android.view.OrientationEventListener
07-15 20:33:18.089  2530  3769 I MiSensorServiceImpl: user found in check list, getPackageName  android.view.OrientationEventListener
07-15 20:33:18.089  2530  3769 I MiSensorServiceImpl: user found in check list, getPackageName  android.view.OrientationEventListener
07-15 20:33:18.089  2530  3769 I MiSensorServiceImpl: user found in check list, getPackageName  android.view.OrientationEventListener
07-15 20:33:18.089  2530  3769 I MiSensorServiceImpl: user found in check list, getPackageName  android.view.OrientationEventListener
07-15 20:33:18.144  2530  3968 I MiuiNetworkPolicy: updateUidState uid = 99932, uidState = 17
07-15 20:33:18.146  2530  3968 I MiuiNetworkPolicy: updateUidState uid = 10349, uidState = 16
07-15 20:33:18.148  2530  3777 E JobScheduler.Background: Couldn't determine stopped state for unknown package: com.google.android.apps.turbo
07-15 20:33:18.148  2530  3777 E JobScheduler.Background: Couldn't determine stopped state for unknown package: com.google.android.apps.turbo
07-15 20:33:18.148  2530  3777 E JobScheduler.Background: Couldn't determine stopped state for unknown package: com.google.android.apps.turbo
07-15 20:33:18.148  2530  3777 E JobScheduler.Background: Couldn't determine stopped state for unknown package: com.google.android.apps.turbo
07-15 20:33:18.148  2530  3777 E JobScheduler.Background: Couldn't determine stopped state for unknown package: com.google.android.apps.turbo
07-15 20:33:18.156  2530  3769 I MiSensorServiceImpl: user found in check list, getPackageName  android.view.OrientationEventListener
07-15 20:33:18.156  2530  3769 I MiSensorServiceImpl: user found in check list, getPackageName  android.view.OrientationEventListener
07-15 20:33:18.156  2530  3769 I MiSensorServiceImpl: user found in check list, getPackageName  android.view.OrientationEventListener
07-15 20:33:18.156  2530  3769 I MiSensorServiceImpl: user found in check list, getPackageName  android.view.OrientationEventListener
07-15 20:33:18.156  2530  3769 I MiSensorServiceImpl: user found in check list, getPackageName  android.view.OrientationEventListener
07-15 20:33:18.156  2530  3769 I MiSensorServiceImpl: user found in check list, getPackageName  android.view.OrientationEventListener
07-15 20:33:18.156  2530  3769 I MiSensorServiceImpl: user found in check list, getPackageName  android.view.OrientationEventListener
07-15 20:33:18.156  2530  3769 I MiSensorServiceImpl: user found in check list, getPackageName  android.view.OrientationEventListener
07-15 20:33:18.156  2530  3769 I MiSensorServiceImpl: user found in check list, getPackageName  android.view.OrientationEventListener
07-15 20:33:18.222  2530  3769 I MiSensorServiceImpl: user found in check list, getPackageName  android.view.OrientationEventListener
07-15 20:33:18.222  2530  3769 I MiSensorServiceImpl: user found in check list, getPackageName  android.view.OrientationEventListener
07-15 20:33:18.222  2530  3769 I MiSensorServiceImpl: user found in check list, getPackageName  android.view.OrientationEventListener
07-15 20:33:18.222  2530  3769 I MiSensorServiceImpl: user found in check list, getPackageName  android.view.OrientationEventListener
07-15 20:33:18.222  2530  3769 I MiSensorServiceImpl: user found in check list, getPackageName  android.view.OrientationEventListener
07-15 20:33:18.222  2530  3769 I MiSensorServiceImpl: user found in check list, getPackageName  android.view.OrientationEventListener
07-15 20:33:18.222  2530  3769 I MiSensorServiceImpl: user found in check list, getPackageName  android.view.OrientationEventListener
07-15 20:33:18.222  2530  3769 I MiSensorServiceImpl: user found in check list, getPackageName  android.view.OrientationEventListener
07-15 20:33:18.222  2530  3769 I MiSensorServiceImpl: user found in check list, getPackageName  android.view.OrientationEventListener
07-15 20:33:18.288  2530  3769 I MiSensorServiceImpl: user found in check list, getPackageName  android.view.OrientationEventListener
07-15 20:33:18.288  2530  3769 I MiSensorServiceImpl: user found in check list, getPackageName  android.view.OrientationEventListener
07-15 20:33:18.288  2530  3769 I MiSensorServiceImpl: user found in check list, getPackageName  android.view.OrientationEventListener
07-15 20:33:18.288  2530  3769 I MiSensorServiceImpl: user found in check list, getPackageName  android.view.OrientationEventListener
07-15 20:33:18.288  2530  3769 I MiSensorServiceImpl: user found in check list, getPackageName  android.view.OrientationEventListener
07-15 20:33:18.288  2530  3769 I MiSensorServiceImpl: user found in check list, getPackageName  android.view.OrientationEventListener
07-15 20:33:18.288  2530  3769 I MiSensorServiceImpl: user found in check list, getPackageName  android.view.OrientationEventListener
07-15 20:33:18.288  2530  3769 I MiSensorServiceImpl: user found in check list, getPackageName  android.view.OrientationEventListener
07-15 20:33:18.319 30112  1338 E fb4a.msys: E[N dgw]operator()(461)=>TunnelRetriableNetworkLayer_processRequest:timer closing connection after timeout
07-15 20:33:18.323  2530  3733 D ConnectivityService: Returning UNBLOCKED NetworkInfo to uid=10325
07-15 20:33:18.325 30112 23777 E fb4a.msys: E[N 1283]errorHandlerDispatched(198)=>262/1283/3347/-1
07-15 20:33:18.326 30112  1338 E fb4a.msys: E[N dgw]operator()(129)=>TunnelRetriableNetworkLayer_removeRequest pendingRequest not found
07-15 20:33:18.335 30112 30112 E fb4a.Execution: Redirecting MSYS Execution scheduling from the UI thread to a custom executor
07-15 20:33:18.337 30112 30112 W fb4a.AppComponentFactory: Instantiating BroadcastReceiver
07-15 20:33:18.339  2530  3968 I MiuiNetworkPolicy: updateUidState uid = 99935, uidState = 11
07-15 20:33:18.339  2530  3968 I MiuiNetworkPolicy: updateUidState uid = 10325, uidState = 11
07-15 20:33:18.341 30112 23914 E fb4a.msys: E[C mem.context]_LogNetworkStateUpdate(7844)=>[Critical] network_state/prev/2/new/1/source/1
07-15 20:33:18.342 30112 23914 E fb4a.msys: E[C MEMConnectionManager]_NetworkConnectedConnectionEventHandler(1563)=>[Debug] Start _NetworkConnectedConnectionEventHandler.
07-15 20:33:18.348 30112 23914 E fb4a.msys: E[C MEMConnectionManager]_NetworkConnectedConnectionEventHandler(1573)=>[Debug] End _NetworkConnectedConnectionEventHandler.
07-15 20:33:18.355  2530  3769 I MiSensorServiceImpl: user found in check list, getPackageName  android.view.OrientationEventListener
07-15 20:33:18.355  2530  3769 I MiSensorServiceImpl: user found in check list, getPackageName  android.view.OrientationEventListener
07-15 20:33:18.355  2530  3769 I MiSensorServiceImpl: user found in check list, getPackageName  android.view.OrientationEventListener
07-15 20:33:18.355  2530  3769 I MiSensorServiceImpl: user found in check list, getPackageName  android.view.OrientationEventListener
07-15 20:33:18.355  2530  3769 I MiSensorServiceImpl: user found in check list, getPackageName  android.view.OrientationEventListener
07-15 20:33:18.355  2530  3769 I MiSensorServiceImpl: user found in check list, getPackageName  android.view.OrientationEventListener
07-15 20:33:18.355  2530  3769 I MiSensorServiceImpl: user found in check list, getPackageName  android.view.OrientationEventListener
07-15 20:33:18.355  2530  3769 I MiSensorServiceImpl: user found in check list, getPackageName  android.view.OrientationEventListener
07-15 20:33:18.355  2530  3769 I MiSensorServiceImpl: user found in check list, getPackageName  android.view.OrientationEventListener
07-15 20:33:18.370  2530  6117 W ParceledListSlice: Element #271 is 23940 bytes.
07-15 20:33:18.370  2530  6117 W ParceledListSlice: Element #272 is 23940 bytes.
07-15 20:33:18.371  2530  6117 W ParceledListSlice: Element #273 is 23952 bytes.
07-15 20:33:18.372  2530  6117 W ParceledListSlice: Element #274 is 24052 bytes.
07-15 20:33:18.372  2530  6117 W ParceledListSlice: Element #275 is 23940 bytes.
07-15 20:33:18.373  2530  6117 W ParceledListSlice: Element #276 is 23940 bytes.
07-15 20:33:18.373  2530  6117 W ParceledListSlice: Element #277 is 23940 bytes.
07-15 20:33:18.374  2530  6117 W ParceledListSlice: Element #278 is 23956 bytes.
07-15 20:33:18.397 30112 30112 E fb4a.SlowAppComponent: 0ms: MediumNotificationsWidgetProvider instantiating…
07-15 20:33:18.397 30112 30112 E fb4a.SlowAppComponent: Main thread was blocked for 60ms in the background starting with MediumNotificationsWidgetProvider
07-15 20:33:18.421  2530  3769 I MiSensorServiceImpl: user found in check list, getPackageName  android.view.OrientationEventListener
07-15 20:33:18.421  2530  3769 I MiSensorServiceImpl: user found in check list, getPackageName  android.view.OrientationEventListener
07-15 20:33:18.421  2530  3769 I MiSensorServiceImpl: user found in check list, getPackageName  android.view.OrientationEventListener
07-15 20:33:18.421  2530  3769 I MiSensorServiceImpl: user found in check list, getPackageName  android.view.OrientationEventListener
07-15 20:33:18.421  2530  3769 I MiSensorServiceImpl: user found in check list, getPackageName  android.view.OrientationEventListener
07-15 20:33:18.422  2530  3769 I MiSensorServiceImpl: user found in check list, getPackageName  android.view.OrientationEventListener
07-15 20:33:18.422  2530  3769 I MiSensorServiceImpl: user found in check list, getPackageName  android.view.OrientationEventListener
07-15 20:33:18.422  2530  3769 I MiSensorServiceImpl: user found in check list, getPackageName  android.view.OrientationEventListener
07-15 20:33:18.422  2530  3769 I MiSensorServiceImpl: user found in check list, getPackageName  android.view.OrientationEventListener
07-15 20:33:18.423 30321  7331 D JavaheapMonitor: Java heap used=6M max=256M, proc: com.xiaomi.mi_connect_service:idm
07-15 20:33:18.423 30321  7331 V JavaheapMonitor: Check java heap usage finished! Next check delay: 300000
07-15 20:33:18.444  2530  3968 I MiuiNetworkPolicy: updateUidState uid = 99935, uidState = 17
07-15 20:33:18.445  2530  3968 I MiuiNetworkPolicy: updateUidState uid = 10325, uidState = 16
07-15 20:33:18.463  2530  3733 W ActivityManagerServiceImpl: Sending non-protected broadcast com.modemenhance.ACTION_MODEMWIFI_RSSI_POLL from system 5068:com.android.phone/1001 pkg com.android.phone. Callers=
07-15 20:33:18.467  5068  5068 D AmlSlaveWifiManager: getWifiSlaveConnectionInfo
07-15 20:33:18.484  3173  3996 I libsensor-boledalgo: Write:the value of channelCali C:56836.9,R:20244.4,G:20512.7,B:6067.5,scales [1.043961,1.027310,1.040791,0.892234]
07-15 20:33:18.484  3173  3996 D libsensor-boledalgo: brightness:1212,R:45620.4,G:47145.6,B:47145.6,EVENT C:128242.0,R:49332.0,G:46993.0,B:13390.0, lux: 218.7, clone:46712
07-15 20:33:18.488  2530  3769 I MiSensorServiceImpl: user found in check list, getPackageName  android.view.OrientationEventListener
07-15 20:33:18.488  2530  3769 I MiSensorServiceImpl: user found in check list, getPackageName  android.view.OrientationEventListener
07-15 20:33:18.488  2530  3769 I MiSensorServiceImpl: user found in check list, getPackageName  android.view.OrientationEventListener
07-15 20:33:18.488  2530  3769 I MiSensorServiceImpl: user found in check list, getPackageName  android.view.OrientationEventListener
07-15 20:33:18.488  2530  3769 I MiSensorServiceImpl: user found in check list, getPackageName  android.view.OrientationEventListener
07-15 20:33:18.488  2530  3769 I MiSensorServiceImpl: user found in check list, getPackageName  android.view.OrientationEventListener
07-15 20:33:18.488  2530  3769 I MiSensorServiceImpl: user found in check list, getPackageName  android.view.OrientationEventListener
07-15 20:33:18.488  2530  3769 I MiSensorServiceImpl: user found in check list, getPackageName  android.view.OrientationEventListener
07-15 20:33:18.555  2530  3769 I MiSensorServiceImpl: user found in check list, getPackageName  android.view.OrientationEventListener
07-15 20:33:18.555  2530  3769 I MiSensorServiceImpl: user found in check list, getPackageName  android.view.OrientationEventListener
07-15 20:33:18.555  2530  3769 I MiSensorServiceImpl: user found in check list, getPackageName  android.view.OrientationEventListener
07-15 20:33:18.555  2530  3769 I MiSensorServiceImpl: user found in check list, getPackageName  android.view.OrientationEventListener
07-15 20:33:18.555  2530  3769 I MiSensorServiceImpl: user found in check list, getPackageName  android.view.OrientationEventListener
07-15 20:33:18.555  2530  3769 I MiSensorServiceImpl: user found in check list, getPackageName  android.view.OrientationEventListener
07-15 20:33:18.555  2530  3769 I MiSensorServiceImpl: user found in check list, getPackageName  android.view.OrientationEventListener
07-15 20:33:18.555  2530  3769 I MiSensorServiceImpl: user found in check list, getPackageName  android.view.OrientationEventListener
07-15 20:33:18.555  2530  3769 I MiSensorServiceImpl: user found in check list, getPackageName  android.view.OrientationEventListener
07-15 20:33:18.566  1752  5992 D vendor.qti.bluetooth@1.1-wake_lock: Acquire wakelock is acquired 
07-15 20:33:18.569  4814  6038 D BluetoothRemoteDevices: Update property, device=XX:XX:XX:XX:35:AB, type: 1
07-15 20:33:18.569  4814  6038 D BluetoothRemoteDevices: Skip name update for XX:XX:XX:XX:35:AB
07-15 20:33:18.569  4814  6038 D BluetoothRemoteDevices: Update property, device=XX:XX:XX:XX:35:AB, type: 4
07-15 20:33:18.569  4814  6038 D BluetoothRemoteDevices: Skip class update, device=XX:XX:XX:XX:35:AB, cod=0x2a410c
07-15 20:33:18.569  4814  6038 D BluetoothRemoteDevices: Update property, device=XX:XX:XX:XX:35:AB, type: 5
07-15 20:33:18.569  4814  6038 D BluetoothRemoteDevices:  BT_PROPERTY_TYPE_OF_DEVICE addr:10:F6:0A:87:35:AB deviceType:3
07-15 20:33:18.569  4814  6038 D HyperRemoteDevicesAdapter: Update property, device=10:F6:0A:87:35:AB, type: 1
07-15 20:33:18.569  4814  6038 D HyperRemoteDevicesAdapter: Remote device name is: 岳振平LAPTOP type = 2 10:F6:0A:87:35:AB
07-15 20:33:18.569  4814  6038 D HyperRemoteDevicesAdapter: update name for XX:XX:XX:XX:35:AB type = 2 name = 岳振平LAPTOP 0
07-15 20:33:18.569  4814  6038 D HyperRemoteDevicesAdapter: Update property, device=10:F6:0A:87:35:AB, type: 4
07-15 20:33:18.569  4814  6038 D HyperRemoteDevicesAdapter: Update property, device=10:F6:0A:87:35:AB, type: 5
07-15 20:33:18.569  4814  6038 V ScanController: onScanResult() - eventType=0x1b, addressType=0, address=XX:XX:XX:XX:35:AB, primaryPhy=1, secondaryPhy=0, advertisingSid=0xff, txPower=127, rssi=-38, periodicAdvInt=0x0, originalAddress=10:F6:0A:87:35:AB
07-15 20:33:18.569  4814  6038 V ScanController: Skipping client: permission=true matches=false
07-15 20:33:18.570  4814  6038 V ScanController: Skipping client: permission=true matches=false
07-15 20:33:18.570  4814  6038 V ScanController: Skipping client: permission=true matches=false
07-15 20:33:18.570  4814  6038 V ScanController: Skipping client: permission=true matches=false
07-15 20:33:18.570  4814  6038 V ScanController: Skipping client: permission=true matches=false
07-15 20:33:18.622  2530  3769 I MiSensorServiceImpl: user found in check list, getPackageName  android.view.OrientationEventListener
07-15 20:33:18.622  2530  3769 I MiSensorServiceImpl: user found in check list, getPackageName  android.view.OrientationEventListener
07-15 20:33:18.622  2530  3769 I MiSensorServiceImpl: user found in check list, getPackageName  android.view.OrientationEventListener
07-15 20:33:18.622  2530  3769 I MiSensorServiceImpl: user found in check list, getPackageName  android.view.OrientationEventListener
07-15 20:33:18.622  2530  3769 I MiSensorServiceImpl: user found in check list, getPackageName  android.view.OrientationEventListener
07-15 20:33:18.622  2530  3769 I MiSensorServiceImpl: user found in check list, getPackageName  android.view.OrientationEventListener
07-15 20:33:18.622  2530  3769 I MiSensorServiceImpl: user found in check list, getPackageName  android.view.OrientationEventListener
07-15 20:33:18.622  2530  3769 I MiSensorServiceImpl: user found in check list, getPackageName  android.view.OrientationEventListener
07-15 20:33:18.622  2530  3769 I MiSensorServiceImpl: user found in check list, getPackageName  android.view.OrientationEventListener
07-15 20:33:18.660  6865  6999 D QLM-Service: check_headroom_zone: Timer EVT, Temp: 37951
07-15 20:33:18.684  3173  3996 I libsensor-boledalgo: Write:the value of channelCali C:56836.9,R:20244.4,G:20512.7,B:6067.5,scales [1.043961,1.027310,1.040791,0.892234]
07-15 20:33:18.684  3173  3996 D libsensor-boledalgo: brightness:1212,R:45620.4,G:47145.6,B:47145.6,EVENT C:128288.0,R:49365.0,G:47007.0,B:13388.0, lux: 218.8, clone:46712
07-15 20:33:18.688  2530  3769 I MiSensorServiceImpl: user found in check list, getPackageName  android.view.OrientationEventListener
07-15 20:33:18.688  2530  3769 I MiSensorServiceImpl: user found in check list, getPackageName  android.view.OrientationEventListener
07-15 20:33:18.688  2530  3769 I MiSensorServiceImpl: user found in check list, getPackageName  android.view.OrientationEventListener
07-15 20:33:18.688  2530  3769 I MiSensorServiceImpl: user found in check list, getPackageName  android.view.OrientationEventListener
07-15 20:33:18.688  2530  3769 I MiSensorServiceImpl: user found in check list, getPackageName  android.view.OrientationEventListener
07-15 20:33:18.688  2530  3769 I MiSensorServiceImpl: user found in check list, getPackageName  android.view.OrientationEventListener
07-15 20:33:18.688  2530  3769 I MiSensorServiceImpl: user found in check list, getPackageName  android.view.OrientationEventListener
07-15 20:33:18.688  2530  3769 I MiSensorServiceImpl: user found in check list, getPackageName  android.view.OrientationEventListener
07-15 20:33:18.711 13406 27753 W System.err: FlagsHookHelper: skip hook flags method getInstanceHook
07-15 20:33:18.755  2530  3769 I MiSensorServiceImpl: user found in check list, getPackageName  android.view.OrientationEventListener
07-15 20:33:18.755  2530  3769 I MiSensorServiceImpl: user found in check list, getPackageName  android.view.OrientationEventListener
07-15 20:33:18.755  2530  3769 I MiSensorServiceImpl: user found in check list, getPackageName  android.view.OrientationEventListener
07-15 20:33:18.755  2530  3769 I MiSensorServiceImpl: user found in check list, getPackageName  android.view.OrientationEventListener
07-15 20:33:18.755  2530  3769 I MiSensorServiceImpl: user found in check list, getPackageName  android.view.OrientationEventListener
07-15 20:33:18.755  2530  3769 I MiSensorServiceImpl: user found in check list, getPackageName  android.view.OrientationEventListener
07-15 20:33:18.755  2530  3769 I MiSensorServiceImpl: user found in check list, getPackageName  android.view.OrientationEventListener
07-15 20:33:18.755  2530  3769 I MiSensorServiceImpl: user found in check list, getPackageName  android.view.OrientationEventListener
07-15 20:33:18.755  2530  3769 I MiSensorServiceImpl: user found in check list, getPackageName  android.view.OrientationEventListener
07-15 20:33:18.757  1752  5453 D vendor.qti.bluetooth@1.1-wake_lock: Release wakelock is released 
07-15 20:33:18.800  2054  2054 D MI-SF   : isTpIdleScene ,mAverageFrameRate is 4, 0 
07-15 20:33:18.800  2054  2054 D MI-SF   : setIdleFps choose FPS:60, mode:0
07-15 20:33:18.800  2054  2054 D DisplayModeController: setDesiredMode 4630946540531149187 {mode={fps=60.00 Hz, modePtr={id=2, vsyncRate=60.00 Hz, peakRefreshRate=60.00 Hz}}, emitEvent=true, force=false}
07-15 20:33:18.800  1799  1799 I SDM     : HWCDisplay::SetActiveConfigWithConstraints: display:67-0, config: 2, WxH 1440x3200, fps 60
07-15 20:33:18.802  1799  1799 W SDM     : HWDeviceDRM::GetSupportedBitClkRate: Requested rate not supported: 1200000000
07-15 20:33:18.802  1799  1799 I SDM     : HWDeviceDRM::UpdateMixerAttributes: Mixer WxH 1440x3200-1 for Peripheral
07-15 20:33:18.802  1799  1799 I SDM     : HWCDisplay::SubmitDisplayConfig: Active configuration changed from config 0 to 2
07-15 20:33:18.802  1799  1799 I SDM     : HWCDisplay::SubmitDisplayConfig: Active WxH 1440x3200 ,ddic_mode:normal, timing_fps: 60, sf_fps: 60
07-15 20:33:18.804  1799  1982 D SDM     : HWDeviceDRM::SetupConcurrentWriteback: Tear down the Concurrent Writeback topology
07-15 20:33:18.806  2054  2054 D MI-SF   : isTpIdleScene ,mAverageFrameRate is 4, 0 
07-15 20:33:18.806  1799  2475 I vendor.qti.hardware.display.composer-service: Sensor: notify citsensorservice to trigger cwb, misForced = 0
07-15 20:33:18.806  2054  2054 D MI-SF   : setIdleFps choose FPS:60, mode:0
07-15 20:33:18.806  3173  3979 I libsensor-parseRGB: request dump start for mRequestDisplayId 0
07-15 20:33:18.806  3173  3979 D vendor.xiaomi.sensor.citsensorservice.aidl: handle id:21 wxh:1536x3200 uwxuh:1440x3200 size: 14745600 fd:17 fd_meta:18 flags:0x228 usage:0x33  format:0x3 layer_count: 1 reserved_size = 0 custom_content_md_reserved_size = 0
07-15 20:33:18.807  2530  2617 I DisplayDeviceRepository: Display device changed render timings: "內建畫面", renderFrameRate=60.000004, presentationDeadlineNanos=16666666, appVsyncOffsetNanos=1000000, frameRateOverrides=[]
07-15 20:33:18.807  1799 26950 D SDM     : HWCSession::PostBuffer: CWB config passed by cwb_client : tappoint 1  CWB_ROI : (738.000000 74.000000 979.000000 315.000000)
07-15 20:33:18.808  2530  2615 D WindowManager: DeferredDisplayUpdater: partially applying DisplayInfo(1440 x 3200) immediately
07-15 20:33:18.808  2530  2615 W DisplayContentStubImpl:  displayMetricsChanged=false physicalDisplayChanged=false displayId=0 newUniqueId=local:4630946540531149187 currentUnique=local:4630946540531149187
07-15 20:33:18.808  2530  2615 D DisplayContentStubImpl: Display{#0 state=ON size=1440x3200 ROTATION_0} isActivityEmbeddingSplitEnable false
07-15 20:33:18.808  2054  2446 E HwcComposer: getLuts failed Status(-129, EX_TRANSACTION_FAILED): 'UNKNOWN_TRANSACTION: '
07-15 20:33:18.808  2530  2615 W InsetsSource: Has no intersection or mTmpFrame.height(), return Insets.NONE mTmpFrame.height() =0 hasIntersection =false
07-15 20:33:18.809  2530  2615 W InsetsSource: Has no intersection or mTmpFrame.height(), return Insets.NONE mTmpFrame.height() =0 hasIntersection =false
07-15 20:33:18.809  2530  2615 W InsetsSource: Has no intersection or mTmpFrame.height(), return Insets.NONE mTmpFrame.height() =0 hasIntersection =false
07-15 20:33:18.809  2530  2615 W InsetsSource: Has no intersection or mTmpFrame.height(), return Insets.NONE mTmpFrame.height() =0 hasIntersection =false
07-15 20:33:18.809  2530  2615 D BarFollowAnimation: pairAppearanceRegionAndWin win=Window{f8cd723 u0 com.pumpmonitor.app/com.pumpmonitor.app.MainActivity} 0
07-15 20:33:18.809  2530  2615 D BarFollowAnimation: isAppTaskBarOnTop win:Window{f8cd723 u0 com.pumpmonitor.app/com.pumpmonitor.app.MainActivity} (mCurrentTopTask:Task{13ac6b7 #32162 type=standard A=10671:com.pumpmonitor.app} : true); (mAssociatedTask:Task{13ac6b7 #32162 type=standard A=10671:com.pumpmonitor.app} : true); (mHomeTask:Task{30a015d #1 type=home} : false); mReparentToOriginParent:false mLastAppBarVisible:true mLastHomeBarVisible:false
07-15 20:33:18.810  2530  2615 D MiuiRefreshRatePolicy: reset
07-15 20:33:18.810  2530  2615 W InsetsSource: Has no intersection or mTmpFrame.height(), return Insets.NONE mTmpFrame.height() =0 hasIntersection =false
07-15 20:33:18.810  2530  2615 W InsetsSource: Has no intersection or mTmpFrame.height(), return Insets.NONE mTmpFrame.height() =0 hasIntersection =false
07-15 20:33:18.811  2039  4251 D AudioFlingerImpl: setGameParameters keyvalue: screen_state=on
07-15 20:33:18.812  1750  3458 D AHAL: AudioDeviceCustom: SetParameters: 134: SetParameters screen_state=on
07-15 20:33:18.812  1750  3458 D CustomInterface: CustomInterfaceSetParameters: enter kvpairs is screen_state=on
07-15 20:33:18.812  1750  3458 D CustomInterface: CustomInterfaceSetParameters: exit
07-15 20:33:18.812  1750  3458 D AHAL: AudioDeviceCustom: SetParameters: 447: AUDIO_MODE_RINGTONE 1 speaker_number  mode 0
07-15 20:33:18.812  1750  3458 D AHAL: AudioDevice: SetParameters: 1763: Enter: kvpairs is screen_state=on
07-15 20:33:18.812  1750  3458 D AHAL: AudioVoice: VoiceSetParameters: 215: Enter params: screen_state=on
07-15 20:33:18.812  1750  3458 D AHAL: AudioVoice: VoiceSetParameters: 682: Exit ret: 0
07-15 20:33:18.812  1750  3458 D AHAL: hfp: hfp_set_parameters: 444: enter
07-15 20:33:18.812  1750  3458 D AHAL: FM: fm_set_parameters: 261: Enter
07-15 20:33:18.812  1750  3458 D AHAL: FM: fm_set_parameters: 319: Exit
07-15 20:33:18.812  1750  3458 D AHAL: AudioDevice: SetParameters: 1834:  - screen = on
07-15 20:33:18.812  1750  3458 D PAL: API: pal_set_param: 1306: Enter: param id 8 (PAL_PARAM_ID_SCREEN_STATE)
07-15 20:33:18.812  1750  3458 D PAL: ResourceManager: setParameter: 11148: Enter param id: 8 (PAL_PARAM_ID_SCREEN_STATE)
07-15 20:33:18.812  1750  3458 I PAL: ResourceManager: setParameter: 11175: Screen State:1
07-15 20:33:18.812  1750  3458 D PAL: ResourceManager: setParameter: 12750: Exit status: 0
07-15 20:33:18.812  1750  3458 D PAL: API: pal_set_param: 1323: Exit, status 0
07-15 20:33:18.812  1750  3458 D AHAL: AudioDevice: SetParameters: 2819: enter fcsam_setParameters_v2
07-15 20:33:18.812  1750  3458 D AHAL: AudioDevice: SetParameters: 2904: Exit: -2
07-15 20:33:18.812  1750  4205 D r_submix: adev_set_parameters() kvpairs='screen_state=on'
07-15 20:33:18.812 28726 28726 W InsetsSource: Has no intersection or mTmpFrame.height(), return Insets.NONE mTmpFrame.height() =0 hasIntersection =false
07-15 20:33:18.812 28726 28726 W InsetsSource: Has no intersection or mTmpFrame.height(), return Insets.NONE mTmpFrame.height() =0 hasIntersection =false
07-15 20:33:18.812 28726 28726 W InsetsSource: Has no intersection or mTmpFrame.height(), return Insets.NONE mTmpFrame.height() =0 hasIntersection =false
07-15 20:33:18.812 28726 28726 W InsetsSource: Has no intersection or mTmpFrame.height(), return Insets.NONE mTmpFrame.height() =0 hasIntersection =false
07-15 20:33:18.812 28726 28726 W InsetsSource: Has no intersection or mTmpFrame.height(), return Insets.NONE mTmpFrame.height() =0 hasIntersection =false
07-15 20:33:18.812 28726 28726 W InsetsSource: Has no intersection or mTmpFrame.height(), return Insets.NONE mTmpFrame.height() =0 hasIntersection =false
07-15 20:33:18.813 29718 29718 W InsetsSource: Has no intersection or mTmpFrame.height(), return Insets.NONE mTmpFrame.height() =0 hasIntersection =false
07-15 20:33:18.813 29718 29718 W InsetsSource: Has no intersection or mTmpFrame.height(), return Insets.NONE mTmpFrame.height() =0 hasIntersection =false
07-15 20:33:18.813 29718 29718 W InsetsSource: Has no intersection or mTmpFrame.height(), return Insets.NONE mTmpFrame.height() =0 hasIntersection =false
07-15 20:33:18.813 29718 29718 W InsetsSource: Has no intersection or mTmpFrame.height(), return Insets.NONE mTmpFrame.height() =0 hasIntersection =false
07-15 20:33:18.813 29718 29718 W InsetsSource: Has no intersection or mTmpFrame.height(), return Insets.NONE mTmpFrame.height() =0 hasIntersection =false
07-15 20:33:18.813 29718 29718 W InsetsSource: Has no intersection or mTmpFrame.height(), return Insets.NONE mTmpFrame.height() =0 hasIntersection =false
07-15 20:33:18.813 29501 30171 W GestureStubView_Left: onDisplayChanged
07-15 20:33:18.813 29501 30171 W GestureStubView_Left: adaptRotation   currentRotation=0   mRotation=0
07-15 20:33:18.813 29501 30171 W GestureStubView_Right: onDisplayChanged
07-15 20:33:18.813 29501 30171 W GestureStubView_Right: adaptRotation   currentRotation=0   mRotation=0
07-15 20:33:18.813 29501 29501 W Launcher: onDisplayChanged: newRotation=0, mCurrentRotation=0
07-15 20:33:18.813  3862  3862 W InsetsSource: Has no intersection or mTmpFrame.height(), return Insets.NONE mTmpFrame.height() =0 hasIntersection =false
07-15 20:33:18.813  3862  3862 W InsetsSource: Has no intersection or mTmpFrame.height(), return Insets.NONE mTmpFrame.height() =0 hasIntersection =false
07-15 20:33:18.813  3862  3862 W InsetsSource: Has no intersection or mTmpFrame.height(), return Insets.NONE mTmpFrame.height() =0 hasIntersection =false
07-15 20:33:18.813  3862  3862 W InsetsSource: Has no intersection or mTmpFrame.height(), return Insets.NONE mTmpFrame.height() =0 hasIntersection =false
07-15 20:33:18.813  3862  3862 W InsetsSource: Has no intersection or mTmpFrame.height(), return Insets.NONE mTmpFrame.height() =0 hasIntersection =false
